Archive member included to satisfy reference by file (symbol)

/opt/st/stm32cubeide_1.10.1/plugins/com.st.stm32cube.ide.mcu.externaltools.gnu-tools-for-stm32.10.3-2021.10.linux64_1.0.0.202111181127/tools/bin/../lib/gcc/arm-none-eabi/10.3.1/../../../../arm-none-eabi/lib/thumb/v7e-m+dp/hard/libstdc++_nano.a(pure.o)
                              ./Core/Src/mainpp.o (__cxa_pure_virtual)
/opt/st/stm32cubeide_1.10.1/plugins/com.st.stm32cube.ide.mcu.externaltools.gnu-tools-for-stm32.10.3-2021.10.linux64_1.0.0.202111181127/tools/bin/../lib/gcc/arm-none-eabi/10.3.1/../../../../arm-none-eabi/lib/thumb/v7e-m+dp/hard/libstdc++_nano.a(eh_terminate.o)
                              /opt/st/stm32cubeide_1.10.1/plugins/com.st.stm32cube.ide.mcu.externaltools.gnu-tools-for-stm32.10.3-2021.10.linux64_1.0.0.202111181127/tools/bin/../lib/gcc/arm-none-eabi/10.3.1/../../../../arm-none-eabi/lib/thumb/v7e-m+dp/hard/libstdc++_nano.a(pure.o) (std::terminate())
/opt/st/stm32cubeide_1.10.1/plugins/com.st.stm32cube.ide.mcu.externaltools.gnu-tools-for-stm32.10.3-2021.10.linux64_1.0.0.202111181127/tools/bin/../lib/gcc/arm-none-eabi/10.3.1/../../../../arm-none-eabi/lib/thumb/v7e-m+dp/hard/libstdc++_nano.a(eh_unex_handler.o)
                              /opt/st/stm32cubeide_1.10.1/plugins/com.st.stm32cube.ide.mcu.externaltools.gnu-tools-for-stm32.10.3-2021.10.linux64_1.0.0.202111181127/tools/bin/../lib/gcc/arm-none-eabi/10.3.1/../../../../arm-none-eabi/lib/thumb/v7e-m+dp/hard/libstdc++_nano.a(eh_terminate.o) (__cxxabiv1::__unexpected_handler)
/opt/st/stm32cubeide_1.10.1/plugins/com.st.stm32cube.ide.mcu.externaltools.gnu-tools-for-stm32.10.3-2021.10.linux64_1.0.0.202111181127/tools/bin/../lib/gcc/arm-none-eabi/10.3.1/../../../../arm-none-eabi/lib/thumb/v7e-m+dp/hard/libstdc++_nano.a(eh_term_handler.o)
                              /opt/st/stm32cubeide_1.10.1/plugins/com.st.stm32cube.ide.mcu.externaltools.gnu-tools-for-stm32.10.3-2021.10.linux64_1.0.0.202111181127/tools/bin/../lib/gcc/arm-none-eabi/10.3.1/../../../../arm-none-eabi/lib/thumb/v7e-m+dp/hard/libstdc++_nano.a(eh_terminate.o) (__cxxabiv1::__terminate_handler)
/opt/st/stm32cubeide_1.10.1/plugins/com.st.stm32cube.ide.mcu.externaltools.gnu-tools-for-stm32.10.3-2021.10.linux64_1.0.0.202111181127/tools/bin/../lib/gcc/arm-none-eabi/10.3.1/../../../../arm-none-eabi/lib/thumb/v7e-m+dp/hard/libc_nano.a(lib_a-abort.o)
                              /opt/st/stm32cubeide_1.10.1/plugins/com.st.stm32cube.ide.mcu.externaltools.gnu-tools-for-stm32.10.3-2021.10.linux64_1.0.0.202111181127/tools/bin/../lib/gcc/arm-none-eabi/10.3.1/../../../../arm-none-eabi/lib/thumb/v7e-m+dp/hard/libstdc++_nano.a(eh_terminate.o) (abort)
/opt/st/stm32cubeide_1.10.1/plugins/com.st.stm32cube.ide.mcu.externaltools.gnu-tools-for-stm32.10.3-2021.10.linux64_1.0.0.202111181127/tools/bin/../lib/gcc/arm-none-eabi/10.3.1/../../../../arm-none-eabi/lib/thumb/v7e-m+dp/hard/libc_nano.a(lib_a-errno.o)
                              ./Core/Src/syscalls.o (__errno)
/opt/st/stm32cubeide_1.10.1/plugins/com.st.stm32cube.ide.mcu.externaltools.gnu-tools-for-stm32.10.3-2021.10.linux64_1.0.0.202111181127/tools/bin/../lib/gcc/arm-none-eabi/10.3.1/../../../../arm-none-eabi/lib/thumb/v7e-m+dp/hard/libc_nano.a(lib_a-exit.o)
                              /opt/st/stm32cubeide_1.10.1/plugins/com.st.stm32cube.ide.mcu.externaltools.gnu-tools-for-stm32.10.3-2021.10.linux64_1.0.0.202111181127/tools/bin/../lib/gcc/arm-none-eabi/10.3.1/../../../../arm-none-eabi/lib/thumb/v7e-m+dp/hard/crt0.o (exit)
/opt/st/stm32cubeide_1.10.1/plugins/com.st.stm32cube.ide.mcu.externaltools.gnu-tools-for-stm32.10.3-2021.10.linux64_1.0.0.202111181127/tools/bin/../lib/gcc/arm-none-eabi/10.3.1/../../../../arm-none-eabi/lib/thumb/v7e-m+dp/hard/libc_nano.a(lib_a-impure.o)
                              /opt/st/stm32cubeide_1.10.1/plugins/com.st.stm32cube.ide.mcu.externaltools.gnu-tools-for-stm32.10.3-2021.10.linux64_1.0.0.202111181127/tools/bin/../lib/gcc/arm-none-eabi/10.3.1/../../../../arm-none-eabi/lib/thumb/v7e-m+dp/hard/libc_nano.a(lib_a-exit.o) (_global_impure_ptr)
/opt/st/stm32cubeide_1.10.1/plugins/com.st.stm32cube.ide.mcu.externaltools.gnu-tools-for-stm32.10.3-2021.10.linux64_1.0.0.202111181127/tools/bin/../lib/gcc/arm-none-eabi/10.3.1/../../../../arm-none-eabi/lib/thumb/v7e-m+dp/hard/libc_nano.a(lib_a-init.o)
                              /opt/st/stm32cubeide_1.10.1/plugins/com.st.stm32cube.ide.mcu.externaltools.gnu-tools-for-stm32.10.3-2021.10.linux64_1.0.0.202111181127/tools/bin/../lib/gcc/arm-none-eabi/10.3.1/../../../../arm-none-eabi/lib/thumb/v7e-m+dp/hard/crt0.o (__libc_init_array)
/opt/st/stm32cubeide_1.10.1/plugins/com.st.stm32cube.ide.mcu.externaltools.gnu-tools-for-stm32.10.3-2021.10.linux64_1.0.0.202111181127/tools/bin/../lib/gcc/arm-none-eabi/10.3.1/../../../../arm-none-eabi/lib/thumb/v7e-m+dp/hard/libc_nano.a(lib_a-memcpy-stub.o)
                              ./Core/Src/mainpp.o (memcpy)
[...]
Memory Configuration

Name             Origin             Length             Attributes
ITCMRAM          0x0000000000000000 0x0000000000010000 xrw
DTCMRAM          0x0000000020000000 0x0000000000020000 xrw
FLASH            0x0000000008000000 0x0000000000100000 xr
RAM_D1           0x0000000024000000 0x0000000000050000 xrw
RAM_D2           0x0000000030000000 0x0000000000008000 xrw
RAM_D3           0x0000000038000000 0x0000000000004000 xrw
*default*        0x0000000000000000 0xffffffffffffffff

Linker script and memory map

LOAD /opt/st/stm32cubeide_1.10.1/plugins/com.st.stm32cube.ide.mcu.externaltools.gnu-tools-for-stm32.10.3-2021.10.linux64_1.0.0.202111181127/tools/bin/../lib/gcc/arm-none-eabi/10.3.1/thumb/v7e-m+dp/hard/crti.o
LOAD /opt/st/stm32cubeide_1.10.1/plugins/com.st.stm32cube.ide.mcu.externaltools.gnu-tools-for-stm32.10.3-2021.10.linux64_1.0.0.202111181127/tools/bin/../lib/gcc/arm-none-eabi/10.3.1/thumb/v7e-m+dp/hard/crtbegin.o
LOAD /opt/st/stm32cubeide_1.10.1/plugins/com.st.stm32cube.ide.mcu.externaltools.gnu-tools-for-stm32.10.3-2021.10.linux64_1.0.0.202111181127/tools/bin/../lib/gcc/arm-none-eabi/10.3.1/../../../../arm-none-eabi/lib/thumb/v7e-m+dp/hard/crt0.o
LOAD ./Core/Inc/duration.o
LOAD ./Core/Inc/time.o
LOAD ./Core/Src/main.o
LOAD ./Core/Src/mainpp.o
LOAD ./Core/Src/stm32h7xx_hal_msp.o
LOAD ./Core/Src/stm32h7xx_it.o
LOAD ./Core/Src/syscalls.o
LOAD ./Core/Src/sysmem.o
LOAD ./Core/Src/system_stm32h7xx.o
LOAD ./Core/Startup/startup_stm32h723zgtx.o
LOAD ./Drivers/STM32H7xx_HAL_Driver/Src/stm32h7xx_hal.o
LOAD ./Drivers/STM32H7xx_HAL_Driver/Src/stm32h7xx_hal_cortex.o
LOAD ./Drivers/STM32H7xx_HAL_Driver/Src/stm32h7xx_hal_dma.o
LOAD ./Drivers/STM32H7xx_HAL_Driver/Src/stm32h7xx_hal_dma_ex.o
LOAD ./Drivers/STM32H7xx_HAL_Driver/Src/stm32h7xx_hal_exti.o
LOAD ./Drivers/STM32H7xx_HAL_Driver/Src/stm32h7xx_hal_flash.o
LOAD ./Drivers/STM32H7xx_HAL_Driver/Src/stm32h7xx_hal_flash_ex.o
LOAD ./Drivers/STM32H7xx_HAL_Driver/Src/stm32h7xx_hal_gpio.o
LOAD ./Drivers/STM32H7xx_HAL_Driver/Src/stm32h7xx_hal_hsem.o
LOAD ./Drivers/STM32H7xx_HAL_Driver/Src/stm32h7xx_hal_i2c.o
LOAD ./Drivers/STM32H7xx_HAL_Driver/Src/stm32h7xx_hal_i2c_ex.o
LOAD ./Drivers/STM32H7xx_HAL_Driver/Src/stm32h7xx_hal_mdma.o
LOAD ./Drivers/STM32H7xx_HAL_Driver/Src/stm32h7xx_hal_pwr.o
LOAD ./Drivers/STM32H7xx_HAL_Driver/Src/stm32h7xx_hal_pwr_ex.o
LOAD ./Drivers/STM32H7xx_HAL_Driver/Src/stm32h7xx_hal_rcc.o
LOAD ./Drivers/STM32H7xx_HAL_Driver/Src/stm32h7xx_hal_rcc_ex.o
LOAD ./Drivers/STM32H7xx_HAL_Driver/Src/stm32h7xx_hal_tim.o
LOAD ./Drivers/STM32H7xx_HAL_Driver/Src/stm32h7xx_hal_tim_ex.o
LOAD ./Drivers/STM32H7xx_HAL_Driver/Src/stm32h7xx_hal_uart.o
LOAD ./Drivers/STM32H7xx_HAL_Driver/Src/stm32h7xx_hal_uart_ex.o
START GROUP
LOAD /opt/st/stm32cubeide_1.10.1/plugins/com.st.stm32cube.ide.mcu.externaltools.gnu-tools-for-stm32.10.3-2021.10.linux64_1.0.0.202111181127/tools/bin/../lib/gcc/arm-none-eabi/10.3.1/../../../../arm-none-eabi/lib/thumb/v7e-m+dp/hard/libstdc++_nano.a
LOAD /opt/st/stm32cubeide_1.10.1/plugins/com.st.stm32cube.ide.mcu.externaltools.gnu-tools-for-stm32.10.3-2021.10.linux64_1.0.0.202111181127/tools/bin/../lib/gcc/arm-none-eabi/10.3.1/../../../../arm-none-eabi/lib/thumb/v7e-m+dp/hard/libsupc++_nano.a
END GROUP
LOAD /opt/st/stm32cubeide_1.10.1/plugins/com.st.stm32cube.ide.mcu.externaltools.gnu-tools-for-stm32.10.3-2021.10.linux64_1.0.0.202111181127/tools/bin/../lib/gcc/arm-none-eabi/10.3.1/../../../../arm-none-eabi/lib/thumb/v7e-m+dp/hard/libstdc++_nano.a
LOAD /opt/st/stm32cubeide_1.10.1/plugins/com.st.stm32cube.ide.mcu.externaltools.gnu-tools-for-stm32.10.3-2021.10.linux64_1.0.0.202111181127/tools/bin/../lib/gcc/arm-none-eabi/10.3.1/../../../../arm-none-eabi/lib/thumb/v7e-m+dp/hard/libm.a
LOAD /opt/st/stm32cubeide_1.10.1/plugins/com.st.stm32cube.ide.mcu.externaltools.gnu-tools-for-stm32.10.3-2021.10.linux64_1.0.0.202111181127/tools/bin/../lib/gcc/arm-none-eabi/10.3.1/../../../../arm-none-eabi/lib/thumb/v7e-m+dp/hard/libc_nano.a
START GROUP
LOAD /opt/st/stm32cubeide_1.10.1/plugins/com.st.stm32cube.ide.mcu.externaltools.gnu-tools-for-stm32.10.3-2021.10.linux64_1.0.0.202111181127/tools/bin/../lib/gcc/arm-none-eabi/10.3.1/thumb/v7e-m+dp/hard/libgcc.a
LOAD /opt/st/stm32cubeide_1.10.1/plugins/com.st.stm32cube.ide.mcu.externaltools.gnu-tools-for-stm32.10.3-2021.10.linux64_1.0.0.202111181127/tools/bin/../lib/gcc/arm-none-eabi/10.3.1/../../../../arm-none-eabi/lib/thumb/v7e-m+dp/hard/libc_nano.a
END GROUP
START GROUP
LOAD /opt/st/stm32cubeide_1.10.1/plugins/com.st.stm32cube.ide.mcu.externaltools.gnu-tools-for-stm32.10.3-2021.10.linux64_1.0.0.202111181127/tools/bin/../lib/gcc/arm-none-eabi/10.3.1/thumb/v7e-m+dp/hard/libgcc.a
LOAD /opt/st/stm32cubeide_1.10.1/plugins/com.st.stm32cube.ide.mcu.externaltools.gnu-tools-for-stm32.10.3-2021.10.linux64_1.0.0.202111181127/tools/bin/../lib/gcc/arm-none-eabi/10.3.1/../../../../arm-none-eabi/lib/thumb/v7e-m+dp/hard/libc_nano.a
END GROUP
LOAD /opt/st/stm32cubeide_1.10.1/plugins/com.st.stm32cube.ide.mcu.externaltools.gnu-tools-for-stm32.10.3-2021.10.linux64_1.0.0.202111181127/tools/bin/../lib/gcc/arm-none-eabi/10.3.1/thumb/v7e-m+dp/hard/crtend.o
LOAD /opt/st/stm32cubeide_1.10.1/plugins/com.st.stm32cube.ide.mcu.externaltools.gnu-tools-for-stm32.10.3-2021.10.linux64_1.0.0.202111181127/tools/bin/../lib/gcc/arm-none-eabi/10.3.1/thumb/v7e-m+dp/hard/crtn.o
                0x0000000024050000                _estack = (ORIGIN (RAM_D1) + LENGTH (RAM_D1))
                0x0000000000000200                _Min_Heap_Size = 0x200
                0x0000000000000400                _Min_Stack_Size = 0x400

.isr_vector     0x0000000008000000      0x2cc
                0x0000000008000000                . = ALIGN (0x4)
 *(.isr_vector)
 .isr_vector    0x0000000008000000      0x2cc ./Core/Startup/startup_stm32h723zgtx.o
                0x0000000008000000                g_pfnVectors
                0x00000000080002cc                . = ALIGN (0x4)

.text           0x00000000080002d0     0xeba8
                0x00000000080002d0                . = ALIGN (0x4)
 *(.text)
 .text          0x00000000080002d0       0x40 /opt/st/stm32cubeide_1.10.1/plugins/com.st.stm32cube.ide.mcu.externaltools.gnu-tools-for-stm32.10.3-2021.10.linux64_1.0.0.202111181127/tools/bin/../lib/gcc/arm-none-eabi/10.3.1/thumb/v7e-m+dp/hard/crtbegin.o
 .text          0x0000000008000310       0x10 /opt/st/stm32cubeide_1.10.1/plugins/com.st.stm32cube.ide.mcu.externaltools.gnu-tools-for-stm32.10.3-2021.10.linux64_1.0.0.202111181127/tools/bin/../lib/gcc/arm-none-eabi/10.3.1/../../../../arm-none-eabi/lib/thumb/v7e-m+dp/hard/libc_nano.a(lib_a-strlen.o)
                0x0000000008000310                strlen
 .text          0x0000000008000320       0x30 /opt/st/stm32cubeide_1.10.1/plugins/com.st.stm32cube.ide.mcu.externaltools.gnu-tools-for-stm32.10.3-2021.10.linux64_1.0.0.202111181127/tools/bin/../lib/gcc/arm-none-eabi/10.3.1/thumb/v7e-m+dp/hard/libgcc.a(_aeabi_uldivmod.o)
                0x0000000008000320                __aeabi_uldivmod
 .text          0x0000000008000350      0x2d0 /opt/st/stm32cubeide_1.10.1/plugins/com.st.stm32cube.ide.mcu.externaltools.gnu-tools-for-stm32.10.3-2021.10.linux64_1.0.0.202111181127/tools/bin/../lib/gcc/arm-none-eabi/10.3.1/thumb/v7e-m+dp/hard/libgcc.a(_udivmoddi4.o)
                0x0000000008000350                __udivmoddi4
 .text          0x0000000008000620        0x4 /opt/st/stm32cubeide_1.10.1/plugins/com.st.stm32cube.ide.mcu.externaltools.gnu-tools-for-stm32.10.3-2021.10.linux64_1.0.0.202111181127/tools/bin/../lib/gcc/arm-none-eabi/10.3.1/thumb/v7e-m+dp/hard/libgcc.a(_dvmd_tls.o)
                0x0000000008000620                __aeabi_ldiv0
                0x0000000008000620                __aeabi_idiv0
 *(.text*)
 .text._ZN3ros16normalizeSecNSecERmS0_
                0x0000000008000624       0x58 ./Core/Inc/time.o
                0x0000000008000624                ros::normalizeSecNSec(unsigned long&, unsigned long&)
 *fill*         0x000000000800067c        0x4 
 .text.main     0x0000000008000680      0x330 ./Core/Src/main.o
                0x0000000008000680                main
 .text.SystemClock_Config
                0x00000000080009b0       0xdc ./Core/Src/main.o
                0x00000000080009b0                SystemClock_Config
 .text.MX_TIM1_Init
                0x0000000008000a8c      0x120 ./Core/Src/main.o
 .text.MX_TIM2_Init
                0x0000000008000bac       0x9c ./Core/Src/main.o
 .text.MX_TIM3_Init
                0x0000000008000c48       0xac ./Core/Src/main.o
 .text.MX_TIM4_Init
                0x0000000008000cf4       0xb8 ./Core/Src/main.o
 .text.MX_TIM5_Init
                0x0000000008000dac       0xb8 ./Core/Src/main.o
 .text.MX_TIM6_Init
                0x0000000008000e64       0x80 ./Core/Src/main.o
 .text.MX_TIM7_Init
                0x0000000008000ee4       0x6c ./Core/Src/main.o
 .text.MX_TIM8_Init
                0x0000000008000f50       0xb4 ./Core/Src/main.o
 .text.MX_TIM15_Init
                0x0000000008001004      0x110 ./Core/Src/main.o
 .text.MX_TIM23_Init
                0x0000000008001114       0xac ./Core/Src/main.o
 .text.MX_TIM24_Init
                0x00000000080011c0       0xac ./Core/Src/main.o
 .text.MX_USART3_UART_Init
                0x000000000800126c       0x98 ./Core/Src/main.o
 .text.MX_DMA_Init
                0x0000000008001304       0x50 ./Core/Src/main.o
 .text.MX_GPIO_Init
                0x0000000008001354      0x2f8 ./Core/Src/main.o
 *fill*         0x000000000800164c        0x4 
 .text.HAL_TIM_PeriodElapsedCallback
                0x0000000008001650      0x768 ./Core/Src/main.o
                0x0000000008001650                HAL_TIM_PeriodElapsedCallback
 .text.Error_Handler
                0x0000000008001db8        0xa ./Core/Src/main.o
                0x0000000008001db8                Error_Handler
 .text._ZN3ros4TimeC2Ev
                0x0000000008001dc2       0x22 ./Core/Src/mainpp.o
                0x0000000008001dc2                ros::Time::Time()
                0x0000000008001dc2                ros::Time::Time()
 .text._ZN3ros3MsgC2Ev
                0x0000000008001de4       0x20 ./Core/Src/mainpp.o
                0x0000000008001de4                ros::Msg::Msg()
                0x0000000008001de4                ros::Msg::Msg()
 .text._ZN8std_msgs4TimeC2Ev
                0x0000000008001e04       0x30 ./Core/Src/mainpp.o
                0x0000000008001e04                std_msgs::Time::Time()
                0x0000000008001e04                std_msgs::Time::Time()
 .text._ZNK8std_msgs4Time9serializeEPh
                0x0000000008001e34       0xb0 ./Core/Src/mainpp.o
                0x0000000008001e34                std_msgs::Time::serialize(unsigned char*) const
 .text._ZN8std_msgs4Time11deserializeEPh
                0x0000000008001ee4       0xc8 ./Core/Src/mainpp.o
                0x0000000008001ee4                std_msgs::Time::deserialize(unsigned char*)
 .text._ZN8std_msgs4Time7getTypeEv
                0x0000000008001fac       0x1c ./Core/Src/mainpp.o
                0x0000000008001fac                std_msgs::Time::getType()
 .text._ZN8std_msgs4Time6getMD5Ev
                0x0000000008001fc8       0x1c ./Core/Src/mainpp.o
                0x0000000008001fc8                std_msgs::Time::getMD5()
 .text._ZN14rosserial_msgs9TopicInfoC2Ev
                0x0000000008001fe4       0x48 ./Core/Src/mainpp.o
                0x0000000008001fe4                rosserial_msgs::TopicInfo::TopicInfo()
                0x0000000008001fe4                rosserial_msgs::TopicInfo::TopicInfo()
 .text._ZNK14rosserial_msgs9TopicInfo9serializeEPh
                0x000000000800202c      0x136 ./Core/Src/mainpp.o
                0x000000000800202c                rosserial_msgs::TopicInfo::serialize(unsigned char*) const
 .text._ZN14rosserial_msgs9TopicInfo11deserializeEPh
                0x0000000008002162      0x1d0 ./Core/Src/mainpp.o
                0x0000000008002162                rosserial_msgs::TopicInfo::deserialize(unsigned char*)
 *fill*         0x0000000008002332        0x2 
 .text._ZN14rosserial_msgs9TopicInfo7getTypeEv
                0x0000000008002334       0x1c ./Core/Src/mainpp.o
                0x0000000008002334                rosserial_msgs::TopicInfo::getType()
 .text._ZN14rosserial_msgs9TopicInfo6getMD5Ev
                0x0000000008002350       0x1c ./Core/Src/mainpp.o
                0x0000000008002350                rosserial_msgs::TopicInfo::getMD5()
 .text._ZN14rosserial_msgs3LogC2Ev
                0x000000000800236c       0x34 ./Core/Src/mainpp.o
                0x000000000800236c                rosserial_msgs::Log::Log()
                0x000000000800236c                rosserial_msgs::Log::Log()
 .text._ZNK14rosserial_msgs3Log9serializeEPh
                0x00000000080023a0       0x64 ./Core/Src/mainpp.o
                0x00000000080023a0                rosserial_msgs::Log::serialize(unsigned char*) const
 .text._ZN14rosserial_msgs3Log11deserializeEPh
                0x0000000008002404       0x90 ./Core/Src/mainpp.o
                0x0000000008002404                rosserial_msgs::Log::deserialize(unsigned char*)
 .text._ZN14rosserial_msgs3Log7getTypeEv
                0x0000000008002494       0x1c ./Core/Src/mainpp.o
                0x0000000008002494                rosserial_msgs::Log::getType()
 .text._ZN14rosserial_msgs3Log6getMD5Ev
                0x00000000080024b0       0x1c ./Core/Src/mainpp.o
                0x00000000080024b0                rosserial_msgs::Log::getMD5()
 .text._ZN14rosserial_msgs20RequestParamResponseC2Ev
                0x00000000080024cc       0x48 ./Core/Src/mainpp.o
                0x00000000080024cc                rosserial_msgs::RequestParamResponse::RequestParamResponse()
                0x00000000080024cc                rosserial_msgs::RequestParamResponse::RequestParamResponse()
 .text._ZNK14rosserial_msgs20RequestParamResponse9serializeEPh
                0x0000000008002514      0x222 ./Core/Src/mainpp.o
                0x0000000008002514                rosserial_msgs::RequestParamResponse::serialize(unsigned char*) const
 .text._ZN14rosserial_msgs20RequestParamResponse11deserializeEPh
                0x0000000008002736      0x2e2 ./Core/Src/mainpp.o
                0x0000000008002736                rosserial_msgs::RequestParamResponse::deserialize(unsigned char*)
 .text._ZN14rosserial_msgs20RequestParamResponse7getTypeEv
                0x0000000008002a18       0x1c ./Core/Src/mainpp.o
                0x0000000008002a18                rosserial_msgs::RequestParamResponse::getType()
 .text._ZN14rosserial_msgs20RequestParamResponse6getMD5Ev
                0x0000000008002a34       0x1c ./Core/Src/mainpp.o
                0x0000000008002a34                rosserial_msgs::RequestParamResponse::getMD5()
 .text._ZN3ros9PublisherC2EPKcPNS_3MsgEi
                0x0000000008002a50       0x2e ./Core/Src/mainpp.o
                0x0000000008002a50                ros::Publisher::Publisher(char const*, ros::Msg*, int)
                0x0000000008002a50                ros::Publisher::Publisher(char const*, ros::Msg*, int)
 .text._ZN3ros9Publisher15getEndpointTypeEv
                0x0000000008002a7e       0x18 ./Core/Src/mainpp.o
                0x0000000008002a7e                ros::Publisher::getEndpointType()
 *fill*         0x0000000008002a96        0x2 
 .text._ZN13STM32Hardware10getRdmaIndEv
                0x0000000008002a98      0x15c ./Core/Src/mainpp.o
                0x0000000008002a98                STM32Hardware::getRdmaInd()
 .text._ZN13STM32HardwareC2Ev
                0x0000000008002bf4       0x40 ./Core/Src/mainpp.o
                0x0000000008002bf4                STM32Hardware::STM32Hardware()
                0x0000000008002bf4                STM32Hardware::STM32Hardware()
 .text._ZN13STM32Hardware4initEv
                0x0000000008002c34       0x16 ./Core/Src/mainpp.o
                0x0000000008002c34                STM32Hardware::init()
 .text._ZN13STM32Hardware10reset_rbufEv
                0x0000000008002c4a       0x22 ./Core/Src/mainpp.o
                0x0000000008002c4a                STM32Hardware::reset_rbuf()
 .text._ZN13STM32Hardware4readEv
                0x0000000008002c6c       0x5a ./Core/Src/mainpp.o
                0x0000000008002c6c                STM32Hardware::read()
 *fill*         0x0000000008002cc6        0x2 
 .text._ZN13STM32Hardware5flushEv
                0x0000000008002cc8       0xcc ./Core/Src/mainpp.o
                0x0000000008002cc8                STM32Hardware::flush()
 .text._ZN13STM32Hardware5writeEPhi
                0x0000000008002d94       0x94 ./Core/Src/mainpp.o
                0x0000000008002d94                STM32Hardware::write(unsigned char*, int)
 .text._ZN13STM32Hardware4timeEv
                0x0000000008002e28       0x16 ./Core/Src/mainpp.o
                0x0000000008002e28                STM32Hardware::time()
 *fill*         0x0000000008002e3e        0x2 
 .text._ZN8std_msgs5Int64C2Ev
                0x0000000008002e40       0x34 ./Core/Src/mainpp.o
                0x0000000008002e40                std_msgs::Int64::Int64()
                0x0000000008002e40                std_msgs::Int64::Int64()
 .text._ZNK8std_msgs5Int649serializeEPh
                0x0000000008002e74      0x10a ./Core/Src/mainpp.o
                0x0000000008002e74                std_msgs::Int64::serialize(unsigned char*) const
 .text._ZN8std_msgs5Int6411deserializeEPh
                0x0000000008002f7e      0x206 ./Core/Src/mainpp.o
                0x0000000008002f7e                std_msgs::Int64::deserialize(unsigned char*)
 .text._ZN8std_msgs5Int647getTypeEv
                0x0000000008003184       0x1c ./Core/Src/mainpp.o
                0x0000000008003184                std_msgs::Int64::getType()
 .text._ZN8std_msgs5Int646getMD5Ev
                0x00000000080031a0       0x1c ./Core/Src/mainpp.o
                0x00000000080031a0                std_msgs::Int64::getMD5()
 .text._ZN13geometry_msgs7Vector3C2Ev
                0x00000000080031bc       0x50 ./Core/Src/mainpp.o
                0x00000000080031bc                geometry_msgs::Vector3::Vector3()
                0x00000000080031bc                geometry_msgs::Vector3::Vector3()
 .text._ZNK13geometry_msgs7Vector39serializeEPh
                0x000000000800320c      0x2e6 ./Core/Src/mainpp.o
                0x000000000800320c                geometry_msgs::Vector3::serialize(unsigned char*) const
 .text._ZN13geometry_msgs7Vector311deserializeEPh
                0x00000000080034f2      0x6be ./Core/Src/mainpp.o
                0x00000000080034f2                geometry_msgs::Vector3::deserialize(unsigned char*)
 .text._ZN13geometry_msgs7Vector37getTypeEv
                0x0000000008003bb0       0x1c ./Core/Src/mainpp.o
                0x0000000008003bb0                geometry_msgs::Vector3::getType()
 .text._ZN13geometry_msgs7Vector36getMD5Ev
                0x0000000008003bcc       0x1c ./Core/Src/mainpp.o
                0x0000000008003bcc                geometry_msgs::Vector3::getMD5()
 .text._ZN13geometry_msgs5TwistC2Ev
                0x0000000008003be8       0x38 ./Core/Src/mainpp.o
                0x0000000008003be8                geometry_msgs::Twist::Twist()
                0x0000000008003be8                geometry_msgs::Twist::Twist()
 .text._ZNK13geometry_msgs5Twist9serializeEPh
                0x0000000008003c20       0x4c ./Core/Src/mainpp.o
                0x0000000008003c20                geometry_msgs::Twist::serialize(unsigned char*) const
 .text._ZN13geometry_msgs5Twist11deserializeEPh
                0x0000000008003c6c       0x4c ./Core/Src/mainpp.o
                0x0000000008003c6c                geometry_msgs::Twist::deserialize(unsigned char*)
 .text._ZN13geometry_msgs5Twist7getTypeEv
                0x0000000008003cb8       0x1c ./Core/Src/mainpp.o
                0x0000000008003cb8                geometry_msgs::Twist::getType()
 .text._ZN13geometry_msgs5Twist6getMD5Ev
                0x0000000008003cd4       0x1c ./Core/Src/mainpp.o
                0x0000000008003cd4                geometry_msgs::Twist::getMD5()
 .text._Z10sub_vel_cbRKN13geometry_msgs5TwistE
                0x0000000008003cf0       0x44 ./Core/Src/mainpp.o
                0x0000000008003cf0                sub_vel_cb(geometry_msgs::Twist const&)
 .text._Z8callbackRKN8std_msgs5Int64E
                0x0000000008003d34       0x24 ./Core/Src/mainpp.o
                0x0000000008003d34                callback(std_msgs::Int64 const&)
 .text.HAL_UART_TxCpltCallback
                0x0000000008003d58       0x24 ./Core/Src/mainpp.o
                0x0000000008003d58                HAL_UART_TxCpltCallback
 .text.HAL_UART_RxCpltCallback
                0x0000000008003d7c       0x24 ./Core/Src/mainpp.o
                0x0000000008003d7c                HAL_UART_RxCpltCallback
 .text.setup    0x0000000008003da0       0x2c ./Core/Src/mainpp.o
                0x0000000008003da0                setup
 .text.loop     0x0000000008003dcc       0x14 ./Core/Src/mainpp.o
                0x0000000008003dcc                loop
 .text._ZN3ros3Msg8varToArrIPhmEEvT_T0_
                0x0000000008003de0       0x3c ./Core/Src/mainpp.o
                0x0000000008003de0                void ros::Msg::varToArr<unsigned char*, unsigned long>(unsigned char*, unsigned long)
 .text._ZN3ros3Msg8arrToVarImPhEEvRT_T0_
                0x0000000008003e1c       0x4a ./Core/Src/mainpp.o
                0x0000000008003e1c                void ros::Msg::arrToVar<unsigned long, unsigned char*>(unsigned long&, unsigned char*)
 *fill*         0x0000000008003e66        0x2 
 .text._ZN3ros15NodeHandleBase_C2Ev
                0x0000000008003e68       0x20 ./Core/Src/mainpp.o
                0x0000000008003e68                ros::NodeHandleBase_::NodeHandleBase_()
                0x0000000008003e68                ros::NodeHandleBase_::NodeHandleBase_()
 .text._ZN3ros11NodeHandle_I13STM32HardwareLi25ELi25ELi512ELi512EEC2Ev
                0x0000000008003e88      0x134 ./Core/Src/mainpp.o
                0x0000000008003e88                ros::NodeHandle_<STM32Hardware, 25, 25, 512, 512>::NodeHandle_()
                0x0000000008003e88                ros::NodeHandle_<STM32Hardware, 25, 25, 512, 512>::NodeHandle_()
 .text._ZN3ros11Subscriber_C2Ev
                0x0000000008003fbc       0x20 ./Core/Src/mainpp.o
                0x0000000008003fbc                ros::Subscriber_::Subscriber_()
                0x0000000008003fbc                ros::Subscriber_::Subscriber_()
 .text._ZN3ros10SubscriberIN13geometry_msgs5TwistEvEC2EPKcPFvRKS2_Ei
                0x0000000008003fdc       0x48 ./Core/Src/mainpp.o
                0x0000000008003fdc                ros::Subscriber<geometry_msgs::Twist, void>::Subscriber(char const*, void (*)(geometry_msgs::Twist const&), int)
                0x0000000008003fdc                ros::Subscriber<geometry_msgs::Twist, void>::Subscriber(char const*, void (*)(geometry_msgs::Twist const&), int)
 .text._ZN3ros10SubscriberIN8std_msgs5Int64EvEC2EPKcPFvRKS2_Ei
                0x0000000008004024       0x48 ./Core/Src/mainpp.o
                0x0000000008004024                ros::Subscriber<std_msgs::Int64, void>::Subscriber(char const*, void (*)(std_msgs::Int64 const&), int)
                0x0000000008004024                ros::Subscriber<std_msgs::Int64, void>::Subscriber(char const*, void (*)(std_msgs::Int64 const&), int)
 .text._ZN3ros11NodeHandle_I13STM32HardwareLi25ELi25ELi512ELi512EE11getHardwareEv
                0x000000000800406c       0x18 ./Core/Src/mainpp.o
                0x000000000800406c                ros::NodeHandle_<STM32Hardware, 25, 25, 512, 512>::getHardware()
 .text._ZN3ros11NodeHandle_I13STM32HardwareLi25ELi25ELi512ELi512EE8initNodeEv
                0x0000000008004084       0x52 ./Core/Src/mainpp.o
                0x0000000008004084                ros::NodeHandle_<STM32Hardware, 25, 25, 512, 512>::initNode()
 .text._ZN3ros11NodeHandle_I13STM32HardwareLi25ELi25ELi512ELi512EE9subscribeINS_10SubscriberIN13geometry_msgs5TwistEvEEEEbRT_
                0x00000000080040d6       0x56 ./Core/Src/mainpp.o
                0x00000000080040d6                bool ros::NodeHandle_<STM32Hardware, 25, 25, 512, 512>::subscribe<ros::Subscriber<geometry_msgs::Twist, void> >(ros::Subscriber<geometry_msgs::Twist, void>&)
 .text._ZN3ros11NodeHandle_I13STM32HardwareLi25ELi25ELi512ELi512EE9subscribeINS_10SubscriberIN8std_msgs5Int64EvEEEEbRT_
                0x000000000800412c       0x56 ./Core/Src/mainpp.o
                0x000000000800412c                bool ros::NodeHandle_<STM32Hardware, 25, 25, 512, 512>::subscribe<ros::Subscriber<std_msgs::Int64, void> >(ros::Subscriber<std_msgs::Int64, void>&)
 .text._ZN3ros11NodeHandle_I13STM32HardwareLi25ELi25ELi512ELi512EE8spinOnceEv
                0x0000000008004182      0x4f0 ./Core/Src/mainpp.o
                0x0000000008004182                ros::NodeHandle_<STM32Hardware, 25, 25, 512, 512>::spinOnce()
 .text._ZN3ros11NodeHandle_I13STM32HardwareLi25ELi25ELi512ELi512EE15requestSyncTimeEv
                0x0000000008004672       0x3e ./Core/Src/mainpp.o
                0x0000000008004672                ros::NodeHandle_<STM32Hardware, 25, 25, 512, 512>::requestSyncTime()
 .text._ZN3ros11NodeHandle_I13STM32HardwareLi25ELi25ELi512ELi512EE15negotiateTopicsEv
                0x00000000080046b0      0x1c2 ./Core/Src/mainpp.o
                0x00000000080046b0                ros::NodeHandle_<STM32Hardware, 25, 25, 512, 512>::negotiateTopics()
 *fill*         0x0000000008004872        0x2 
 .text._ZN3ros11NodeHandle_I13STM32HardwareLi25ELi25ELi512ELi512EE8syncTimeEPh
                0x0000000008004874       0x9c ./Core/Src/mainpp.o
                0x0000000008004874                ros::NodeHandle_<STM32Hardware, 25, 25, 512, 512>::syncTime(unsigned char*)
 .text._ZN3ros11NodeHandle_I13STM32HardwareLi25ELi25ELi512ELi512EE7publishEiPKNS_3MsgE
                0x0000000008004910      0x158 ./Core/Src/mainpp.o
                0x0000000008004910                ros::NodeHandle_<STM32Hardware, 25, 25, 512, 512>::publish(int, ros::Msg const*)
 .text._ZN3ros11NodeHandle_I13STM32HardwareLi25ELi25ELi512ELi512EE6setNowERNS_4TimeE
                0x0000000008004a68       0x88 ./Core/Src/mainpp.o
                0x0000000008004a68                ros::NodeHandle_<STM32Hardware, 25, 25, 512, 512>::setNow(ros::Time&)
 .text._ZN3ros11NodeHandle_I13STM32HardwareLi25ELi25ELi512ELi512EE8logerrorEPKc
                0x0000000008004af0       0x1c ./Core/Src/mainpp.o
                0x0000000008004af0                ros::NodeHandle_<STM32Hardware, 25, 25, 512, 512>::logerror(char const*)
 .text._ZN3ros11NodeHandle_I13STM32HardwareLi25ELi25ELi512ELi512EE3logEcPKc
                0x0000000008004b0c       0x38 ./Core/Src/mainpp.o
                0x0000000008004b0c                ros::NodeHandle_<STM32Hardware, 25, 25, 512, 512>::log(char, char const*)
 .text._Z41__static_initialization_and_destruction_0ii
                0x0000000008004b44       0x7c ./Core/Src/mainpp.o
 .text._ZN3ros10SubscriberIN8std_msgs5Int64EvE8callbackEPh
                0x0000000008004bc0       0x2a ./Core/Src/mainpp.o
                0x0000000008004bc0                ros::Subscriber<std_msgs::Int64, void>::callback(unsigned char*)
 .text._ZN3ros10SubscriberIN8std_msgs5Int64EvE15getEndpointTypeEv
                0x0000000008004bea       0x18 ./Core/Src/mainpp.o
                0x0000000008004bea                ros::Subscriber<std_msgs::Int64, void>::getEndpointType()
 .text._ZN3ros10SubscriberIN8std_msgs5Int64EvE10getMsgTypeEv
                0x0000000008004c02       0x1c ./Core/Src/mainpp.o
                0x0000000008004c02                ros::Subscriber<std_msgs::Int64, void>::getMsgType()
 .text._ZN3ros10SubscriberIN8std_msgs5Int64EvE9getMsgMD5Ev
                0x0000000008004c1e       0x1c ./Core/Src/mainpp.o
                0x0000000008004c1e                ros::Subscriber<std_msgs::Int64, void>::getMsgMD5()
 .text._ZN3ros10SubscriberIN13geometry_msgs5TwistEvE8callbackEPh
                0x0000000008004c3a       0x2a ./Core/Src/mainpp.o
                0x0000000008004c3a                ros::Subscriber<geometry_msgs::Twist, void>::callback(unsigned char*)
 .text._ZN3ros10SubscriberIN13geometry_msgs5TwistEvE15getEndpointTypeEv
                0x0000000008004c64       0x18 ./Core/Src/mainpp.o
                0x0000000008004c64                ros::Subscriber<geometry_msgs::Twist, void>::getEndpointType()
 .text._ZN3ros10SubscriberIN13geometry_msgs5TwistEvE10getMsgTypeEv
                0x0000000008004c7c       0x1c ./Core/Src/mainpp.o
                0x0000000008004c7c                ros::Subscriber<geometry_msgs::Twist, void>::getMsgType()
 .text._ZN3ros10SubscriberIN13geometry_msgs5TwistEvE9getMsgMD5Ev
                0x0000000008004c98       0x1c ./Core/Src/mainpp.o
                0x0000000008004c98                ros::Subscriber<geometry_msgs::Twist, void>::getMsgMD5()
 .text._ZN3ros11NodeHandle_I13STM32HardwareLi25ELi25ELi512ELi512EE9connectedEv
                0x0000000008004cb4       0x1e ./Core/Src/mainpp.o
                0x0000000008004cb4                ros::NodeHandle_<STM32Hardware, 25, 25, 512, 512>::connected()
 .text._GLOBAL__sub_I_pub_out_msg
                0x0000000008004cd2       0x10 ./Core/Src/mainpp.o
 *fill*         0x0000000008004ce2        0x2 
 .text.HAL_MspInit
                0x0000000008004ce4       0x40 ./Core/Src/stm32h7xx_hal_msp.o
                0x0000000008004ce4                HAL_MspInit
 .text.HAL_TIM_PWM_MspInit
                0x0000000008004d24       0xd0 ./Core/Src/stm32h7xx_hal_msp.o
                0x0000000008004d24                HAL_TIM_PWM_MspInit
 .text.HAL_TIM_Base_MspInit
                0x0000000008004df4       0xa8 ./Core/Src/stm32h7xx_hal_msp.o
                0x0000000008004df4                HAL_TIM_Base_MspInit
 .text.HAL_TIM_Encoder_MspInit
                0x0000000008004e9c      0x224 ./Core/Src/stm32h7xx_hal_msp.o
                0x0000000008004e9c                HAL_TIM_Encoder_MspInit
 .text.HAL_TIM_MspPostInit
                0x00000000080050c0      0x16c ./Core/Src/stm32h7xx_hal_msp.o
                0x00000000080050c0                HAL_TIM_MspPostInit
 .text.HAL_UART_MspInit
                0x000000000800522c      0x1a4 ./Core/Src/stm32h7xx_hal_msp.o
                0x000000000800522c                HAL_UART_MspInit
 .text.NMI_Handler
                0x00000000080053d0        0x6 ./Core/Src/stm32h7xx_it.o
                0x00000000080053d0                NMI_Handler
 .text.HardFault_Handler
                0x00000000080053d6        0x6 ./Core/Src/stm32h7xx_it.o
                0x00000000080053d6                HardFault_Handler
 .text.MemManage_Handler
                0x00000000080053dc        0x6 ./Core/Src/stm32h7xx_it.o
                0x00000000080053dc                MemManage_Handler
 .text.BusFault_Handler
                0x00000000080053e2        0x6 ./Core/Src/stm32h7xx_it.o
                0x00000000080053e2                BusFault_Handler
 .text.UsageFault_Handler
                0x00000000080053e8        0x6 ./Core/Src/stm32h7xx_it.o
                0x00000000080053e8                UsageFault_Handler
 .text.SVC_Handler
                0x00000000080053ee        0xe ./Core/Src/stm32h7xx_it.o
                0x00000000080053ee                SVC_Handler
 .text.DebugMon_Handler
                0x00000000080053fc        0xe ./Core/Src/stm32h7xx_it.o
                0x00000000080053fc                DebugMon_Handler
 .text.PendSV_Handler
                0x000000000800540a        0xe ./Core/Src/stm32h7xx_it.o
                0x000000000800540a                PendSV_Handler
 .text.SysTick_Handler
                0x0000000008005418        0xc ./Core/Src/stm32h7xx_it.o
                0x0000000008005418                SysTick_Handler
 .text.RCC_IRQHandler
                0x0000000008005424        0xe ./Core/Src/stm32h7xx_it.o
                0x0000000008005424                RCC_IRQHandler
 *fill*         0x0000000008005432        0x2 
 .text.DMA1_Stream0_IRQHandler
                0x0000000008005434       0x14 ./Core/Src/stm32h7xx_it.o
                0x0000000008005434                DMA1_Stream0_IRQHandler
 .text.DMA1_Stream1_IRQHandler
                0x0000000008005448       0x14 ./Core/Src/stm32h7xx_it.o
                0x0000000008005448                DMA1_Stream1_IRQHandler
 .text.TIM2_IRQHandler
                0x000000000800545c       0x14 ./Core/Src/stm32h7xx_it.o
                0x000000000800545c                TIM2_IRQHandler
 .text.USART3_IRQHandler
                0x0000000008005470       0x14 ./Core/Src/stm32h7xx_it.o
                0x0000000008005470                USART3_IRQHandler
 .text._getpid  0x0000000008005484       0x10 ./Core/Src/syscalls.o
                0x0000000008005484                _getpid
 .text._kill    0x0000000008005494       0x20 ./Core/Src/syscalls.o
                0x0000000008005494                _kill
 .text._exit    0x00000000080054b4       0x14 ./Core/Src/syscalls.o
                0x00000000080054b4                _exit
 .text._sbrk    0x00000000080054c8       0x6c ./Core/Src/sysmem.o
                0x00000000080054c8                _sbrk
 .text.SystemInit
                0x0000000008005534       0xf0 ./Core/Src/system_stm32h7xx.o
                0x0000000008005534                SystemInit
 .text.Reset_Handler
                0x0000000008005624       0x50 ./Core/Startup/startup_stm32h723zgtx.o
                0x0000000008005624                Reset_Handler
 .text.Default_Handler
                0x0000000008005674        0x2 ./Core/Startup/startup_stm32h723zgtx.o
                0x0000000008005674                RTC_Alarm_IRQHandler
                0x0000000008005674                EXTI2_IRQHandler
                0x0000000008005674                TIM8_CC_IRQHandler
                0x0000000008005674                UART8_IRQHandler
                0x0000000008005674                SPI4_IRQHandler
                0x0000000008005674                FDCAN3_IT0_IRQHandler
                0x0000000008005674                TIM1_CC_IRQHandler
                0x0000000008005674                BDMA_Channel6_IRQHandler
                0x0000000008005674                DMA2_Stream5_IRQHandler
                0x0000000008005674                DMA1_Stream5_IRQHandler
                0x0000000008005674                CORDIC_IRQHandler
                0x0000000008005674                BDMA_Channel1_IRQHandler
                0x0000000008005674                TAMP_STAMP_IRQHandler
                0x0000000008005674                EXTI3_IRQHandler
                0x0000000008005674                LPTIM4_IRQHandler
                0x0000000008005674                TIM8_TRG_COM_TIM14_IRQHandler
                0x0000000008005674                LPTIM2_IRQHandler
                0x0000000008005674                DFSDM1_FLT1_IRQHandler
                0x0000000008005674                DMAMUX2_OVR_IRQHandler
                0x0000000008005674                TIM8_UP_TIM13_IRQHandler
                0x0000000008005674                I2C3_ER_IRQHandler
                0x0000000008005674                DFSDM1_FLT2_IRQHandler
                0x0000000008005674                I2C5_EV_IRQHandler
                0x0000000008005674                USART10_IRQHandler
                0x0000000008005674                MDMA_IRQHandler
                0x0000000008005674                LPTIM3_IRQHandler
                0x0000000008005674                HSEM1_IRQHandler
                0x0000000008005674                EXTI0_IRQHandler
                0x0000000008005674                I2C2_EV_IRQHandler
                0x0000000008005674                DMA1_Stream2_IRQHandler
                0x0000000008005674                FPU_IRQHandler
                0x0000000008005674                OTG_HS_WKUP_IRQHandler
                0x0000000008005674                FDCAN1_IT1_IRQHandler
                0x0000000008005674                LTDC_ER_IRQHandler
                0x0000000008005674                DMA2_Stream2_IRQHandler
                0x0000000008005674                SPI1_IRQHandler
                0x0000000008005674                OCTOSPI1_IRQHandler
                0x0000000008005674                TIM6_DAC_IRQHandler
                0x0000000008005674                DMA2_Stream3_IRQHandler
                0x0000000008005674                OCTOSPI2_IRQHandler
                0x0000000008005674                DFSDM1_FLT3_IRQHandler
                0x0000000008005674                TIM23_IRQHandler
                0x0000000008005674                USART6_IRQHandler
                0x0000000008005674                TIM17_IRQHandler
                0x0000000008005674                BDMA_Channel7_IRQHandler
                0x0000000008005674                LPTIM5_IRQHandler
                0x0000000008005674                UART5_IRQHandler
                0x0000000008005674                ADC3_IRQHandler
                0x0000000008005674                DMA2_Stream0_IRQHandler
                0x0000000008005674                TIM4_IRQHandler
                0x0000000008005674                BDMA_Channel2_IRQHandler
                0x0000000008005674                I2C1_EV_IRQHandler
                0x0000000008005674                DMA1_Stream6_IRQHandler
                0x0000000008005674                DMAMUX1_OVR_IRQHandler
                0x0000000008005674                TIM16_IRQHandler
                0x0000000008005674                UART4_IRQHandler
                0x0000000008005674                BDMA_Channel5_IRQHandler
                0x0000000008005674                TIM3_IRQHandler
                0x0000000008005674                UART9_IRQHandler
                0x0000000008005674                TIM8_BRK_TIM12_IRQHandler
                0x0000000008005674                TIM1_TRG_COM_IRQHandler
                0x0000000008005674                Default_Handler
                0x0000000008005674                ECC_IRQHandler
                0x0000000008005674                FMAC_IRQHandler
                0x0000000008005674                CEC_IRQHandler
                0x0000000008005674                EXTI15_10_IRQHandler
                0x0000000008005674                BDMA_Channel0_IRQHandler
                0x0000000008005674                ADC_IRQHandler
                0x0000000008005674                I2C5_ER_IRQHandler
                0x0000000008005674                DMA1_Stream7_IRQHandler
                0x0000000008005674                SPI5_IRQHandler
                0x0000000008005674                TIM7_IRQHandler
                0x0000000008005674                FDCAN3_IT1_IRQHandler
                0x0000000008005674                SDMMC1_IRQHandler
                0x0000000008005674                TIM5_IRQHandler
                0x0000000008005674                DMA2_Stream7_IRQHandler
                0x0000000008005674                TIM15_IRQHandler
                0x0000000008005674                PVD_AVD_IRQHandler
                0x0000000008005674                I2C3_EV_IRQHandler
                0x0000000008005674                EXTI9_5_IRQHandler
                0x0000000008005674                RTC_WKUP_IRQHandler
                0x0000000008005674                LTDC_IRQHandler
                0x0000000008005674                ETH_WKUP_IRQHandler
                0x0000000008005674                SPDIF_RX_IRQHandler
                0x0000000008005674                SPI2_IRQHandler
                0x0000000008005674                OTG_HS_EP1_IN_IRQHandler
                0x0000000008005674                TIM24_IRQHandler
                0x0000000008005674                CRS_IRQHandler
                0x0000000008005674                EXTI4_IRQHandler
                0x0000000008005674                RNG_IRQHandler
                0x0000000008005674                FDCAN2_IT1_IRQHandler
                0x0000000008005674                ETH_IRQHandler
                0x0000000008005674                TIM1_UP_IRQHandler
                0x0000000008005674                BDMA_Channel4_IRQHandler
                0x0000000008005674                OTG_HS_EP1_OUT_IRQHandler
                0x0000000008005674                WWDG_IRQHandler
                0x0000000008005674                SPI6_IRQHandler
                0x0000000008005674                MDIOS_IRQHandler
                0x0000000008005674                I2C4_EV_IRQHandler
                0x0000000008005674                FDCAN2_IT0_IRQHandler
                0x0000000008005674                LPUART1_IRQHandler
                0x0000000008005674                FDCAN1_IT0_IRQHandler
                0x0000000008005674                OTG_HS_IRQHandler
                0x0000000008005674                DMA2D_IRQHandler
                0x0000000008005674                TIM1_BRK_IRQHandler
                0x0000000008005674                EXTI1_IRQHandler
                0x0000000008005674                SDMMC2_IRQHandler
                0x0000000008005674                BDMA_Channel3_IRQHandler
                0x0000000008005674                DTS_IRQHandler
                0x0000000008005674                UART7_IRQHandler
                0x0000000008005674                MDIOS_WKUP_IRQHandler
                0x0000000008005674                USART2_IRQHandler
                0x0000000008005674                DFSDM1_FLT0_IRQHandler
                0x0000000008005674                SAI4_IRQHandler
                0x0000000008005674                I2C2_ER_IRQHandler
                0x0000000008005674                DMA2_Stream1_IRQHandler
                0x0000000008005674                FLASH_IRQHandler
                0x0000000008005674                DMA2_Stream4_IRQHandler
                0x0000000008005674                USART1_IRQHandler
                0x0000000008005674                SPI3_IRQHandler
                0x0000000008005674                WAKEUP_PIN_IRQHandler
                0x0000000008005674                DMA1_Stream4_IRQHandler
                0x0000000008005674                I2C1_ER_IRQHandler
                0x0000000008005674                FMC_IRQHandler
                0x0000000008005674                FDCAN_CAL_IRQHandler
                0x0000000008005674                SWPMI1_IRQHandler
                0x0000000008005674                COMP1_IRQHandler
                0x0000000008005674                LPTIM1_IRQHandler
                0x0000000008005674                DCMI_PSSI_IRQHandler
                0x0000000008005674                I2C4_ER_IRQHandler
                0x0000000008005674                DMA2_Stream6_IRQHandler
                0x0000000008005674                SAI1_IRQHandler
                0x0000000008005674                DMA1_Stream3_IRQHandler
 *fill*         0x0000000008005676        0x2 
 .text.HAL_Init
                0x0000000008005678       0x78 ./Drivers/STM32H7xx_HAL_Driver/Src/stm32h7xx_hal.o
                0x0000000008005678                HAL_Init
 .text.HAL_InitTick
                0x00000000080056f0       0x6c ./Drivers/STM32H7xx_HAL_Driver/Src/stm32h7xx_hal.o
                0x00000000080056f0                HAL_InitTick
 .text.HAL_IncTick
                0x000000000800575c       0x28 ./Drivers/STM32H7xx_HAL_Driver/Src/stm32h7xx_hal.o
                0x000000000800575c                HAL_IncTick
 .text.HAL_GetTick
                0x0000000008005784       0x18 ./Drivers/STM32H7xx_HAL_Driver/Src/stm32h7xx_hal.o
                0x0000000008005784                HAL_GetTick
 .text.__NVIC_SetPriorityGrouping
                0x000000000800579c       0x48 ./Drivers/STM32H7xx_HAL_Driver/Src/stm32h7xx_hal_cortex.o
 .text.__NVIC_GetPriorityGrouping
                0x00000000080057e4       0x1c ./Drivers/STM32H7xx_HAL_Driver/Src/stm32h7xx_hal_cortex.o
 .text.__NVIC_EnableIRQ
                0x0000000008005800       0x3c ./Drivers/STM32H7xx_HAL_Driver/Src/stm32h7xx_hal_cortex.o
 .text.__NVIC_SetPriority
                0x000000000800583c       0x54 ./Drivers/STM32H7xx_HAL_Driver/Src/stm32h7xx_hal_cortex.o
 .text.NVIC_EncodePriority
                0x0000000008005890       0x66 ./Drivers/STM32H7xx_HAL_Driver/Src/stm32h7xx_hal_cortex.o
 *fill*         0x00000000080058f6        0x2 
 .text.SysTick_Config
                0x00000000080058f8       0x44 ./Drivers/STM32H7xx_HAL_Driver/Src/stm32h7xx_hal_cortex.o
 .text.HAL_NVIC_SetPriorityGrouping
                0x000000000800593c       0x16 ./Drivers/STM32H7xx_HAL_Driver/Src/stm32h7xx_hal_cortex.o
                0x000000000800593c                HAL_NVIC_SetPriorityGrouping
 .text.HAL_NVIC_SetPriority
                0x0000000008005952       0x34 ./Drivers/STM32H7xx_HAL_Driver/Src/stm32h7xx_hal_cortex.o
                0x0000000008005952                HAL_NVIC_SetPriority
 .text.HAL_NVIC_EnableIRQ
                0x0000000008005986       0x1c ./Drivers/STM32H7xx_HAL_Driver/Src/stm32h7xx_hal_cortex.o
                0x0000000008005986                HAL_NVIC_EnableIRQ
 .text.HAL_SYSTICK_Config
                0x00000000080059a2       0x18 ./Drivers/STM32H7xx_HAL_Driver/Src/stm32h7xx_hal_cortex.o
                0x00000000080059a2                HAL_SYSTICK_Config
 *fill*         0x00000000080059ba        0x2 
 .text.HAL_DMA_Init
                0x00000000080059bc      0x6b4 ./Drivers/STM32H7xx_HAL_Driver/Src/stm32h7xx_hal_dma.o
                0x00000000080059bc                HAL_DMA_Init
 .text.HAL_DMA_Start_IT
                0x0000000008006070      0x4d4 ./Drivers/STM32H7xx_HAL_Driver/Src/stm32h7xx_hal_dma.o
                0x0000000008006070                HAL_DMA_Start_IT
 .text.HAL_DMA_Abort
                0x0000000008006544      0x63c ./Drivers/STM32H7xx_HAL_Driver/Src/stm32h7xx_hal_dma.o
                0x0000000008006544                HAL_DMA_Abort
 .text.HAL_DMA_Abort_IT
                0x0000000008006b80      0x48c ./Drivers/STM32H7xx_HAL_Driver/Src/stm32h7xx_hal_dma.o
                0x0000000008006b80                HAL_DMA_Abort_IT
 .text.HAL_DMA_IRQHandler
                0x000000000800700c      0xe54 ./Drivers/STM32H7xx_HAL_Driver/Src/stm32h7xx_hal_dma.o
                0x000000000800700c                HAL_DMA_IRQHandler
 .text.DMA_SetConfig
                0x0000000008007e60      0x358 ./Drivers/STM32H7xx_HAL_Driver/Src/stm32h7xx_hal_dma.o
 .text.DMA_CalcBaseAndBitshift
                0x00000000080081b8      0x164 ./Drivers/STM32H7xx_HAL_Driver/Src/stm32h7xx_hal_dma.o
 .text.DMA_CheckFifoParam
                0x000000000800831c       0xf8 ./Drivers/STM32H7xx_HAL_Driver/Src/stm32h7xx_hal_dma.o
 .text.DMA_CalcDMAMUXChannelBaseAndMask
                0x0000000008008414      0x134 ./Drivers/STM32H7xx_HAL_Driver/Src/stm32h7xx_hal_dma.o
 .text.DMA_CalcDMAMUXRequestGenBaseAndMask
                0x0000000008008548       0xe8 ./Drivers/STM32H7xx_HAL_Driver/Src/stm32h7xx_hal_dma.o
 .text.HAL_GPIO_Init
                0x0000000008008630      0x350 ./Drivers/STM32H7xx_HAL_Driver/Src/stm32h7xx_hal_gpio.o
                0x0000000008008630                HAL_GPIO_Init
 .text.HAL_GPIO_WritePin
                0x0000000008008980       0x32 ./Drivers/STM32H7xx_HAL_Driver/Src/stm32h7xx_hal_gpio.o
                0x0000000008008980                HAL_GPIO_WritePin
 *fill*         0x00000000080089b2        0x2 
 .text.HAL_PWREx_ConfigSupply
                0x00000000080089b4       0x74 ./Drivers/STM32H7xx_HAL_Driver/Src/stm32h7xx_hal_pwr_ex.o
                0x00000000080089b4                HAL_PWREx_ConfigSupply
 .text.HAL_RCC_OscConfig
                0x0000000008008a28      0x75c ./Drivers/STM32H7xx_HAL_Driver/Src/stm32h7xx_hal_rcc.o
                0x0000000008008a28                HAL_RCC_OscConfig
 .text.HAL_RCC_ClockConfig
                0x0000000008009184      0x36c ./Drivers/STM32H7xx_HAL_Driver/Src/stm32h7xx_hal_rcc.o
                0x0000000008009184                HAL_RCC_ClockConfig
 .text.HAL_RCC_GetSysClockFreq
                0x00000000080094f0      0x2f4 ./Drivers/STM32H7xx_HAL_Driver/Src/stm32h7xx_hal_rcc.o
                0x00000000080094f0                HAL_RCC_GetSysClockFreq
 .text.HAL_RCC_GetHCLKFreq
                0x00000000080097e4       0x60 ./Drivers/STM32H7xx_HAL_Driver/Src/stm32h7xx_hal_rcc.o
                0x00000000080097e4                HAL_RCC_GetHCLKFreq
 .text.HAL_RCC_GetPCLK1Freq
                0x0000000008009844       0x2c ./Drivers/STM32H7xx_HAL_Driver/Src/stm32h7xx_hal_rcc.o
                0x0000000008009844                HAL_RCC_GetPCLK1Freq
 .text.HAL_RCC_GetPCLK2Freq
                0x0000000008009870       0x2c ./Drivers/STM32H7xx_HAL_Driver/Src/stm32h7xx_hal_rcc.o
                0x0000000008009870                HAL_RCC_GetPCLK2Freq
 .text.HAL_RCCEx_PeriphCLKConfig
                0x000000000800989c      0xdf4 ./Drivers/STM32H7xx_HAL_Driver/Src/stm32h7xx_hal_rcc_ex.o
                0x000000000800989c                HAL_RCCEx_PeriphCLKConfig
 .text.HAL_RCCEx_GetD3PCLK1Freq
                0x000000000800a690       0x2c ./Drivers/STM32H7xx_HAL_Driver/Src/stm32h7xx_hal_rcc_ex.o
                0x000000000800a690                HAL_RCCEx_GetD3PCLK1Freq
 .text.HAL_RCCEx_GetPLL2ClockFreq
                0x000000000800a6bc      0x2a8 ./Drivers/STM32H7xx_HAL_Driver/Src/stm32h7xx_hal_rcc_ex.o
                0x000000000800a6bc                HAL_RCCEx_GetPLL2ClockFreq
 .text.HAL_RCCEx_GetPLL3ClockFreq
                0x000000000800a964      0x2a8 ./Drivers/STM32H7xx_HAL_Driver/Src/stm32h7xx_hal_rcc_ex.o
                0x000000000800a964                HAL_RCCEx_GetPLL3ClockFreq
 .text.RCCEx_PLL2_Config
                0x000000000800ac0c      0x164 ./Drivers/STM32H7xx_HAL_Driver/Src/stm32h7xx_hal_rcc_ex.o
 .text.RCCEx_PLL3_Config
                0x000000000800ad70      0x164 ./Drivers/STM32H7xx_HAL_Driver/Src/stm32h7xx_hal_rcc_ex.o
 .text.HAL_TIM_Base_Init
                0x000000000800aed4       0xae ./Drivers/STM32H7xx_HAL_Driver/Src/stm32h7xx_hal_tim.o
                0x000000000800aed4                HAL_TIM_Base_Init
 *fill*         0x000000000800af82        0x2 
 .text.HAL_TIM_Base_Start_IT
                0x000000000800af84      0x10c ./Drivers/STM32H7xx_HAL_Driver/Src/stm32h7xx_hal_tim.o
                0x000000000800af84                HAL_TIM_Base_Start_IT
 .text.HAL_TIM_PWM_Init
                0x000000000800b090       0xae ./Drivers/STM32H7xx_HAL_Driver/Src/stm32h7xx_hal_tim.o
                0x000000000800b090                HAL_TIM_PWM_Init
 *fill*         0x000000000800b13e        0x2 
 .text.HAL_TIM_PWM_Start
                0x000000000800b140      0x238 ./Drivers/STM32H7xx_HAL_Driver/Src/stm32h7xx_hal_tim.o
                0x000000000800b140                HAL_TIM_PWM_Start
 .text.HAL_TIM_OnePulse_Init
                0x000000000800b378       0xa0 ./Drivers/STM32H7xx_HAL_Driver/Src/stm32h7xx_hal_tim.o
                0x000000000800b378                HAL_TIM_OnePulse_Init
 .text.HAL_TIM_OnePulse_MspInit
                0x000000000800b418       0x14 ./Drivers/STM32H7xx_HAL_Driver/Src/stm32h7xx_hal_tim.o
                0x000000000800b418                HAL_TIM_OnePulse_MspInit
 .text.HAL_TIM_Encoder_Init
                0x000000000800b42c      0x14c ./Drivers/STM32H7xx_HAL_Driver/Src/stm32h7xx_hal_tim.o
                0x000000000800b42c                HAL_TIM_Encoder_Init
 .text.HAL_TIM_Encoder_Start
                0x000000000800b578      0x11c ./Drivers/STM32H7xx_HAL_Driver/Src/stm32h7xx_hal_tim.o
                0x000000000800b578                HAL_TIM_Encoder_Start
 .text.HAL_TIM_IRQHandler
                0x000000000800b694      0x23e ./Drivers/STM32H7xx_HAL_Driver/Src/stm32h7xx_hal_tim.o
                0x000000000800b694                HAL_TIM_IRQHandler
 *fill*         0x000000000800b8d2        0x2 
 .text.HAL_TIM_PWM_ConfigChannel
                0x000000000800b8d4      0x228 ./Drivers/STM32H7xx_HAL_Driver/Src/stm32h7xx_hal_tim.o
                0x000000000800b8d4                HAL_TIM_PWM_ConfigChannel
 .text.HAL_TIM_ConfigClockSource
                0x000000000800bafc      0x1f0 ./Drivers/STM32H7xx_HAL_Driver/Src/stm32h7xx_hal_tim.o
                0x000000000800bafc                HAL_TIM_ConfigClockSource
 .text.HAL_TIM_OC_DelayElapsedCallback
                0x000000000800bcec       0x14 ./Drivers/STM32H7xx_HAL_Driver/Src/stm32h7xx_hal_tim.o
                0x000000000800bcec                HAL_TIM_OC_DelayElapsedCallback
 .text.HAL_TIM_IC_CaptureCallback
                0x000000000800bd00       0x14 ./Drivers/STM32H7xx_HAL_Driver/Src/stm32h7xx_hal_tim.o
                0x000000000800bd00                HAL_TIM_IC_CaptureCallback
 .text.HAL_TIM_PWM_PulseFinishedCallback
                0x000000000800bd14       0x14 ./Drivers/STM32H7xx_HAL_Driver/Src/stm32h7xx_hal_tim.o
                0x000000000800bd14                HAL_TIM_PWM_PulseFinishedCallback
 .text.HAL_TIM_TriggerCallback
                0x000000000800bd28       0x14 ./Drivers/STM32H7xx_HAL_Driver/Src/stm32h7xx_hal_tim.o
                0x000000000800bd28                HAL_TIM_TriggerCallback
 .text.TIM_Base_SetConfig
                0x000000000800bd3c      0x14c ./Drivers/STM32H7xx_HAL_Driver/Src/stm32h7xx_hal_tim.o
                0x000000000800bd3c                TIM_Base_SetConfig
 .text.TIM_OC1_SetConfig
                0x000000000800be88      0x120 ./Drivers/STM32H7xx_HAL_Driver/Src/stm32h7xx_hal_tim.o
 .text.TIM_OC2_SetConfig
                0x000000000800bfa8      0x114 ./Drivers/STM32H7xx_HAL_Driver/Src/stm32h7xx_hal_tim.o
                0x000000000800bfa8                TIM_OC2_SetConfig
 .text.TIM_OC3_SetConfig
                0x000000000800c0bc      0x110 ./Drivers/STM32H7xx_HAL_Driver/Src/stm32h7xx_hal_tim.o
 .text.TIM_OC4_SetConfig
                0x000000000800c1cc       0xd4 ./Drivers/STM32H7xx_HAL_Driver/Src/stm32h7xx_hal_tim.o
 .text.TIM_OC5_SetConfig
                0x000000000800c2a0       0xc8 ./Drivers/STM32H7xx_HAL_Driver/Src/stm32h7xx_hal_tim.o
 .text.TIM_OC6_SetConfig
                0x000000000800c368       0xcc ./Drivers/STM32H7xx_HAL_Driver/Src/stm32h7xx_hal_tim.o
 .text.TIM_TI1_ConfigInputStage
                0x000000000800c434       0x5e ./Drivers/STM32H7xx_HAL_Driver/Src/stm32h7xx_hal_tim.o
 .text.TIM_TI2_ConfigInputStage
                0x000000000800c492       0x60 ./Drivers/STM32H7xx_HAL_Driver/Src/stm32h7xx_hal_tim.o
 *fill*         0x000000000800c4f2        0x2 
 .text.TIM_ITRx_SetConfig
                0x000000000800c4f4       0x3c ./Drivers/STM32H7xx_HAL_Driver/Src/stm32h7xx_hal_tim.o
 .text.TIM_ETR_SetConfig
                0x000000000800c530       0x40 ./Drivers/STM32H7xx_HAL_Driver/Src/stm32h7xx_hal_tim.o
                0x000000000800c530                TIM_ETR_SetConfig
 .text.TIM_CCxChannelCmd
                0x000000000800c570       0x4a ./Drivers/STM32H7xx_HAL_Driver/Src/stm32h7xx_hal_tim.o
                0x000000000800c570                TIM_CCxChannelCmd
 *fill*         0x000000000800c5ba        0x2 
 .text.HAL_TIMEx_MasterConfigSynchronization
                0x000000000800c5bc      0x138 ./Drivers/STM32H7xx_HAL_Driver/Src/stm32h7xx_hal_tim_ex.o
                0x000000000800c5bc                HAL_TIMEx_MasterConfigSynchronization
 .text.HAL_TIMEx_ConfigBreakDeadTime
                0x000000000800c6f4      0x140 ./Drivers/STM32H7xx_HAL_Driver/Src/stm32h7xx_hal_tim_ex.o
                0x000000000800c6f4                HAL_TIMEx_ConfigBreakDeadTime
 .text.HAL_TIMEx_CommutCallback
                0x000000000800c834       0x14 ./Drivers/STM32H7xx_HAL_Driver/Src/stm32h7xx_hal_tim_ex.o
                0x000000000800c834                HAL_TIMEx_CommutCallback
 .text.HAL_TIMEx_BreakCallback
                0x000000000800c848       0x14 ./Drivers/STM32H7xx_HAL_Driver/Src/stm32h7xx_hal_tim_ex.o
                0x000000000800c848                HAL_TIMEx_BreakCallback
 .text.HAL_TIMEx_Break2Callback
                0x000000000800c85c       0x14 ./Drivers/STM32H7xx_HAL_Driver/Src/stm32h7xx_hal_tim_ex.o
                0x000000000800c85c                HAL_TIMEx_Break2Callback
 .text.HAL_UART_Init
                0x000000000800c870       0xa0 ./Drivers/STM32H7xx_HAL_Driver/Src/stm32h7xx_hal_uart.o
                0x000000000800c870                HAL_UART_Init
 .text.HAL_UART_Transmit_DMA
                0x000000000800c910      0x124 ./Drivers/STM32H7xx_HAL_Driver/Src/stm32h7xx_hal_uart.o
                0x000000000800c910                HAL_UART_Transmit_DMA
 .text.HAL_UART_Receive_DMA
                0x000000000800ca34       0xac ./Drivers/STM32H7xx_HAL_Driver/Src/stm32h7xx_hal_uart.o
                0x000000000800ca34                HAL_UART_Receive_DMA
 .text.HAL_UART_IRQHandler
                0x000000000800cae0      0x73c ./Drivers/STM32H7xx_HAL_Driver/Src/stm32h7xx_hal_uart.o
                0x000000000800cae0                HAL_UART_IRQHandler
 .text.HAL_UART_TxHalfCpltCallback
                0x000000000800d21c       0x14 ./Drivers/STM32H7xx_HAL_Driver/Src/stm32h7xx_hal_uart.o
                0x000000000800d21c                HAL_UART_TxHalfCpltCallback
 .text.HAL_UART_RxHalfCpltCallback
                0x000000000800d230       0x14 ./Drivers/STM32H7xx_HAL_Driver/Src/stm32h7xx_hal_uart.o
                0x000000000800d230                HAL_UART_RxHalfCpltCallback
 .text.HAL_UART_ErrorCallback
                0x000000000800d244       0x14 ./Drivers/STM32H7xx_HAL_Driver/Src/stm32h7xx_hal_uart.o
                0x000000000800d244                HAL_UART_ErrorCallback
 .text.HAL_UARTEx_RxEventCallback
                0x000000000800d258       0x18 ./Drivers/STM32H7xx_HAL_Driver/Src/stm32h7xx_hal_uart.o
                0x000000000800d258                HAL_UARTEx_RxEventCallback
 .text.UART_SetConfig
                0x000000000800d270      0xcd8 ./Drivers/STM32H7xx_HAL_Driver/Src/stm32h7xx_hal_uart.o
                0x000000000800d270                UART_SetConfig
 .text.UART_AdvFeatureConfig
                0x000000000800df48      0x144 ./Drivers/STM32H7xx_HAL_Driver/Src/stm32h7xx_hal_uart.o
                0x000000000800df48                UART_AdvFeatureConfig
 .text.UART_CheckIdleState
                0x000000000800e08c       0x96 ./Drivers/STM32H7xx_HAL_Driver/Src/stm32h7xx_hal_uart.o
                0x000000000800e08c                UART_CheckIdleState
 .text.UART_WaitOnFlagUntilTimeout
                0x000000000800e122      0x190 ./Drivers/STM32H7xx_HAL_Driver/Src/stm32h7xx_hal_uart.o
                0x000000000800e122                UART_WaitOnFlagUntilTimeout
 *fill*         0x000000000800e2b2        0x2 
 .text.UART_Start_Receive_DMA
                0x000000000800e2b4      0x150 ./Drivers/STM32H7xx_HAL_Driver/Src/stm32h7xx_hal_uart.o
                0x000000000800e2b4                UART_Start_Receive_DMA
 .text.UART_EndTxTransfer
                0x000000000800e404       0x82 ./Drivers/STM32H7xx_HAL_Driver/Src/stm32h7xx_hal_uart.o
 *fill*         0x000000000800e486        0x2 
 .text.UART_EndRxTransfer
                0x000000000800e488       0xcc ./Drivers/STM32H7xx_HAL_Driver/Src/stm32h7xx_hal_uart.o
 .text.UART_DMATransmitCplt
                0x000000000800e554       0x96 ./Drivers/STM32H7xx_HAL_Driver/Src/stm32h7xx_hal_uart.o
 .text.UART_DMATxHalfCplt
                0x000000000800e5ea       0x1c ./Drivers/STM32H7xx_HAL_Driver/Src/stm32h7xx_hal_uart.o
 .text.UART_DMAReceiveCplt
                0x000000000800e606      0x122 ./Drivers/STM32H7xx_HAL_Driver/Src/stm32h7xx_hal_uart.o
 .text.UART_DMARxHalfCplt
                0x000000000800e728       0x38 ./Drivers/STM32H7xx_HAL_Driver/Src/stm32h7xx_hal_uart.o
 .text.UART_DMAError
                0x000000000800e760       0x80 ./Drivers/STM32H7xx_HAL_Driver/Src/stm32h7xx_hal_uart.o
 .text.UART_DMAAbortOnError
                0x000000000800e7e0       0x2c ./Drivers/STM32H7xx_HAL_Driver/Src/stm32h7xx_hal_uart.o
 .text.UART_EndTransmit_IT
                0x000000000800e80c       0x56 ./Drivers/STM32H7xx_HAL_Driver/Src/stm32h7xx_hal_uart.o
 .text.HAL_UARTEx_WakeupCallback
                0x000000000800e862       0x14 ./Drivers/STM32H7xx_HAL_Driver/Src/stm32h7xx_hal_uart_ex.o
                0x000000000800e862                HAL_UARTEx_WakeupCallback
 .text.HAL_UARTEx_RxFifoFullCallback
                0x000000000800e876       0x14 ./Drivers/STM32H7xx_HAL_Driver/Src/stm32h7xx_hal_uart_ex.o
                0x000000000800e876                HAL_UARTEx_RxFifoFullCallback
 .text.HAL_UARTEx_TxFifoEmptyCallback
                0x000000000800e88a       0x14 ./Drivers/STM32H7xx_HAL_Driver/Src/stm32h7xx_hal_uart_ex.o
                0x000000000800e88a                HAL_UARTEx_TxFifoEmptyCallback
 .text.HAL_UARTEx_DisableFifoMode
                0x000000000800e89e       0x72 ./Drivers/STM32H7xx_HAL_Driver/Src/stm32h7xx_hal_uart_ex.o
                0x000000000800e89e                HAL_UARTEx_DisableFifoMode
 .text.HAL_UARTEx_SetTxFifoThreshold
                0x000000000800e910       0x7c ./Drivers/STM32H7xx_HAL_Driver/Src/stm32h7xx_hal_uart_ex.o
                0x000000000800e910                HAL_UARTEx_SetTxFifoThreshold
 .text.HAL_UARTEx_SetRxFifoThreshold
                0x000000000800e98c       0x7c ./Drivers/STM32H7xx_HAL_Driver/Src/stm32h7xx_hal_uart_ex.o
                0x000000000800e98c                HAL_UARTEx_SetRxFifoThreshold
 .text.UARTEx_SetNbDataToProcess
                0x000000000800ea08       0x9c ./Drivers/STM32H7xx_HAL_Driver/Src/stm32h7xx_hal_uart_ex.o
 .text.__cxa_pure_virtual
                0x000000000800eaa4        0x6 /opt/st/stm32cubeide_1.10.1/plugins/com.st.stm32cube.ide.mcu.externaltools.gnu-tools-for-stm32.10.3-2021.10.linux64_1.0.0.202111181127/tools/bin/../lib/gcc/arm-none-eabi/10.3.1/../../../../arm-none-eabi/lib/thumb/v7e-m+dp/hard/libstdc++_nano.a(pure.o)
                0x000000000800eaa4                __cxa_pure_virtual
 .text._ZN10__cxxabiv111__terminateEPFvvE
                0x000000000800eaaa        0x8 /opt/st/stm32cubeide_1.10.1/plugins/com.st.stm32cube.ide.mcu.externaltools.gnu-tools-for-stm32.10.3-2021.10.linux64_1.0.0.202111181127/tools/bin/../lib/gcc/arm-none-eabi/10.3.1/../../../../arm-none-eabi/lib/thumb/v7e-m+dp/hard/libstdc++_nano.a(eh_terminate.o)
                0x000000000800eaaa                __cxxabiv1::__terminate(void (*)())
 *fill*         0x000000000800eab2        0x2 
 .text._ZSt13get_terminatev
                0x000000000800eab4       0x10 /opt/st/stm32cubeide_1.10.1/plugins/com.st.stm32cube.ide.mcu.externaltools.gnu-tools-for-stm32.10.3-2021.10.linux64_1.0.0.202111181127/tools/bin/../lib/gcc/arm-none-eabi/10.3.1/../../../../arm-none-eabi/lib/thumb/v7e-m+dp/hard/libstdc++_nano.a(eh_terminate.o)
                0x000000000800eab4                std::get_terminate()
 .text._ZSt9terminatev
                0x000000000800eac4        0xa /opt/st/stm32cubeide_1.10.1/plugins/com.st.stm32cube.ide.mcu.externaltools.gnu-tools-for-stm32.10.3-2021.10.linux64_1.0.0.202111181127/tools/bin/../lib/gcc/arm-none-eabi/10.3.1/../../../../arm-none-eabi/lib/thumb/v7e-m+dp/hard/libstdc++_nano.a(eh_terminate.o)
                0x000000000800eac4                std::terminate()
 .text.abort    0x000000000800eace        0xe /opt/st/stm32cubeide_1.10.1/plugins/com.st.stm32cube.ide.mcu.externaltools.gnu-tools-for-stm32.10.3-2021.10.linux64_1.0.0.202111181127/tools/bin/../lib/gcc/arm-none-eabi/10.3.1/../../../../arm-none-eabi/lib/thumb/v7e-m+dp/hard/libc_nano.a(lib_a-abort.o)
                0x000000000800eace                abort
 .text.__errno  0x000000000800eadc        0xc /opt/st/stm32cubeide_1.10.1/plugins/com.st.stm32cube.ide.mcu.externaltools.gnu-tools-for-stm32.10.3-2021.10.linux64_1.0.0.202111181127/tools/bin/../lib/gcc/arm-none-eabi/10.3.1/../../../../arm-none-eabi/lib/thumb/v7e-m+dp/hard/libc_nano.a(lib_a-errno.o)
                0x000000000800eadc                __errno
 .text.__libc_init_array
                0x000000000800eae8       0x48 /opt/st/stm32cubeide_1.10.1/plugins/com.st.stm32cube.ide.mcu.externaltools.gnu-tools-for-stm32.10.3-2021.10.linux64_1.0.0.202111181127/tools/bin/../lib/gcc/arm-none-eabi/10.3.1/../../../../arm-none-eabi/lib/thumb/v7e-m+dp/hard/libc_nano.a(lib_a-init.o)
                0x000000000800eae8                __libc_init_array
 .text.memcpy   0x000000000800eb30       0x1c /opt/st/stm32cubeide_1.10.1/plugins/com.st.stm32cube.ide.mcu.externaltools.gnu-tools-for-stm32.10.3-2021.10.linux64_1.0.0.202111181127/tools/bin/../lib/gcc/arm-none-eabi/10.3.1/../../../../arm-none-eabi/lib/thumb/v7e-m+dp/hard/libc_nano.a(lib_a-memcpy-stub.o)
                0x000000000800eb30                memcpy
 .text.memset   0x000000000800eb4c       0x10 /opt/st/stm32cubeide_1.10.1/plugins/com.st.stm32cube.ide.mcu.externaltools.gnu-tools-for-stm32.10.3-2021.10.linux64_1.0.0.202111181127/tools/bin/../lib/gcc/arm-none-eabi/10.3.1/../../../../arm-none-eabi/lib/thumb/v7e-m+dp/hard/libc_nano.a(lib_a-memset.o)
                0x000000000800eb4c                memset
 .text.realloc  0x000000000800eb5c       0x10 /opt/st/stm32cubeide_1.10.1/plugins/com.st.stm32cube.ide.mcu.externaltools.gnu-tools-for-stm32.10.3-2021.10.linux64_1.0.0.202111181127/tools/bin/../lib/gcc/arm-none-eabi/10.3.1/../../../../arm-none-eabi/lib/thumb/v7e-m+dp/hard/libc_nano.a(lib_a-realloc.o)
                0x000000000800eb5c                realloc
 .text._raise_r
                0x000000000800eb6c       0x50 /opt/st/stm32cubeide_1.10.1/plugins/com.st.stm32cube.ide.mcu.externaltools.gnu-tools-for-stm32.10.3-2021.10.linux64_1.0.0.202111181127/tools/bin/../lib/gcc/arm-none-eabi/10.3.1/../../../../arm-none-eabi/lib/thumb/v7e-m+dp/hard/libc_nano.a(lib_a-signal.o)
                0x000000000800eb6c                _raise_r
 .text.raise    0x000000000800ebbc       0x10 /opt/st/stm32cubeide_1.10.1/plugins/com.st.stm32cube.ide.mcu.externaltools.gnu-tools-for-stm32.10.3-2021.10.linux64_1.0.0.202111181127/tools/bin/../lib/gcc/arm-none-eabi/10.3.1/../../../../arm-none-eabi/lib/thumb/v7e-m+dp/hard/libc_nano.a(lib_a-signal.o)
                0x000000000800ebbc                raise
 .text._kill_r  0x000000000800ebcc       0x24 /opt/st/stm32cubeide_1.10.1/plugins/com.st.stm32cube.ide.mcu.externaltools.gnu-tools-for-stm32.10.3-2021.10.linux64_1.0.0.202111181127/tools/bin/../lib/gcc/arm-none-eabi/10.3.1/../../../../arm-none-eabi/lib/thumb/v7e-m+dp/hard/libc_nano.a(lib_a-signalr.o)
                0x000000000800ebcc                _kill_r
 .text._getpid_r
                0x000000000800ebf0        0x4 /opt/st/stm32cubeide_1.10.1/plugins/com.st.stm32cube.ide.mcu.externaltools.gnu-tools-for-stm32.10.3-2021.10.linux64_1.0.0.202111181127/tools/bin/../lib/gcc/arm-none-eabi/10.3.1/../../../../arm-none-eabi/lib/thumb/v7e-m+dp/hard/libc_nano.a(lib_a-signalr.o)
                0x000000000800ebf0                _getpid_r
 .text.sbrk_aligned
                0x000000000800ebf4       0x40 /opt/st/stm32cubeide_1.10.1/plugins/com.st.stm32cube.ide.mcu.externaltools.gnu-tools-for-stm32.10.3-2021.10.linux64_1.0.0.202111181127/tools/bin/../lib/gcc/arm-none-eabi/10.3.1/../../../../arm-none-eabi/lib/thumb/v7e-m+dp/hard/libc_nano.a(lib_a-nano-mallocr.o)
 .text._malloc_r
                0x000000000800ec34       0xe8 /opt/st/stm32cubeide_1.10.1/plugins/com.st.stm32cube.ide.mcu.externaltools.gnu-tools-for-stm32.10.3-2021.10.linux64_1.0.0.202111181127/tools/bin/../lib/gcc/arm-none-eabi/10.3.1/../../../../arm-none-eabi/lib/thumb/v7e-m+dp/hard/libc_nano.a(lib_a-nano-mallocr.o)
                0x000000000800ec34                _malloc_r
 .text._realloc_r
                0x000000000800ed1c       0x5e /opt/st/stm32cubeide_1.10.1/plugins/com.st.stm32cube.ide.mcu.externaltools.gnu-tools-for-stm32.10.3-2021.10.linux64_1.0.0.202111181127/tools/bin/../lib/gcc/arm-none-eabi/10.3.1/../../../../arm-none-eabi/lib/thumb/v7e-m+dp/hard/libc_nano.a(lib_a-nano-reallocr.o)
                0x000000000800ed1c                _realloc_r
 *fill*         0x000000000800ed7a        0x2 
 .text._sbrk_r  0x000000000800ed7c       0x20 /opt/st/stm32cubeide_1.10.1/plugins/com.st.stm32cube.ide.mcu.externaltools.gnu-tools-for-stm32.10.3-2021.10.linux64_1.0.0.202111181127/tools/bin/../lib/gcc/arm-none-eabi/10.3.1/../../../../arm-none-eabi/lib/thumb/v7e-m+dp/hard/libc_nano.a(lib_a-sbrkr.o)
                0x000000000800ed7c                _sbrk_r
 .text.__malloc_lock
                0x000000000800ed9c        0xc /opt/st/stm32cubeide_1.10.1/plugins/com.st.stm32cube.ide.mcu.externaltools.gnu-tools-for-stm32.10.3-2021.10.linux64_1.0.0.202111181127/tools/bin/../lib/gcc/arm-none-eabi/10.3.1/../../../../arm-none-eabi/lib/thumb/v7e-m+dp/hard/libc_nano.a(lib_a-mlock.o)
                0x000000000800ed9c                __malloc_lock
 .text.__malloc_unlock
                0x000000000800eda8        0xc /opt/st/stm32cubeide_1.10.1/plugins/com.st.stm32cube.ide.mcu.externaltools.gnu-tools-for-stm32.10.3-2021.10.linux64_1.0.0.202111181127/tools/bin/../lib/gcc/arm-none-eabi/10.3.1/../../../../arm-none-eabi/lib/thumb/v7e-m+dp/hard/libc_nano.a(lib_a-mlock.o)
                0x000000000800eda8                __malloc_unlock
 .text._free_r  0x000000000800edb4       0x98 /opt/st/stm32cubeide_1.10.1/plugins/com.st.stm32cube.ide.mcu.externaltools.gnu-tools-for-stm32.10.3-2021.10.linux64_1.0.0.202111181127/tools/bin/../lib/gcc/arm-none-eabi/10.3.1/../../../../arm-none-eabi/lib/thumb/v7e-m+dp/hard/libc_nano.a(lib_a-nano-freer.o)
                0x000000000800edb4                _free_r
 .text._malloc_usable_size_r
                0x000000000800ee4c       0x10 /opt/st/stm32cubeide_1.10.1/plugins/com.st.stm32cube.ide.mcu.externaltools.gnu-tools-for-stm32.10.3-2021.10.linux64_1.0.0.202111181127/tools/bin/../lib/gcc/arm-none-eabi/10.3.1/../../../../arm-none-eabi/lib/thumb/v7e-m+dp/hard/libc_nano.a(lib_a-nano-msizer.o)
                0x000000000800ee4c                _malloc_usable_size_r
 .text.__retarget_lock_acquire_recursive
                0x000000000800ee5c        0x2 /opt/st/stm32cubeide_1.10.1/plugins/com.st.stm32cube.ide.mcu.externaltools.gnu-tools-for-stm32.10.3-2021.10.linux64_1.0.0.202111181127/tools/bin/../lib/gcc/arm-none-eabi/10.3.1/../../../../arm-none-eabi/lib/thumb/v7e-m+dp/hard/libc_nano.a(lib_a-lock.o)
                0x000000000800ee5c                __retarget_lock_acquire_recursive
 .text.__retarget_lock_release_recursive
                0x000000000800ee5e        0x2 /opt/st/stm32cubeide_1.10.1/plugins/com.st.stm32cube.ide.mcu.externaltools.gnu-tools-for-stm32.10.3-2021.10.linux64_1.0.0.202111181127/tools/bin/../lib/gcc/arm-none-eabi/10.3.1/../../../../arm-none-eabi/lib/thumb/v7e-m+dp/hard/libc_nano.a(lib_a-lock.o)
                0x000000000800ee5e                __retarget_lock_release_recursive
 *(.glue_7)
 .glue_7        0x000000000800ee60        0x0 linker stubs
 *(.glue_7t)
 .glue_7t       0x000000000800ee60        0x0 linker stubs
 *(.eh_frame)
 .eh_frame      0x000000000800ee60        0x0 /opt/st/stm32cubeide_1.10.1/plugins/com.st.stm32cube.ide.mcu.externaltools.gnu-tools-for-stm32.10.3-2021.10.linux64_1.0.0.202111181127/tools/bin/../lib/gcc/arm-none-eabi/10.3.1/thumb/v7e-m+dp/hard/crtbegin.o
 *(.init)
 .init          0x000000000800ee60        0x4 /opt/st/stm32cubeide_1.10.1/plugins/com.st.stm32cube.ide.mcu.externaltools.gnu-tools-for-stm32.10.3-2021.10.linux64_1.0.0.202111181127/tools/bin/../lib/gcc/arm-none-eabi/10.3.1/thumb/v7e-m+dp/hard/crti.o
                0x000000000800ee60                _init
 .init          0x000000000800ee64        0x8 /opt/st/stm32cubeide_1.10.1/plugins/com.st.stm32cube.ide.mcu.externaltools.gnu-tools-for-stm32.10.3-2021.10.linux64_1.0.0.202111181127/tools/bin/../lib/gcc/arm-none-eabi/10.3.1/thumb/v7e-m+dp/hard/crtn.o
 *(.fini)
 .fini          0x000000000800ee6c        0x4 /opt/st/stm32cubeide_1.10.1/plugins/com.st.stm32cube.ide.mcu.externaltools.gnu-tools-for-stm32.10.3-2021.10.linux64_1.0.0.202111181127/tools/bin/../lib/gcc/arm-none-eabi/10.3.1/thumb/v7e-m+dp/hard/crti.o
                0x000000000800ee6c                _fini
 .fini          0x000000000800ee70        0x8 /opt/st/stm32cubeide_1.10.1/plugins/com.st.stm32cube.ide.mcu.externaltools.gnu-tools-for-stm32.10.3-2021.10.linux64_1.0.0.202111181127/tools/bin/../lib/gcc/arm-none-eabi/10.3.1/thumb/v7e-m+dp/hard/crtn.o
                0x000000000800ee78                . = ALIGN (0x4)
                0x000000000800ee78                _etext = .

.vfp11_veneer   0x000000000800ee78        0x0
 .vfp11_veneer  0x000000000800ee78        0x0 linker stubs

.v4_bx          0x000000000800ee78        0x0
 .v4_bx         0x000000000800ee78        0x0 linker stubs

.iplt           0x000000000800ee78        0x0
 .iplt          0x000000000800ee78        0x0 /opt/st/stm32cubeide_1.10.1/plugins/com.st.stm32cube.ide.mcu.externaltools.gnu-tools-for-stm32.10.3-2021.10.linux64_1.0.0.202111181127/tools/bin/../lib/gcc/arm-none-eabi/10.3.1/thumb/v7e-m+dp/hard/crtbegin.o

.rodata         0x000000000800ee78      0x368
                0x000000000800ee78                . = ALIGN (0x4)
 *(.rodata)
 .rodata        0x000000000800ee78      0x1d9 ./Core/Src/mainpp.o
 *(.rodata*)
 *fill*         0x000000000800f051        0x3 
 .rodata._ZN14rosserial_msgsL12REQUESTPARAME
                0x000000000800f054       0x1c ./Core/Src/mainpp.o
 .rodata._ZTVN3ros10SubscriberIN8std_msgs5Int64EvEE
                0x000000000800f070       0x18 ./Core/Src/mainpp.o
                0x000000000800f070                vtable for ros::Subscriber<std_msgs::Int64, void>
 .rodata._ZTVN3ros10SubscriberIN13geometry_msgs5TwistEvEE
                0x000000000800f088       0x18 ./Core/Src/mainpp.o
                0x000000000800f088                vtable for ros::Subscriber<geometry_msgs::Twist, void>
 .rodata._ZTVN3ros11NodeHandle_I13STM32HardwareLi25ELi25ELi512ELi512EEE
                0x000000000800f0a0       0x14 ./Core/Src/mainpp.o
                0x000000000800f0a0                vtable for ros::NodeHandle_<STM32Hardware, 25, 25, 512, 512>
 .rodata._ZTVN13geometry_msgs5TwistE
                0x000000000800f0b4       0x18 ./Core/Src/mainpp.o
                0x000000000800f0b4                vtable for geometry_msgs::Twist
 .rodata._ZTVN13geometry_msgs7Vector3E
                0x000000000800f0cc       0x18 ./Core/Src/mainpp.o
                0x000000000800f0cc                vtable for geometry_msgs::Vector3
 .rodata._ZTVN8std_msgs5Int64E
                0x000000000800f0e4       0x18 ./Core/Src/mainpp.o
                0x000000000800f0e4                vtable for std_msgs::Int64
 .rodata._ZTVN3ros11Subscriber_E
                0x000000000800f0fc       0x18 ./Core/Src/mainpp.o
                0x000000000800f0fc                vtable for ros::Subscriber_
 .rodata._ZTVN3ros15NodeHandleBase_E
                0x000000000800f114       0x14 ./Core/Src/mainpp.o
                0x000000000800f114                vtable for ros::NodeHandleBase_
 .rodata._ZTVN14rosserial_msgs20RequestParamResponseE
                0x000000000800f128       0x18 ./Core/Src/mainpp.o
                0x000000000800f128                vtable for rosserial_msgs::RequestParamResponse
 .rodata._ZTVN14rosserial_msgs3LogE
                0x000000000800f140       0x18 ./Core/Src/mainpp.o
                0x000000000800f140                vtable for rosserial_msgs::Log
 .rodata._ZTVN14rosserial_msgs9TopicInfoE
                0x000000000800f158       0x18 ./Core/Src/mainpp.o
                0x000000000800f158                vtable for rosserial_msgs::TopicInfo
 .rodata._ZTVN8std_msgs4TimeE
                0x000000000800f170       0x18 ./Core/Src/mainpp.o
                0x000000000800f170                vtable for std_msgs::Time
 .rodata._ZTVN3ros3MsgE
                0x000000000800f188       0x18 ./Core/Src/mainpp.o
                0x000000000800f188                vtable for ros::Msg
 .rodata.D1CorePrescTable
                0x000000000800f1a0       0x10 ./Core/Src/system_stm32h7xx.o
                0x000000000800f1a0                D1CorePrescTable
 .rodata.flagBitshiftOffset.0
                0x000000000800f1b0        0x8 ./Drivers/STM32H7xx_HAL_Driver/Src/stm32h7xx_hal_dma.o
 .rodata.UARTPrescTable
                0x000000000800f1b8       0x18 ./Drivers/STM32H7xx_HAL_Driver/Src/stm32h7xx_hal_uart.o
                0x000000000800f1b8                UARTPrescTable
 .rodata.numerator.1
                0x000000000800f1d0        0x8 ./Drivers/STM32H7xx_HAL_Driver/Src/stm32h7xx_hal_uart_ex.o
 .rodata.denominator.0
                0x000000000800f1d8        0x8 ./Drivers/STM32H7xx_HAL_Driver/Src/stm32h7xx_hal_uart_ex.o
                0x000000000800f1e0                . = ALIGN (0x4)

.ARM.extab
 *(.ARM.extab* .gnu.linkonce.armextab.*)

.ARM            0x000000000800f1e0        0x8
                0x000000000800f1e0                __exidx_start = .
 *(.ARM.exidx*)
 .ARM.exidx     0x000000000800f1e0        0x8 /opt/st/stm32cubeide_1.10.1/plugins/com.st.stm32cube.ide.mcu.externaltools.gnu-tools-for-stm32.10.3-2021.10.linux64_1.0.0.202111181127/tools/bin/../lib/gcc/arm-none-eabi/10.3.1/thumb/v7e-m+dp/hard/libgcc.a(_udivmoddi4.o)
                0x000000000800f1e8                __exidx_end = .

.rel.dyn        0x000000000800f1e8        0x0
 .rel.iplt      0x000000000800f1e8        0x0 /opt/st/stm32cubeide_1.10.1/plugins/com.st.stm32cube.ide.mcu.externaltools.gnu-tools-for-stm32.10.3-2021.10.linux64_1.0.0.202111181127/tools/bin/../lib/gcc/arm-none-eabi/10.3.1/thumb/v7e-m+dp/hard/crtbegin.o

.preinit_array  0x000000000800f1e8        0x0
                0x000000000800f1e8                PROVIDE (__preinit_array_start = .)
 *(.preinit_array*)
                0x000000000800f1e8                PROVIDE (__preinit_array_end = .)

.init_array     0x000000000800f1e8        0x8
                0x000000000800f1e8                PROVIDE (__init_array_start = .)
 *(SORT_BY_NAME(.init_array.*))
 *(.init_array*)
 .init_array    0x000000000800f1e8        0x4 /opt/st/stm32cubeide_1.10.1/plugins/com.st.stm32cube.ide.mcu.externaltools.gnu-tools-for-stm32.10.3-2021.10.linux64_1.0.0.202111181127/tools/bin/../lib/gcc/arm-none-eabi/10.3.1/thumb/v7e-m+dp/hard/crtbegin.o
 .init_array    0x000000000800f1ec        0x4 ./Core/Src/mainpp.o
                0x000000000800f1f0                PROVIDE (__init_array_end = .)

.fini_array     0x000000000800f1f0        0x4
                [!provide]                        PROVIDE (__fini_array_start = .)
 *(SORT_BY_NAME(.fini_array.*))
 *(.fini_array*)
 .fini_array    0x000000000800f1f0        0x4 /opt/st/stm32cubeide_1.10.1/plugins/com.st.stm32cube.ide.mcu.externaltools.gnu-tools-for-stm32.10.3-2021.10.linux64_1.0.0.202111181127/tools/bin/../lib/gcc/arm-none-eabi/10.3.1/thumb/v7e-m+dp/hard/crtbegin.o
                [!provide]                        PROVIDE (__fini_array_end = .)
                0x000000000800f1f4                _sidata = LOADADDR (.data)

.data           0x0000000024000000       0x78 load address 0x000000000800f1f4
                0x0000000024000000                . = ALIGN (0x4)
                0x0000000024000000                _sdata = .
 *(.data)
 *(.data*)
 .data.SystemCoreClock
                0x0000000024000000        0x4 ./Core/Src/system_stm32h7xx.o
                0x0000000024000000                SystemCoreClock
 .data.SystemD2Clock
                0x0000000024000004        0x4 ./Core/Src/system_stm32h7xx.o
                0x0000000024000004                SystemD2Clock
 .data.uwTickPrio
                0x0000000024000008        0x4 ./Drivers/STM32H7xx_HAL_Driver/Src/stm32h7xx_hal.o
                0x0000000024000008                uwTickPrio
 .data.uwTickFreq
                0x000000002400000c        0x1 ./Drivers/STM32H7xx_HAL_Driver/Src/stm32h7xx_hal.o
                0x000000002400000c                uwTickFreq
 *fill*         0x000000002400000d        0x3 
 .data._ZN10__cxxabiv119__terminate_handlerE
                0x0000000024000010        0x4 /opt/st/stm32cubeide_1.10.1/plugins/com.st.stm32cube.ide.mcu.externaltools.gnu-tools-for-stm32.10.3-2021.10.linux64_1.0.0.202111181127/tools/bin/../lib/gcc/arm-none-eabi/10.3.1/../../../../arm-none-eabi/lib/thumb/v7e-m+dp/hard/libstdc++_nano.a(eh_term_handler.o)
                0x0000000024000010                __cxxabiv1::__terminate_handler
 .data._impure_ptr
                0x0000000024000014        0x4 /opt/st/stm32cubeide_1.10.1/plugins/com.st.stm32cube.ide.mcu.externaltools.gnu-tools-for-stm32.10.3-2021.10.linux64_1.0.0.202111181127/tools/bin/../lib/gcc/arm-none-eabi/10.3.1/../../../../arm-none-eabi/lib/thumb/v7e-m+dp/hard/libc_nano.a(lib_a-impure.o)
                0x0000000024000014                _impure_ptr
 .data.impure_data
                0x0000000024000018       0x60 /opt/st/stm32cubeide_1.10.1/plugins/com.st.stm32cube.ide.mcu.externaltools.gnu-tools-for-stm32.10.3-2021.10.linux64_1.0.0.202111181127/tools/bin/../lib/gcc/arm-none-eabi/10.3.1/../../../../arm-none-eabi/lib/thumb/v7e-m+dp/hard/libc_nano.a(lib_a-impure.o)
 *(.RamFunc)
 *(.RamFunc*)
                0x0000000024000078                . = ALIGN (0x4)
                0x0000000024000078                _edata = .

.igot.plt       0x0000000024000078        0x0 load address 0x000000000800f26c
 .igot.plt      0x0000000024000078        0x0 /opt/st/stm32cubeide_1.10.1/plugins/com.st.stm32cube.ide.mcu.externaltools.gnu-tools-for-stm32.10.3-2021.10.linux64_1.0.0.202111181127/tools/bin/../lib/gcc/arm-none-eabi/10.3.1/thumb/v7e-m+dp/hard/crtbegin.o
                0x0000000024000078                . = ALIGN (0x4)

.bss            0x0000000024000078     0x1c58 load address 0x000000000800f26c
                0x0000000024000078                _sbss = .
                0x0000000024000078                __bss_start__ = _sbss
 *(.bss)
 .bss           0x0000000024000078       0x1c /opt/st/stm32cubeide_1.10.1/plugins/com.st.stm32cube.ide.mcu.externaltools.gnu-tools-for-stm32.10.3-2021.10.linux64_1.0.0.202111181127/tools/bin/../lib/gcc/arm-none-eabi/10.3.1/thumb/v7e-m+dp/hard/crtbegin.o
 *(.bss*)
 .bss.htim1     0x0000000024000094       0x4c ./Core/Src/main.o
                0x0000000024000094                htim1
 .bss.htim2     0x00000000240000e0       0x4c ./Core/Src/main.o
                0x00000000240000e0                htim2
 .bss.htim3     0x000000002400012c       0x4c ./Core/Src/main.o
                0x000000002400012c                htim3
 .bss.htim4     0x0000000024000178       0x4c ./Core/Src/main.o
                0x0000000024000178                htim4
 .bss.htim5     0x00000000240001c4       0x4c ./Core/Src/main.o
                0x00000000240001c4                htim5
 .bss.htim6     0x0000000024000210       0x4c ./Core/Src/main.o
                0x0000000024000210                htim6
 .bss.htim7     0x000000002400025c       0x4c ./Core/Src/main.o
                0x000000002400025c                htim7
 .bss.htim8     0x00000000240002a8       0x4c ./Core/Src/main.o
                0x00000000240002a8                htim8
 .bss.htim15    0x00000000240002f4       0x4c ./Core/Src/main.o
                0x00000000240002f4                htim15
 .bss.htim23    0x0000000024000340       0x4c ./Core/Src/main.o
                0x0000000024000340                htim23
 .bss.htim24    0x000000002400038c       0x4c ./Core/Src/main.o
                0x000000002400038c                htim24
 .bss.huart3    0x00000000240003d8       0x90 ./Core/Src/main.o
                0x00000000240003d8                huart3
 .bss.hdma_usart3_rx
                0x0000000024000468       0x78 ./Core/Src/main.o
                0x0000000024000468                hdma_usart3_rx
 .bss.hdma_usart3_tx
                0x00000000240004e0       0x78 ./Core/Src/main.o
                0x00000000240004e0                hdma_usart3_tx
 .bss.PV1       0x0000000024000558        0x8 ./Core/Src/main.o
                0x0000000024000558                PV1
 .bss.PV2       0x0000000024000560        0x8 ./Core/Src/main.o
                0x0000000024000560                PV2
 .bss.PV3       0x0000000024000568        0x8 ./Core/Src/main.o
                0x0000000024000568                PV3
 .bss.PV4       0x0000000024000570        0x8 ./Core/Src/main.o
                0x0000000024000570                PV4
 .bss.SP1       0x0000000024000578        0x8 ./Core/Src/main.o
                0x0000000024000578                SP1
 .bss.SP2       0x0000000024000580        0x8 ./Core/Src/main.o
                0x0000000024000580                SP2
 .bss.SP3       0x0000000024000588        0x8 ./Core/Src/main.o
                0x0000000024000588                SP3
 .bss.SP4       0x0000000024000590        0x8 ./Core/Src/main.o
                0x0000000024000590                SP4
 .bss.error1    0x0000000024000598        0x8 ./Core/Src/main.o
                0x0000000024000598                error1
 .bss.error2    0x00000000240005a0        0x8 ./Core/Src/main.o
                0x00000000240005a0                error2
 .bss.error3    0x00000000240005a8        0x8 ./Core/Src/main.o
                0x00000000240005a8                error3
 .bss.error4    0x00000000240005b0        0x8 ./Core/Src/main.o
                0x00000000240005b0                error4
 .bss.enc1      0x00000000240005b8        0x2 ./Core/Src/main.o
                0x00000000240005b8                enc1
 .bss.enc2      0x00000000240005ba        0x2 ./Core/Src/main.o
                0x00000000240005ba                enc2
 .bss.enc3      0x00000000240005bc        0x2 ./Core/Src/main.o
                0x00000000240005bc                enc3
 .bss.enc4      0x00000000240005be        0x2 ./Core/Src/main.o
                0x00000000240005be                enc4
 .bss.Kp1       0x00000000240005c0        0x8 ./Core/Src/main.o
                0x00000000240005c0                Kp1
 .bss.Kp2       0x00000000240005c8        0x8 ./Core/Src/main.o
                0x00000000240005c8                Kp2
 .bss.Kp3       0x00000000240005d0        0x8 ./Core/Src/main.o
                0x00000000240005d0                Kp3
 .bss.Kp4       0x00000000240005d8        0x8 ./Core/Src/main.o
                0x00000000240005d8                Kp4
 .bss.Ki1       0x00000000240005e0        0x8 ./Core/Src/main.o
                0x00000000240005e0                Ki1
 .bss.Ki2       0x00000000240005e8        0x8 ./Core/Src/main.o
                0x00000000240005e8                Ki2
 .bss.Ki3       0x00000000240005f0        0x8 ./Core/Src/main.o
                0x00000000240005f0                Ki3
 .bss.Ki4       0x00000000240005f8        0x8 ./Core/Src/main.o
                0x00000000240005f8                Ki4
 .bss.ut1       0x0000000024000600        0x8 ./Core/Src/main.o
                0x0000000024000600                ut1
 .bss.ut2       0x0000000024000608        0x8 ./Core/Src/main.o
                0x0000000024000608                ut2
 .bss.ut3       0x0000000024000610        0x8 ./Core/Src/main.o
                0x0000000024000610                ut3
 .bss.ut4       0x0000000024000618        0x8 ./Core/Src/main.o
                0x0000000024000618                ut4
 .bss.error_last1
                0x0000000024000620        0x8 ./Core/Src/main.o
                0x0000000024000620                error_last1
 .bss.error_last2
                0x0000000024000628        0x8 ./Core/Src/main.o
                0x0000000024000628                error_last2
 .bss.error_last3
                0x0000000024000630        0x8 ./Core/Src/main.o
                0x0000000024000630                error_last3
 .bss.error_last4
                0x0000000024000638        0x8 ./Core/Src/main.o
                0x0000000024000638                error_last4
 .bss.errorsum1
                0x0000000024000640        0x8 ./Core/Src/main.o
                0x0000000024000640                errorsum1
 .bss.errorsum2
                0x0000000024000648        0x8 ./Core/Src/main.o
                0x0000000024000648                errorsum2
 .bss.errorsum3
                0x0000000024000650        0x8 ./Core/Src/main.o
                0x0000000024000650                errorsum3
 .bss.errorsum4
                0x0000000024000658        0x8 ./Core/Src/main.o
                0x0000000024000658                errorsum4
 .bss.n         0x0000000024000660        0x4 ./Core/Src/main.o
                0x0000000024000660                n
 .bss.kkk       0x0000000024000664        0x4 ./Core/Src/main.o
                0x0000000024000664                kkk
 .bss.count     0x0000000024000668        0x4 ./Core/Src/main.o
                0x0000000024000668                count
 *fill*         0x000000002400066c        0x4 
 .bss.get_vel_x
                0x0000000024000670        0x8 ./Core/Src/main.o
                0x0000000024000670                get_vel_x
 .bss.get_vel_y
                0x0000000024000678        0x8 ./Core/Src/main.o
                0x0000000024000678                get_vel_y
 .bss.get_vel_z
                0x0000000024000680        0x8 ./Core/Src/main.o
                0x0000000024000680                get_vel_z
 .bss._ZZN13STM32Hardware5flushEvE5mutex
                0x0000000024000688        0x1 ./Core/Src/mainpp.o
                0x0000000024000688                STM32Hardware::flush()::mutex
 *fill*         0x0000000024000689        0x7 
 .bss.pub_out_msg
                0x0000000024000690       0x48 ./Core/Src/mainpp.o
                0x0000000024000690                pub_out_msg
 .bss.nh        0x00000000240006d8     0x153c ./Core/Src/mainpp.o
                0x00000000240006d8                nh
 *fill*         0x0000000024001c14        0x4 
 .bss.sub_vel   0x0000000024001c18       0x60 ./Core/Src/mainpp.o
                0x0000000024001c18                sub_vel
 .bss.pub_vel   0x0000000024001c78       0x14 ./Core/Src/mainpp.o
                0x0000000024001c78                pub_vel
 *fill*         0x0000000024001c8c        0x4 
 .bss.sub       0x0000000024001c90       0x28 ./Core/Src/mainpp.o
                0x0000000024001c90                sub
 .bss.__sbrk_heap_end
                0x0000000024001cb8        0x4 ./Core/Src/sysmem.o
 .bss.uwTick    0x0000000024001cbc        0x4 ./Drivers/STM32H7xx_HAL_Driver/Src/stm32h7xx_hal.o
                0x0000000024001cbc                uwTick
 .bss.__malloc_free_list
                0x0000000024001cc0        0x4 /opt/st/stm32cubeide_1.10.1/plugins/com.st.stm32cube.ide.mcu.externaltools.gnu-tools-for-stm32.10.3-2021.10.linux64_1.0.0.202111181127/tools/bin/../lib/gcc/arm-none-eabi/10.3.1/../../../../arm-none-eabi/lib/thumb/v7e-m+dp/hard/libc_nano.a(lib_a-nano-mallocr.o)
                0x0000000024001cc0                __malloc_free_list
 .bss.__malloc_sbrk_start
                0x0000000024001cc4        0x4 /opt/st/stm32cubeide_1.10.1/plugins/com.st.stm32cube.ide.mcu.externaltools.gnu-tools-for-stm32.10.3-2021.10.linux64_1.0.0.202111181127/tools/bin/../lib/gcc/arm-none-eabi/10.3.1/../../../../arm-none-eabi/lib/thumb/v7e-m+dp/hard/libc_nano.a(lib_a-nano-mallocr.o)
                0x0000000024001cc4                __malloc_sbrk_start
 .bss.errno     0x0000000024001cc8        0x4 /opt/st/stm32cubeide_1.10.1/plugins/com.st.stm32cube.ide.mcu.externaltools.gnu-tools-for-stm32.10.3-2021.10.linux64_1.0.0.202111181127/tools/bin/../lib/gcc/arm-none-eabi/10.3.1/../../../../arm-none-eabi/lib/thumb/v7e-m+dp/hard/libc_nano.a(lib_a-reent.o)
                0x0000000024001cc8                errno
 .bss.__lock___malloc_recursive_mutex
                0x0000000024001ccc        0x1 /opt/st/stm32cubeide_1.10.1/plugins/com.st.stm32cube.ide.mcu.externaltools.gnu-tools-for-stm32.10.3-2021.10.linux64_1.0.0.202111181127/tools/bin/../lib/gcc/arm-none-eabi/10.3.1/../../../../arm-none-eabi/lib/thumb/v7e-m+dp/hard/libc_nano.a(lib_a-lock.o)
                0x0000000024001ccc                __lock___malloc_recursive_mutex
 *(COMMON)
                0x0000000024001cd0                . = ALIGN (0x4)
 *fill*         0x0000000024001ccd        0x3 
                0x0000000024001cd0                _ebss = .
                0x0000000024001cd0                __bss_end__ = _ebss

._user_heap_stack
                0x0000000024001cd0      0x600 load address 0x000000000800f26c
                0x0000000024001cd0                . = ALIGN (0x8)
                [!provide]                        PROVIDE (end = .)
                0x0000000024001cd0                PROVIDE (_end = .)
                0x0000000024001ed0                . = (. + _Min_Heap_Size)
 *fill*         0x0000000024001cd0      0x200 
                0x00000000240022d0                . = (. + _Min_Stack_Size)
 *fill*         0x0000000024001ed0      0x400 
                0x00000000240022d0                . = ALIGN (0x8)

/DISCARD/
 libc.a(*)
 libm.a(*)
 libgcc.a(*)

.ARM.attributes
                0x0000000000000000       0x2e
 *(.ARM.attributes)
 .ARM.attributes
                0x0000000000000000       0x1e /opt/st/stm32cubeide_1.10.1/plugins/com.st.stm32cube.ide.mcu.externaltools.gnu-tools-for-stm32.10.3-2021.10.linux64_1.0.0.202111181127/tools/bin/../lib/gcc/arm-none-eabi/10.3.1/thumb/v7e-m+dp/hard/crti.o
 .ARM.attributes
                0x000000000000001e       0x32 /opt/st/stm32cubeide_1.10.1/plugins/com.st.stm32cube.ide.mcu.externaltools.gnu-tools-for-stm32.10.3-2021.10.linux64_1.0.0.202111181127/tools/bin/../lib/gcc/arm-none-eabi/10.3.1/thumb/v7e-m+dp/hard/crtbegin.o
 .ARM.attributes
                0x0000000000000050       0x32 ./Core/Inc/time.o
 .ARM.attributes
                0x0000000000000082       0x32 ./Core/Src/main.o
 .ARM.attributes
                0x00000000000000b4       0x32 ./Core/Src/mainpp.o
 .ARM.attributes
                0x00000000000000e6       0x32 ./Core/Src/stm32h7xx_hal_msp.o
 .ARM.attributes
                0x0000000000000118       0x32 ./Core/Src/stm32h7xx_it.o
 .ARM.attributes
                0x000000000000014a       0x32 ./Core/Src/syscalls.o
 .ARM.attributes
                0x000000000000017c       0x32 ./Core/Src/sysmem.o
 .ARM.attributes
                0x00000000000001ae       0x32 ./Core/Src/system_stm32h7xx.o
 .ARM.attributes
                0x00000000000001e0       0x21 ./Core/Startup/startup_stm32h723zgtx.o
 .ARM.attributes
                0x0000000000000201       0x32 ./Drivers/STM32H7xx_HAL_Driver/Src/stm32h7xx_hal.o
 .ARM.attributes
                0x0000000000000233       0x32 ./Drivers/STM32H7xx_HAL_Driver/Src/stm32h7xx_hal_cortex.o
 .ARM.attributes
                0x0000000000000265       0x32 ./Drivers/STM32H7xx_HAL_Driver/Src/stm32h7xx_hal_dma.o
 .ARM.attributes
                0x0000000000000297       0x32 ./Drivers/STM32H7xx_HAL_Driver/Src/stm32h7xx_hal_gpio.o
 .ARM.attributes
                0x00000000000002c9       0x32 ./Drivers/STM32H7xx_HAL_Driver/Src/stm32h7xx_hal_pwr_ex.o
 .ARM.attributes
                0x00000000000002fb       0x32 ./Drivers/STM32H7xx_HAL_Driver/Src/stm32h7xx_hal_rcc.o
 .ARM.attributes
                0x000000000000032d       0x32 ./Drivers/STM32H7xx_HAL_Driver/Src/stm32h7xx_hal_rcc_ex.o
 .ARM.attributes