Archive member included to satisfy reference by file (symbol)

/opt/st/stm32cubeide_1.10.1/plugins/com.st.stm32cube.ide.mcu.externaltools.gnu-tools-for-stm32.10.3-2021.10.linux64_1.0.0.202111181127/tools/bin/../lib/gcc/arm-none-eabi/10.3.1/../../../../arm-none-eabi/lib/thumb/v7e-m+dp/hard/libstdc++_nano.a(pure.o)
                              ./Core/Src/mainpp.o (__cxa_pure_virtual)
/opt/st/stm32cubeide_1.10.1/plugins/com.st.stm32cube.ide.mcu.externaltools.gnu-tools-for-stm32.10.3-2021.10.linux64_1.0.0.202111181127/tools/bin/../lib/gcc/arm-none-eabi/10.3.1/../../../../arm-none-eabi/lib/thumb/v7e-m+dp/hard/libstdc++_nano.a(eh_terminate.o)
                              /opt/st/stm32cubeide_1.10.1/plugins/com.st.stm32cube.ide.mcu.externaltools.gnu-tools-for-stm32.10.3-2021.10.linux64_1.0.0.202111181127/tools/bin/../lib/gcc/arm-none-eabi/10.3.1/../../../../arm-none-eabi/lib/thumb/v7e-m+dp/hard/libstdc++_nano.a(pure.o) (std::terminate())
/opt/st/stm32cubeide_1.10.1/plugins/com.st.stm32cube.ide.mcu.externaltools.gnu-tools-for-stm32.10.3-2021.10.linux64_1.0.0.202111181127/tools/bin/../lib/gcc/arm-none-eabi/10.3.1/../../../../arm-none-eabi/lib/thumb/v7e-m+dp/hard/libstdc++_nano.a(eh_unex_handler.o)
                              /opt/st/stm32cubeide_1.10.1/plugins/com.st.stm32cube.ide.mcu.externaltools.gnu-tools-for-stm32.10.3-2021.10.linux64_1.0.0.202111181127/tools/bin/../lib/gcc/arm-none-eabi/10.3.1/../../../../arm-none-eabi/lib/thumb/v7e-m+dp/hard/libstdc++_nano.a(eh_terminate.o) (__cxxabiv1::__unexpected_handler)
/opt/st/stm32cubeide_1.10.1/plugins/com.st.stm32cube.ide.mcu.externaltools.gnu-tools-for-stm32.10.3-2021.10.linux64_1.0.0.202111181127/tools/bin/../lib/gcc/arm-none-eabi/10.3.1/../../../../arm-none-eabi/lib/thumb/v7e-m+dp/hard/libstdc++_nano.a(eh_term_handler.o)
                              /opt/st/stm32cubeide_1.10.1/plugins/com.st.stm32cube.ide.mcu.externaltools.gnu-tools-for-stm32.10.3-2021.10.linux64_1.0.0.202111181127/tools/bin/../lib/gcc/arm-none-eabi/10.3.1/../../../../arm-none-eabi/lib/thumb/v7e-m+dp/hard/libstdc++_nano.a(eh_terminate.o) (__cxxabiv1::__terminate_handler)
/opt/st/stm32cubeide_1.10.1/plugins/com.st.stm32cube.ide.mcu.externaltools.gnu-tools-for-stm32.10.3-2021.10.linux64_1.0.0.202111181127/tools/bin/../lib/gcc/arm-none-eabi/10.3.1/../../../../arm-none-eabi/lib/thumb/v7e-m+dp/hard/libc_nano.a(lib_a-abort.o)
                              /opt/st/stm32cubeide_1.10.1/plugins/com.st.stm32cube.ide.mcu.externaltools.gnu-tools-for-stm32.10.3-2021.10.linux64_1.0.0.202111181127/tools/bin/../lib/gcc/arm-none-eabi/10.3.1/../../../../arm-none-eabi/lib/thumb/v7e-m+dp/hard/libstdc++_nano.a(eh_terminate.o) (abort)
/opt/st/stm32cubeide_1.10.1/plugins/com.st.stm32cube.ide.mcu.externaltools.gnu-tools-for-stm32.10.3-2021.10.linux64_1.0.0.202111181127/tools/bin/../lib/gcc/arm-none-eabi/10.3.1/../../../../arm-none-eabi/lib/thumb/v7e-m+dp/hard/libc_nano.a(lib_a-errno.o)
                              ./Core/Src/syscalls.o (__errno)
/opt/st/stm32cubeide_1.10.1/plugins/com.st.stm32cube.ide.mcu.externaltools.gnu-tools-for-stm32.10.3-2021.10.linux64_1.0.0.202111181127/tools/bin/../lib/gcc/arm-none-eabi/10.3.1/../../../../arm-none-eabi/lib/thumb/v7e-m+dp/hard/libc_nano.a(lib_a-exit.o)
                              /opt/st/stm32cubeide_1.10.1/plugins/com.st.stm32cube.ide.mcu.externaltools.gnu-tools-for-stm32.10.3-2021.10.linux64_1.0.0.202111181127/tools/bin/../lib/gcc/arm-none-eabi/10.3.1/../../../../arm-none-eabi/lib/thumb/v7e-m+dp/hard/crt0.o (exit)
/opt/st/stm32cubeide_1.10.1/plugins/com.st.stm32cube.ide.mcu.externaltools.gnu-tools-for-stm32.10.3-2021.10.linux64_1.0.0.202111181127/tools/bin/../lib/gcc/arm-none-eabi/10.3.1/../../../../arm-none-eabi/lib/thumb/v7e-m+dp/hard/libc_nano.a(lib_a-impure.o)
                              /opt/st/stm32cubeide_1.10.1/plugins/com.st.stm32cube.ide.mcu.externaltools.gnu-tools-for-stm32.10.3-2021.10.linux64_1.0.0.202111181127/tools/bin/../lib/gcc/arm-none-eabi/10.3.1/../../../../arm-none-eabi/lib/thumb/v7e-m+dp/hard/libc_nano.a(lib_a-exit.o) (_global_impure_ptr)
/opt/st/stm32cubeide_1.10.1/plugins/com.st.stm32cube.ide.mcu.externaltools.gnu-tools-for-stm32.10.3-2021.10.linux64_1.0.0.202111181127/tools/bin/../lib/gcc/arm-none-eabi/10.3.1/../../../../arm-none-eabi/lib/thumb/v7e-m+dp/hard/libc_nano.a(lib_a-init.o)
                              /opt/st/stm32cubeide_1.10.1/plugins/com.st.stm32cube.ide.mcu.externaltools.gnu-tools-for-stm32.10.3-2021.10.linux64_1.0.0.202111181127/tools/bin/../lib/gcc/arm-none-eabi/10.3.1/../../../../arm-none-eabi/lib/thumb/v7e-m+dp/hard/crt0.o (__libc_init_array)
/opt/st/stm32cubeide_1.10.1/plugins/com.st.stm32cube.ide.mcu.externaltools.gnu-tools-for-stm32.10.3-2021.10.linux64_1.0.0.202111181127/tools/bin/../lib/gcc/arm-none-eabi/10.3.1/../../../../arm-none-eabi/lib/thumb/v7e-m+dp/hard/libc_nano.a(lib_a-memcpy-stub.o)
                              ./Core/Src/mainpp.o (memcpy)
[...]
Memory Configuration

Name             Origin             Length             Attributes
ITCMRAM          0x0000000000000000 0x0000000000010000 xrw
DTCMRAM          0x0000000020000000 0x0000000000020000 xrw
FLASH            0x0000000008000000 0x0000000000100000 xr
RAM_D1           0x0000000024000000 0x0000000000050000 xrw
RAM_D2           0x0000000030000000 0x0000000000008000 xrw
RAM_D3           0x0000000038000000 0x0000000000004000 xrw
*default*        0x0000000000000000 0xffffffffffffffff

Linker script and memory map

LOAD /opt/st/stm32cubeide_1.10.1/plugins/com.st.stm32cube.ide.mcu.externaltools.gnu-tools-for-stm32.10.3-2021.10.linux64_1.0.0.202111181127/tools/bin/../lib/gcc/arm-none-eabi/10.3.1/thumb/v7e-m+dp/hard/crti.o
LOAD /opt/st/stm32cubeide_1.10.1/plugins/com.st.stm32cube.ide.mcu.externaltools.gnu-tools-for-stm32.10.3-2021.10.linux64_1.0.0.202111181127/tools/bin/../lib/gcc/arm-none-eabi/10.3.1/thumb/v7e-m+dp/hard/crtbegin.o
LOAD /opt/st/stm32cubeide_1.10.1/plugins/com.st.stm32cube.ide.mcu.externaltools.gnu-tools-for-stm32.10.3-2021.10.linux64_1.0.0.202111181127/tools/bin/../lib/gcc/arm-none-eabi/10.3.1/../../../../arm-none-eabi/lib/thumb/v7e-m+dp/hard/crt0.o
LOAD ./Core/Inc/duration.o
LOAD ./Core/Inc/time.o
LOAD ./Core/Src/main.o
LOAD ./Core/Src/mainpp.o
LOAD ./Core/Src/stm32h7xx_hal_msp.o
LOAD ./Core/Src/stm32h7xx_it.o
LOAD ./Core/Src/syscalls.o
LOAD ./Core/Src/sysmem.o
LOAD ./Core/Src/system_stm32h7xx.o
LOAD ./Core/Startup/startup_stm32h723zgtx.o
LOAD ./Drivers/STM32H7xx_HAL_Driver/Src/stm32h7xx_hal.o
LOAD ./Drivers/STM32H7xx_HAL_Driver/Src/stm32h7xx_hal_cortex.o
LOAD ./Drivers/STM32H7xx_HAL_Driver/Src/stm32h7xx_hal_dma.o
LOAD ./Drivers/STM32H7xx_HAL_Driver/Src/stm32h7xx_hal_dma_ex.o
LOAD ./Drivers/STM32H7xx_HAL_Driver/Src/stm32h7xx_hal_exti.o
LOAD ./Drivers/STM32H7xx_HAL_Driver/Src/stm32h7xx_hal_flash.o
LOAD ./Drivers/STM32H7xx_HAL_Driver/Src/stm32h7xx_hal_flash_ex.o
LOAD ./Drivers/STM32H7xx_HAL_Driver/Src/stm32h7xx_hal_gpio.o
LOAD ./Drivers/STM32H7xx_HAL_Driver/Src/stm32h7xx_hal_hsem.o
LOAD ./Drivers/STM32H7xx_HAL_Driver/Src/stm32h7xx_hal_i2c.o
LOAD ./Drivers/STM32H7xx_HAL_Driver/Src/stm32h7xx_hal_i2c_ex.o
LOAD ./Drivers/STM32H7xx_HAL_Driver/Src/stm32h7xx_hal_mdma.o
LOAD ./Drivers/STM32H7xx_HAL_Driver/Src/stm32h7xx_hal_pwr.o
LOAD ./Drivers/STM32H7xx_HAL_Driver/Src/stm32h7xx_hal_pwr_ex.o
LOAD ./Drivers/STM32H7xx_HAL_Driver/Src/stm32h7xx_hal_rcc.o
LOAD ./Drivers/STM32H7xx_HAL_Driver/Src/stm32h7xx_hal_rcc_ex.o
LOAD ./Drivers/STM32H7xx_HAL_Driver/Src/stm32h7xx_hal_tim.o
LOAD ./Drivers/STM32H7xx_HAL_Driver/Src/stm32h7xx_hal_tim_ex.o
LOAD ./Drivers/STM32H7xx_HAL_Driver/Src/stm32h7xx_hal_uart.o
LOAD ./Drivers/STM32H7xx_HAL_Driver/Src/stm32h7xx_hal_uart_ex.o
START GROUP
LOAD /opt/st/stm32cubeide_1.10.1/plugins/com.st.stm32cube.ide.mcu.externaltools.gnu-tools-for-stm32.10.3-2021.10.linux64_1.0.0.202111181127/tools/bin/../lib/gcc/arm-none-eabi/10.3.1/../../../../arm-none-eabi/lib/thumb/v7e-m+dp/hard/libstdc++_nano.a
LOAD /opt/st/stm32cubeide_1.10.1/plugins/com.st.stm32cube.ide.mcu.externaltools.gnu-tools-for-stm32.10.3-2021.10.linux64_1.0.0.202111181127/tools/bin/../lib/gcc/arm-none-eabi/10.3.1/../../../../arm-none-eabi/lib/thumb/v7e-m+dp/hard/libsupc++_nano.a
END GROUP
LOAD /opt/st/stm32cubeide_1.10.1/plugins/com.st.stm32cube.ide.mcu.externaltools.gnu-tools-for-stm32.10.3-2021.10.linux64_1.0.0.202111181127/tools/bin/../lib/gcc/arm-none-eabi/10.3.1/../../../../arm-none-eabi/lib/thumb/v7e-m+dp/hard/libstdc++_nano.a
LOAD /opt/st/stm32cubeide_1.10.1/plugins/com.st.stm32cube.ide.mcu.externaltools.gnu-tools-for-stm32.10.3-2021.10.linux64_1.0.0.202111181127/tools/bin/../lib/gcc/arm-none-eabi/10.3.1/../../../../arm-none-eabi/lib/thumb/v7e-m+dp/hard/libm.a
LOAD /opt/st/stm32cubeide_1.10.1/plugins/com.st.stm32cube.ide.mcu.externaltools.gnu-tools-for-stm32.10.3-2021.10.linux64_1.0.0.202111181127/tools/bin/../lib/gcc/arm-none-eabi/10.3.1/../../../../arm-none-eabi/lib/thumb/v7e-m+dp/hard/libc_nano.a
START GROUP
LOAD /opt/st/stm32cubeide_1.10.1/plugins/com.st.stm32cube.ide.mcu.externaltools.gnu-tools-for-stm32.10.3-2021.10.linux64_1.0.0.202111181127/tools/bin/../lib/gcc/arm-none-eabi/10.3.1/thumb/v7e-m+dp/hard/libgcc.a
LOAD /opt/st/stm32cubeide_1.10.1/plugins/com.st.stm32cube.ide.mcu.externaltools.gnu-tools-for-stm32.10.3-2021.10.linux64_1.0.0.202111181127/tools/bin/../lib/gcc/arm-none-eabi/10.3.1/../../../../arm-none-eabi/lib/thumb/v7e-m+dp/hard/libc_nano.a
END GROUP
START GROUP
LOAD /opt/st/stm32cubeide_1.10.1/plugins/com.st.stm32cube.ide.mcu.externaltools.gnu-tools-for-stm32.10.3-2021.10.linux64_1.0.0.202111181127/tools/bin/../lib/gcc/arm-none-eabi/10.3.1/thumb/v7e-m+dp/hard/libgcc.a
LOAD /opt/st/stm32cubeide_1.10.1/plugins/com.st.stm32cube.ide.mcu.externaltools.gnu-tools-for-stm32.10.3-2021.10.linux64_1.0.0.202111181127/tools/bin/../lib/gcc/arm-none-eabi/10.3.1/../../../../arm-none-eabi/lib/thumb/v7e-m+dp/hard/libc_nano.a
END GROUP
LOAD /opt/st/stm32cubeide_1.10.1/plugins/com.st.stm32cube.ide.mcu.externaltools.gnu-tools-for-stm32.10.3-2021.10.linux64_1.0.0.202111181127/tools/bin/../lib/gcc/arm-none-eabi/10.3.1/thumb/v7e-m+dp/hard/crtend.o
LOAD /opt/st/stm32cubeide_1.10.1/plugins/com.st.stm32cube.ide.mcu.externaltools.gnu-tools-for-stm32.10.3-2021.10.linux64_1.0.0.202111181127/tools/bin/../lib/gcc/arm-none-eabi/10.3.1/thumb/v7e-m+dp/hard/crtn.o
                0x0000000024050000                _estack = (ORIGIN (RAM_D1) + LENGTH (RAM_D1))
                0x0000000000000200                _Min_Heap_Size = 0x200
                0x0000000000000400                _Min_Stack_Size = 0x400

.isr_vector     0x0000000008000000      0x2cc
                0x0000000008000000                . = ALIGN (0x4)
 *(.isr_vector)
 .isr_vector    0x0000000008000000      0x2cc ./Core/Startup/startup_stm32h723zgtx.o
                0x0000000008000000                g_pfnVectors
                0x00000000080002cc                . = ALIGN (0x4)

.text           0x00000000080002d0     0xee14
                0x00000000080002d0                . = ALIGN (0x4)
 *(.text)
 .text          0x00000000080002d0       0x40 /opt/st/stm32cubeide_1.10.1/plugins/com.st.stm32cube.ide.mcu.externaltools.gnu-tools-for-stm32.10.3-2021.10.linux64_1.0.0.202111181127/tools/bin/../lib/gcc/arm-none-eabi/10.3.1/thumb/v7e-m+dp/hard/crtbegin.o
 .text          0x0000000008000310       0x10 /opt/st/stm32cubeide_1.10.1/plugins/com.st.stm32cube.ide.mcu.externaltools.gnu-tools-for-stm32.10.3-2021.10.linux64_1.0.0.202111181127/tools/bin/../lib/gcc/arm-none-eabi/10.3.1/../../../../arm-none-eabi/lib/thumb/v7e-m+dp/hard/libc_nano.a(lib_a-strlen.o)
                0x0000000008000310                strlen
 .text          0x0000000008000320       0x30 /opt/st/stm32cubeide_1.10.1/plugins/com.st.stm32cube.ide.mcu.externaltools.gnu-tools-for-stm32.10.3-2021.10.linux64_1.0.0.202111181127/tools/bin/../lib/gcc/arm-none-eabi/10.3.1/thumb/v7e-m+dp/hard/libgcc.a(_aeabi_uldivmod.o)
                0x0000000008000320                __aeabi_uldivmod
 .text          0x0000000008000350      0x2d0 /opt/st/stm32cubeide_1.10.1/plugins/com.st.stm32cube.ide.mcu.externaltools.gnu-tools-for-stm32.10.3-2021.10.linux64_1.0.0.202111181127/tools/bin/../lib/gcc/arm-none-eabi/10.3.1/thumb/v7e-m+dp/hard/libgcc.a(_udivmoddi4.o)
                0x0000000008000350                __udivmoddi4
 .text          0x0000000008000620        0x4 /opt/st/stm32cubeide_1.10.1/plugins/com.st.stm32cube.ide.mcu.externaltools.gnu-tools-for-stm32.10.3-2021.10.linux64_1.0.0.202111181127/tools/bin/../lib/gcc/arm-none-eabi/10.3.1/thumb/v7e-m+dp/hard/libgcc.a(_dvmd_tls.o)
                0x0000000008000620                __aeabi_ldiv0
                0x0000000008000620                __aeabi_idiv0
 *(.text*)
 .text._ZN3ros16normalizeSecNSecERmS0_
                0x0000000008000624       0x58 ./Core/Inc/time.o
                0x0000000008000624                ros::normalizeSecNSec(unsigned long&, unsigned long&)
 *fill*         0x000000000800067c        0x4 
 .text.main     0x0000000008000680      0x3c8 ./Core/Src/main.o
                0x0000000008000680                main
 .text.SystemClock_Config
                0x0000000008000a48       0xdc ./Core/Src/main.o
                0x0000000008000a48                SystemClock_Config
 .text.MX_TIM1_Init
                0x0000000008000b24      0x120 ./Core/Src/main.o
 .text.MX_TIM2_Init
                0x0000000008000c44       0x9c ./Core/Src/main.o
 .text.MX_TIM3_Init
                0x0000000008000ce0       0xac ./Core/Src/main.o
 .text.MX_TIM4_Init
                0x0000000008000d8c       0xb4 ./Core/Src/main.o
 .text.MX_TIM5_Init
                0x0000000008000e40       0xb4 ./Core/Src/main.o
 .text.MX_TIM6_Init
                0x0000000008000ef4       0x80 ./Core/Src/main.o
 .text.MX_TIM7_Init
                0x0000000008000f74       0x6c ./Core/Src/main.o
 .text.MX_TIM8_Init
                0x0000000008000fe0       0xb4 ./Core/Src/main.o
 .text.MX_TIM15_Init
                0x0000000008001094      0x10c ./Core/Src/main.o
 .text.MX_TIM23_Init
                0x00000000080011a0       0xac ./Core/Src/main.o
 .text.MX_TIM24_Init
                0x000000000800124c       0xac ./Core/Src/main.o
 .text.MX_USART3_UART_Init
                0x00000000080012f8       0x98 ./Core/Src/main.o
 .text.MX_DMA_Init
                0x0000000008001390       0x50 ./Core/Src/main.o
 .text.MX_GPIO_Init
                0x00000000080013e0      0x2d8 ./Core/Src/main.o
 .text.HAL_TIM_PeriodElapsedCallback
                0x00000000080016b8      0x890 ./Core/Src/main.o
                0x00000000080016b8                HAL_TIM_PeriodElapsedCallback
 .text.Error_Handler
                0x0000000008001f48        0xa ./Core/Src/main.o
                0x0000000008001f48                Error_Handler
 .text._ZN3ros4TimeC2Ev
                0x0000000008001f52       0x22 ./Core/Src/mainpp.o
                0x0000000008001f52                ros::Time::Time()
                0x0000000008001f52                ros::Time::Time()
 .text._ZN3ros3MsgC2Ev
                0x0000000008001f74       0x20 ./Core/Src/mainpp.o
                0x0000000008001f74                ros::Msg::Msg()
                0x0000000008001f74                ros::Msg::Msg()
 .text._ZN8std_msgs4TimeC2Ev
                0x0000000008001f94       0x30 ./Core/Src/mainpp.o
                0x0000000008001f94                std_msgs::Time::Time()
                0x0000000008001f94                std_msgs::Time::Time()
 .text._ZNK8std_msgs4Time9serializeEPh
                0x0000000008001fc4       0xb0 ./Core/Src/mainpp.o
                0x0000000008001fc4                std_msgs::Time::serialize(unsigned char*) const
 .text._ZN8std_msgs4Time11deserializeEPh
                0x0000000008002074       0xc8 ./Core/Src/mainpp.o
                0x0000000008002074                std_msgs::Time::deserialize(unsigned char*)
 .text._ZN8std_msgs4Time7getTypeEv
                0x000000000800213c       0x1c ./Core/Src/mainpp.o
                0x000000000800213c                std_msgs::Time::getType()
 .text._ZN8std_msgs4Time6getMD5Ev
                0x0000000008002158       0x1c ./Core/Src/mainpp.o
                0x0000000008002158                std_msgs::Time::getMD5()
 .text._ZN14rosserial_msgs9TopicInfoC2Ev
                0x0000000008002174       0x48 ./Core/Src/mainpp.o
                0x0000000008002174                rosserial_msgs::TopicInfo::TopicInfo()
                0x0000000008002174                rosserial_msgs::TopicInfo::TopicInfo()
 .text._ZNK14rosserial_msgs9TopicInfo9serializeEPh
                0x00000000080021bc      0x136 ./Core/Src/mainpp.o
                0x00000000080021bc                rosserial_msgs::TopicInfo::serialize(unsigned char*) const
 .text._ZN14rosserial_msgs9TopicInfo11deserializeEPh
                0x00000000080022f2      0x1d0 ./Core/Src/mainpp.o
                0x00000000080022f2                rosserial_msgs::TopicInfo::deserialize(unsigned char*)
 *fill*         0x00000000080024c2        0x2 
 .text._ZN14rosserial_msgs9TopicInfo7getTypeEv
                0x00000000080024c4       0x1c ./Core/Src/mainpp.o
                0x00000000080024c4                rosserial_msgs::TopicInfo::getType()
 .text._ZN14rosserial_msgs9TopicInfo6getMD5Ev
                0x00000000080024e0       0x1c ./Core/Src/mainpp.o
                0x00000000080024e0                rosserial_msgs::TopicInfo::getMD5()
 .text._ZN14rosserial_msgs3LogC2Ev
                0x00000000080024fc       0x34 ./Core/Src/mainpp.o
                0x00000000080024fc                rosserial_msgs::Log::Log()
                0x00000000080024fc                rosserial_msgs::Log::Log()
 .text._ZNK14rosserial_msgs3Log9serializeEPh
                0x0000000008002530       0x64 ./Core/Src/mainpp.o
                0x0000000008002530                rosserial_msgs::Log::serialize(unsigned char*) const
 .text._ZN14rosserial_msgs3Log11deserializeEPh
                0x0000000008002594       0x90 ./Core/Src/mainpp.o
                0x0000000008002594                rosserial_msgs::Log::deserialize(unsigned char*)
 .text._ZN14rosserial_msgs3Log7getTypeEv
                0x0000000008002624       0x1c ./Core/Src/mainpp.o
                0x0000000008002624                rosserial_msgs::Log::getType()
 .text._ZN14rosserial_msgs3Log6getMD5Ev
                0x0000000008002640       0x1c ./Core/Src/mainpp.o
                0x0000000008002640                rosserial_msgs::Log::getMD5()
 .text._ZN14rosserial_msgs20RequestParamResponseC2Ev
                0x000000000800265c       0x48 ./Core/Src/mainpp.o
                0x000000000800265c                rosserial_msgs::RequestParamResponse::RequestParamResponse()
                0x000000000800265c                rosserial_msgs::RequestParamResponse::RequestParamResponse()
 .text._ZNK14rosserial_msgs20RequestParamResponse9serializeEPh
                0x00000000080026a4      0x222 ./Core/Src/mainpp.o
                0x00000000080026a4                rosserial_msgs::RequestParamResponse::serialize(unsigned char*) const
 .text._ZN14rosserial_msgs20RequestParamResponse11deserializeEPh
                0x00000000080028c6      0x2e2 ./Core/Src/mainpp.o
                0x00000000080028c6                rosserial_msgs::RequestParamResponse::deserialize(unsigned char*)
 .text._ZN14rosserial_msgs20RequestParamResponse7getTypeEv
                0x0000000008002ba8       0x1c ./Core/Src/mainpp.o
                0x0000000008002ba8                rosserial_msgs::RequestParamResponse::getType()
 .text._ZN14rosserial_msgs20RequestParamResponse6getMD5Ev
                0x0000000008002bc4       0x1c ./Core/Src/mainpp.o
                0x0000000008002bc4                rosserial_msgs::RequestParamResponse::getMD5()
 .text._ZN3ros9PublisherC2EPKcPNS_3MsgEi
                0x0000000008002be0       0x2e ./Core/Src/mainpp.o
                0x0000000008002be0                ros::Publisher::Publisher(char const*, ros::Msg*, int)
                0x0000000008002be0                ros::Publisher::Publisher(char const*, ros::Msg*, int)
 .text._ZN3ros9Publisher7publishEPKNS_3MsgE
                0x0000000008002c0e       0x28 ./Core/Src/mainpp.o
                0x0000000008002c0e                ros::Publisher::publish(ros::Msg const*)
 .text._ZN3ros9Publisher15getEndpointTypeEv
                0x0000000008002c36       0x18 ./Core/Src/mainpp.o
                0x0000000008002c36                ros::Publisher::getEndpointType()
 *fill*         0x0000000008002c4e        0x2 
 .text._ZN13STM32Hardware10getRdmaIndEv
                0x0000000008002c50      0x15c ./Core/Src/mainpp.o
                0x0000000008002c50                STM32Hardware::getRdmaInd()
 .text._ZN13STM32HardwareC2Ev
                0x0000000008002dac       0x40 ./Core/Src/mainpp.o
                0x0000000008002dac                STM32Hardware::STM32Hardware()
                0x0000000008002dac                STM32Hardware::STM32Hardware()
 .text._ZN13STM32Hardware4initEv
                0x0000000008002dec       0x16 ./Core/Src/mainpp.o
                0x0000000008002dec                STM32Hardware::init()
 .text._ZN13STM32Hardware10reset_rbufEv
                0x0000000008002e02       0x22 ./Core/Src/mainpp.o
                0x0000000008002e02                STM32Hardware::reset_rbuf()
 .text._ZN13STM32Hardware4readEv
                0x0000000008002e24       0x5a ./Core/Src/mainpp.o
                0x0000000008002e24                STM32Hardware::read()
 *fill*         0x0000000008002e7e        0x2 
 .text._ZN13STM32Hardware5flushEv
                0x0000000008002e80       0xcc ./Core/Src/mainpp.o
                0x0000000008002e80                STM32Hardware::flush()
 .text._ZN13STM32Hardware5writeEPhi
                0x0000000008002f4c       0x94 ./Core/Src/mainpp.o
                0x0000000008002f4c                STM32Hardware::write(unsigned char*, int)
 .text._ZN13STM32Hardware4timeEv
                0x0000000008002fe0       0x16 ./Core/Src/mainpp.o
                0x0000000008002fe0                STM32Hardware::time()
 *fill*         0x0000000008002ff6        0x2 
 .text._ZN8std_msgs5Int64C2Ev
                0x0000000008002ff8       0x34 ./Core/Src/mainpp.o
                0x0000000008002ff8                std_msgs::Int64::Int64()
                0x0000000008002ff8                std_msgs::Int64::Int64()
 .text._ZNK8std_msgs5Int649serializeEPh
                0x000000000800302c      0x10a ./Core/Src/mainpp.o
                0x000000000800302c                std_msgs::Int64::serialize(unsigned char*) const
 .text._ZN8std_msgs5Int6411deserializeEPh
                0x0000000008003136      0x206 ./Core/Src/mainpp.o
                0x0000000008003136                std_msgs::Int64::deserialize(unsigned char*)
 .text._ZN8std_msgs5Int647getTypeEv
                0x000000000800333c       0x1c ./Core/Src/mainpp.o
                0x000000000800333c                std_msgs::Int64::getType()
 .text._ZN8std_msgs5Int646getMD5Ev
                0x0000000008003358       0x1c ./Core/Src/mainpp.o
                0x0000000008003358                std_msgs::Int64::getMD5()
 .text._ZN13geometry_msgs7Vector3C2Ev
                0x0000000008003374       0x50 ./Core/Src/mainpp.o
                0x0000000008003374                geometry_msgs::Vector3::Vector3()
                0x0000000008003374                geometry_msgs::Vector3::Vector3()
 .text._ZNK13geometry_msgs7Vector39serializeEPh
                0x00000000080033c4      0x2e6 ./Core/Src/mainpp.o
                0x00000000080033c4                geometry_msgs::Vector3::serialize(unsigned char*) const
 .text._ZN13geometry_msgs7Vector311deserializeEPh
                0x00000000080036aa      0x6be ./Core/Src/mainpp.o
                0x00000000080036aa                geometry_msgs::Vector3::deserialize(unsigned char*)
 .text._ZN13geometry_msgs7Vector37getTypeEv
                0x0000000008003d68       0x1c ./Core/Src/mainpp.o
                0x0000000008003d68                geometry_msgs::Vector3::getType()
 .text._ZN13geometry_msgs7Vector36getMD5Ev
                0x0000000008003d84       0x1c ./Core/Src/mainpp.o
                0x0000000008003d84                geometry_msgs::Vector3::getMD5()
 .text._ZN13geometry_msgs5TwistC2Ev
                0x0000000008003da0       0x38 ./Core/Src/mainpp.o
                0x0000000008003da0                geometry_msgs::Twist::Twist()
                0x0000000008003da0                geometry_msgs::Twist::Twist()
 .text._ZNK13geometry_msgs5Twist9serializeEPh
                0x0000000008003dd8       0x4c ./Core/Src/mainpp.o
                0x0000000008003dd8                geometry_msgs::Twist::serialize(unsigned char*) const
 .text._ZN13geometry_msgs5Twist11deserializeEPh
                0x0000000008003e24       0x4c ./Core/Src/mainpp.o
                0x0000000008003e24                geometry_msgs::Twist::deserialize(unsigned char*)
 .text._ZN13geometry_msgs5Twist7getTypeEv
                0x0000000008003e70       0x1c ./Core/Src/mainpp.o
                0x0000000008003e70                geometry_msgs::Twist::getType()
 .text._ZN13geometry_msgs5Twist6getMD5Ev
                0x0000000008003e8c       0x1c ./Core/Src/mainpp.o
                0x0000000008003e8c                geometry_msgs::Twist::getMD5()
 .text._Z10sub_vel_cbRKN13geometry_msgs5TwistE
                0x0000000008003ea8       0x44 ./Core/Src/mainpp.o
                0x0000000008003ea8                sub_vel_cb(geometry_msgs::Twist const&)
 .text._Z8callbackRKN8std_msgs5Int64E
                0x0000000008003eec       0x24 ./Core/Src/mainpp.o
                0x0000000008003eec                callback(std_msgs::Int64 const&)
 .text.HAL_UART_TxCpltCallback
                0x0000000008003f10       0x24 ./Core/Src/mainpp.o
                0x0000000008003f10                HAL_UART_TxCpltCallback
 .text.HAL_UART_RxCpltCallback
                0x0000000008003f34       0x24 ./Core/Src/mainpp.o
                0x0000000008003f34                HAL_UART_RxCpltCallback
 .text.setup    0x0000000008003f58       0x38 ./Core/Src/mainpp.o
                0x0000000008003f58                setup
 .text.loop     0x0000000008003f90       0x14 ./Core/Src/mainpp.o
                0x0000000008003f90                loop
 .text.publish_vel
                0x0000000008003fa4       0x48 ./Core/Src/mainpp.o
                0x0000000008003fa4                publish_vel
 .text._ZN3ros3Msg8varToArrIPhmEEvT_T0_
                0x0000000008003fec       0x3c ./Core/Src/mainpp.o
                0x0000000008003fec                void ros::Msg::varToArr<unsigned char*, unsigned long>(unsigned char*, unsigned long)
 .text._ZN3ros3Msg8arrToVarImPhEEvRT_T0_
                0x0000000008004028       0x4a ./Core/Src/mainpp.o
                0x0000000008004028                void ros::Msg::arrToVar<unsigned long, unsigned char*>(unsigned long&, unsigned char*)
 *fill*         0x0000000008004072        0x2 
 .text._ZN3ros15NodeHandleBase_C2Ev
                0x0000000008004074       0x20 ./Core/Src/mainpp.o
                0x0000000008004074                ros::NodeHandleBase_::NodeHandleBase_()
                0x0000000008004074                ros::NodeHandleBase_::NodeHandleBase_()
 .text._ZN3ros11NodeHandle_I13STM32HardwareLi25ELi25ELi512ELi512EEC2Ev
                0x0000000008004094      0x134 ./Core/Src/mainpp.o
                0x0000000008004094                ros::NodeHandle_<STM32Hardware, 25, 25, 512, 512>::NodeHandle_()
                0x0000000008004094                ros::NodeHandle_<STM32Hardware, 25, 25, 512, 512>::NodeHandle_()
 .text._ZN3ros11Subscriber_C2Ev
                0x00000000080041c8       0x20 ./Core/Src/mainpp.o
                0x00000000080041c8                ros::Subscriber_::Subscriber_()
                0x00000000080041c8                ros::Subscriber_::Subscriber_()
 .text._ZN3ros10SubscriberIN13geometry_msgs5TwistEvEC2EPKcPFvRKS2_Ei
                0x00000000080041e8       0x48 ./Core/Src/mainpp.o
                0x00000000080041e8                ros::Subscriber<geometry_msgs::Twist, void>::Subscriber(char const*, void (*)(geometry_msgs::Twist const&), int)
                0x00000000080041e8                ros::Subscriber<geometry_msgs::Twist, void>::Subscriber(char const*, void (*)(geometry_msgs::Twist const&), int)
 .text._ZN3ros10SubscriberIN8std_msgs5Int64EvEC2EPKcPFvRKS2_Ei
                0x0000000008004230       0x48 ./Core/Src/mainpp.o
                0x0000000008004230                ros::Subscriber<std_msgs::Int64, void>::Subscriber(char const*, void (*)(std_msgs::Int64 const&), int)
                0x0000000008004230                ros::Subscriber<std_msgs::Int64, void>::Subscriber(char const*, void (*)(std_msgs::Int64 const&), int)
 .text._ZN3ros11NodeHandle_I13STM32HardwareLi25ELi25ELi512ELi512EE11getHardwareEv
                0x0000000008004278       0x18 ./Core/Src/mainpp.o
                0x0000000008004278                ros::NodeHandle_<STM32Hardware, 25, 25, 512, 512>::getHardware()
 .text._ZN3ros11NodeHandle_I13STM32HardwareLi25ELi25ELi512ELi512EE8initNodeEv
                0x0000000008004290       0x52 ./Core/Src/mainpp.o
                0x0000000008004290                ros::NodeHandle_<STM32Hardware, 25, 25, 512, 512>::initNode()
 .text._ZN3ros11NodeHandle_I13STM32HardwareLi25ELi25ELi512ELi512EE9subscribeINS_10SubscriberIN13geometry_msgs5TwistEvEEEEbRT_
                0x00000000080042e2       0x56 ./Core/Src/mainpp.o
                0x00000000080042e2                bool ros::NodeHandle_<STM32Hardware, 25, 25, 512, 512>::subscribe<ros::Subscriber<geometry_msgs::Twist, void> >(ros::Subscriber<geometry_msgs::Twist, void>&)
 .text._ZN3ros11NodeHandle_I13STM32HardwareLi25ELi25ELi512ELi512EE9subscribeINS_10SubscriberIN8std_msgs5Int64EvEEEEbRT_
                0x0000000008004338       0x56 ./Core/Src/mainpp.o
                0x0000000008004338                bool ros::NodeHandle_<STM32Hardware, 25, 25, 512, 512>::subscribe<ros::Subscriber<std_msgs::Int64, void> >(ros::Subscriber<std_msgs::Int64, void>&)
 .text._ZN3ros11NodeHandle_I13STM32HardwareLi25ELi25ELi512ELi512EE9advertiseERNS_9PublisherE
                0x000000000800438e       0x60 ./Core/Src/mainpp.o
                0x000000000800438e                ros::NodeHandle_<STM32Hardware, 25, 25, 512, 512>::advertise(ros::Publisher&)
 .text._ZN3ros11NodeHandle_I13STM32HardwareLi25ELi25ELi512ELi512EE8spinOnceEv
                0x00000000080043ee      0x4f0 ./Core/Src/mainpp.o
                0x00000000080043ee                ros::NodeHandle_<STM32Hardware, 25, 25, 512, 512>::spinOnce()
 .text._ZN3ros11NodeHandle_I13STM32HardwareLi25ELi25ELi512ELi512EE15requestSyncTimeEv
                0x00000000080048de       0x3e ./Core/Src/mainpp.o
                0x00000000080048de                ros::NodeHandle_<STM32Hardware, 25, 25, 512, 512>::requestSyncTime()
 .text._ZN3ros11NodeHandle_I13STM32HardwareLi25ELi25ELi512ELi512EE15negotiateTopicsEv
                0x000000000800491c      0x1c2 ./Core/Src/mainpp.o
                0x000000000800491c                ros::NodeHandle_<STM32Hardware, 25, 25, 512, 512>::negotiateTopics()
 *fill*         0x0000000008004ade        0x2 
 .text._ZN3ros11NodeHandle_I13STM32HardwareLi25ELi25ELi512ELi512EE8syncTimeEPh
                0x0000000008004ae0       0x9c ./Core/Src/mainpp.o
                0x0000000008004ae0                ros::NodeHandle_<STM32Hardware, 25, 25, 512, 512>::syncTime(unsigned char*)
 .text._ZN3ros11NodeHandle_I13STM32HardwareLi25ELi25ELi512ELi512EE7publishEiPKNS_3MsgE
                0x0000000008004b7c      0x158 ./Core/Src/mainpp.o
                0x0000000008004b7c                ros::NodeHandle_<STM32Hardware, 25, 25, 512, 512>::publish(int, ros::Msg const*)
 .text._ZN3ros11NodeHandle_I13STM32HardwareLi25ELi25ELi512ELi512EE6setNowERNS_4TimeE
                0x0000000008004cd4       0x88 ./Core/Src/mainpp.o
                0x0000000008004cd4                ros::NodeHandle_<STM32Hardware, 25, 25, 512, 512>::setNow(ros::Time&)
 .text._ZN3ros11NodeHandle_I13STM32HardwareLi25ELi25ELi512ELi512EE8logerrorEPKc
                0x0000000008004d5c       0x1c ./Core/Src/mainpp.o
                0x0000000008004d5c                ros::NodeHandle_<STM32Hardware, 25, 25, 512, 512>::logerror(char const*)
 .text._ZN3ros11NodeHandle_I13STM32HardwareLi25ELi25ELi512ELi512EE3logEcPKc
                0x0000000008004d78       0x38 ./Core/Src/mainpp.o
                0x0000000008004d78                ros::NodeHandle_<STM32Hardware, 25, 25, 512, 512>::log(char, char const*)
 .text._Z41__static_initialization_and_destruction_0ii
                0x0000000008004db0       0x7c ./Core/Src/mainpp.o
 .text._ZN3ros10SubscriberIN8std_msgs5Int64EvE8callbackEPh
                0x0000000008004e2c       0x2a ./Core/Src/mainpp.o
                0x0000000008004e2c                ros::Subscriber<std_msgs::Int64, void>::callback(unsigned char*)
 .text._ZN3ros10SubscriberIN8std_msgs5Int64EvE15getEndpointTypeEv
                0x0000000008004e56       0x18 ./Core/Src/mainpp.o
                0x0000000008004e56                ros::Subscriber<std_msgs::Int64, void>::getEndpointType()
 .text._ZN3ros10SubscriberIN8std_msgs5Int64EvE10getMsgTypeEv
                0x0000000008004e6e       0x1c ./Core/Src/mainpp.o
                0x0000000008004e6e                ros::Subscriber<std_msgs::Int64, void>::getMsgType()
 .text._ZN3ros10SubscriberIN8std_msgs5Int64EvE9getMsgMD5Ev
                0x0000000008004e8a       0x1c ./Core/Src/mainpp.o
                0x0000000008004e8a                ros::Subscriber<std_msgs::Int64, void>::getMsgMD5()
 .text._ZN3ros10SubscriberIN13geometry_msgs5TwistEvE8callbackEPh
                0x0000000008004ea6       0x2a ./Core/Src/mainpp.o
                0x0000000008004ea6                ros::Subscriber<geometry_msgs::Twist, void>::callback(unsigned char*)
 .text._ZN3ros10SubscriberIN13geometry_msgs5TwistEvE15getEndpointTypeEv
                0x0000000008004ed0       0x18 ./Core/Src/mainpp.o
                0x0000000008004ed0                ros::Subscriber<geometry_msgs::Twist, void>::getEndpointType()
 .text._ZN3ros10SubscriberIN13geometry_msgs5TwistEvE10getMsgTypeEv
                0x0000000008004ee8       0x1c ./Core/Src/mainpp.o
                0x0000000008004ee8                ros::Subscriber<geometry_msgs::Twist, void>::getMsgType()
 .text._ZN3ros10SubscriberIN13geometry_msgs5TwistEvE9getMsgMD5Ev
                0x0000000008004f04       0x1c ./Core/Src/mainpp.o
                0x0000000008004f04                ros::Subscriber<geometry_msgs::Twist, void>::getMsgMD5()
 .text._ZN3ros11NodeHandle_I13STM32HardwareLi25ELi25ELi512ELi512EE9connectedEv
                0x0000000008004f20       0x1e ./Core/Src/mainpp.o
                0x0000000008004f20                ros::NodeHandle_<STM32Hardware, 25, 25, 512, 512>::connected()
 .text._GLOBAL__sub_I_pub_out_msg
                0x0000000008004f3e       0x10 ./Core/Src/mainpp.o
 *fill*         0x0000000008004f4e        0x2 
 .text.HAL_MspInit
                0x0000000008004f50       0x40 ./Core/Src/stm32h7xx_hal_msp.o
                0x0000000008004f50                HAL_MspInit
 .text.HAL_TIM_PWM_MspInit
                0x0000000008004f90       0xd0 ./Core/Src/stm32h7xx_hal_msp.o
                0x0000000008004f90                HAL_TIM_PWM_MspInit
 .text.HAL_TIM_Base_MspInit
                0x0000000008005060       0xa8 ./Core/Src/stm32h7xx_hal_msp.o
                0x0000000008005060                HAL_TIM_Base_MspInit
 .text.HAL_TIM_Encoder_MspInit
                0x0000000008005108      0x224 ./Core/Src/stm32h7xx_hal_msp.o
                0x0000000008005108                HAL_TIM_Encoder_MspInit
 .text.HAL_TIM_MspPostInit
                0x000000000800532c      0x16c ./Core/Src/stm32h7xx_hal_msp.o
                0x000000000800532c                HAL_TIM_MspPostInit
 .text.HAL_UART_MspInit
                0x0000000008005498      0x1a4 ./Core/Src/stm32h7xx_hal_msp.o
                0x0000000008005498                HAL_UART_MspInit
 .text.NMI_Handler
                0x000000000800563c        0x6 ./Core/Src/stm32h7xx_it.o
                0x000000000800563c                NMI_Handler
 .text.HardFault_Handler
                0x0000000008005642        0x6 ./Core/Src/stm32h7xx_it.o
                0x0000000008005642                HardFault_Handler
 .text.MemManage_Handler
                0x0000000008005648        0x6 ./Core/Src/stm32h7xx_it.o
                0x0000000008005648                MemManage_Handler
 .text.BusFault_Handler
                0x000000000800564e        0x6 ./Core/Src/stm32h7xx_it.o
                0x000000000800564e                BusFault_Handler
 .text.UsageFault_Handler
                0x0000000008005654        0x6 ./Core/Src/stm32h7xx_it.o
                0x0000000008005654                UsageFault_Handler
 .text.SVC_Handler
                0x000000000800565a        0xe ./Core/Src/stm32h7xx_it.o
                0x000000000800565a                SVC_Handler
 .text.DebugMon_Handler
                0x0000000008005668        0xe ./Core/Src/stm32h7xx_it.o
                0x0000000008005668                DebugMon_Handler
 .text.PendSV_Handler
                0x0000000008005676        0xe ./Core/Src/stm32h7xx_it.o
                0x0000000008005676                PendSV_Handler
 .text.SysTick_Handler
                0x0000000008005684        0xc ./Core/Src/stm32h7xx_it.o
                0x0000000008005684                SysTick_Handler
 .text.RCC_IRQHandler
                0x0000000008005690        0xe ./Core/Src/stm32h7xx_it.o
                0x0000000008005690                RCC_IRQHandler
 *fill*         0x000000000800569e        0x2 
 .text.DMA1_Stream0_IRQHandler
                0x00000000080056a0       0x14 ./Core/Src/stm32h7xx_it.o
                0x00000000080056a0                DMA1_Stream0_IRQHandler
 .text.DMA1_Stream1_IRQHandler
                0x00000000080056b4       0x14 ./Core/Src/stm32h7xx_it.o
                0x00000000080056b4                DMA1_Stream1_IRQHandler
 .text.TIM2_IRQHandler
                0x00000000080056c8       0x14 ./Core/Src/stm32h7xx_it.o
                0x00000000080056c8                TIM2_IRQHandler
 .text.USART3_IRQHandler
                0x00000000080056dc       0x14 ./Core/Src/stm32h7xx_it.o
                0x00000000080056dc                USART3_IRQHandler
 .text._getpid  0x00000000080056f0       0x10 ./Core/Src/syscalls.o
                0x00000000080056f0                _getpid
 .text._kill    0x0000000008005700       0x20 ./Core/Src/syscalls.o
                0x0000000008005700                _kill
 .text._exit    0x0000000008005720       0x14 ./Core/Src/syscalls.o
                0x0000000008005720                _exit
 .text._sbrk    0x0000000008005734       0x6c ./Core/Src/sysmem.o
                0x0000000008005734                _sbrk
 .text.SystemInit
                0x00000000080057a0       0xf0 ./Core/Src/system_stm32h7xx.o
                0x00000000080057a0                SystemInit
 .text.Reset_Handler
                0x0000000008005890       0x50 ./Core/Startup/startup_stm32h723zgtx.o
                0x0000000008005890                Reset_Handler
 .text.Default_Handler
                0x00000000080058e0        0x2 ./Core/Startup/startup_stm32h723zgtx.o
                0x00000000080058e0                RTC_Alarm_IRQHandler
                0x00000000080058e0                EXTI2_IRQHandler
                0x00000000080058e0                TIM8_CC_IRQHandler
                0x00000000080058e0                UART8_IRQHandler
                0x00000000080058e0                SPI4_IRQHandler
                0x00000000080058e0                FDCAN3_IT0_IRQHandler
                0x00000000080058e0                TIM1_CC_IRQHandler
                0x00000000080058e0                BDMA_Channel6_IRQHandler
                0x00000000080058e0                DMA2_Stream5_IRQHandler
                0x00000000080058e0                DMA1_Stream5_IRQHandler
                0x00000000080058e0                CORDIC_IRQHandler
                0x00000000080058e0                BDMA_Channel1_IRQHandler
                0x00000000080058e0                TAMP_STAMP_IRQHandler
                0x00000000080058e0                EXTI3_IRQHandler
                0x00000000080058e0                LPTIM4_IRQHandler
                0x00000000080058e0                TIM8_TRG_COM_TIM14_IRQHandler
                0x00000000080058e0                LPTIM2_IRQHandler
                0x00000000080058e0                DFSDM1_FLT1_IRQHandler
                0x00000000080058e0                DMAMUX2_OVR_IRQHandler
                0x00000000080058e0                TIM8_UP_TIM13_IRQHandler
                0x00000000080058e0                I2C3_ER_IRQHandler
                0x00000000080058e0                DFSDM1_FLT2_IRQHandler
                0x00000000080058e0                I2C5_EV_IRQHandler
                0x00000000080058e0                USART10_IRQHandler
                0x00000000080058e0                MDMA_IRQHandler
                0x00000000080058e0                LPTIM3_IRQHandler
                0x00000000080058e0                HSEM1_IRQHandler
                0x00000000080058e0                EXTI0_IRQHandler
                0x00000000080058e0                I2C2_EV_IRQHandler
                0x00000000080058e0                DMA1_Stream2_IRQHandler
                0x00000000080058e0                FPU_IRQHandler
                0x00000000080058e0                OTG_HS_WKUP_IRQHandler
                0x00000000080058e0                FDCAN1_IT1_IRQHandler
                0x00000000080058e0                LTDC_ER_IRQHandler
                0x00000000080058e0                DMA2_Stream2_IRQHandler
                0x00000000080058e0                SPI1_IRQHandler
                0x00000000080058e0                OCTOSPI1_IRQHandler
                0x00000000080058e0                TIM6_DAC_IRQHandler
                0x00000000080058e0                DMA2_Stream3_IRQHandler
                0x00000000080058e0                OCTOSPI2_IRQHandler
                0x00000000080058e0                DFSDM1_FLT3_IRQHandler
                0x00000000080058e0                TIM23_IRQHandler
                0x00000000080058e0                USART6_IRQHandler
                0x00000000080058e0                TIM17_IRQHandler
                0x00000000080058e0                BDMA_Channel7_IRQHandler
                0x00000000080058e0                LPTIM5_IRQHandler
                0x00000000080058e0                UART5_IRQHandler
                0x00000000080058e0                ADC3_IRQHandler
                0x00000000080058e0                DMA2_Stream0_IRQHandler
                0x00000000080058e0                TIM4_IRQHandler
                0x00000000080058e0                BDMA_Channel2_IRQHandler
                0x00000000080058e0                I2C1_EV_IRQHandler
                0x00000000080058e0                DMA1_Stream6_IRQHandler
                0x00000000080058e0                DMAMUX1_OVR_IRQHandler
                0x00000000080058e0                TIM16_IRQHandler
                0x00000000080058e0                UART4_IRQHandler
                0x00000000080058e0                BDMA_Channel5_IRQHandler
                0x00000000080058e0                TIM3_IRQHandler
                0x00000000080058e0                UART9_IRQHandler
                0x00000000080058e0                TIM8_BRK_TIM12_IRQHandler
                0x00000000080058e0                TIM1_TRG_COM_IRQHandler
                0x00000000080058e0                Default_Handler
                0x00000000080058e0                ECC_IRQHandler
                0x00000000080058e0                FMAC_IRQHandler
                0x00000000080058e0                CEC_IRQHandler
                0x00000000080058e0                EXTI15_10_IRQHandler
                0x00000000080058e0                BDMA_Channel0_IRQHandler
                0x00000000080058e0                ADC_IRQHandler
                0x00000000080058e0                I2C5_ER_IRQHandler
                0x00000000080058e0                DMA1_Stream7_IRQHandler
                0x00000000080058e0                SPI5_IRQHandler
                0x00000000080058e0                TIM7_IRQHandler
                0x00000000080058e0                FDCAN3_IT1_IRQHandler
                0x00000000080058e0                SDMMC1_IRQHandler
                0x00000000080058e0                TIM5_IRQHandler
                0x00000000080058e0                DMA2_Stream7_IRQHandler
                0x00000000080058e0                TIM15_IRQHandler
                0x00000000080058e0                PVD_AVD_IRQHandler
                0x00000000080058e0                I2C3_EV_IRQHandler
                0x00000000080058e0                EXTI9_5_IRQHandler
                0x00000000080058e0                RTC_WKUP_IRQHandler
                0x00000000080058e0                LTDC_IRQHandler
                0x00000000080058e0                ETH_WKUP_IRQHandler
                0x00000000080058e0                SPDIF_RX_IRQHandler
                0x00000000080058e0                SPI2_IRQHandler
                0x00000000080058e0                OTG_HS_EP1_IN_IRQHandler
                0x00000000080058e0                TIM24_IRQHandler
                0x00000000080058e0                CRS_IRQHandler
                0x00000000080058e0                EXTI4_IRQHandler
                0x00000000080058e0                RNG_IRQHandler
                0x00000000080058e0                FDCAN2_IT1_IRQHandler
                0x00000000080058e0                ETH_IRQHandler
                0x00000000080058e0                TIM1_UP_IRQHandler
                0x00000000080058e0                BDMA_Channel4_IRQHandler
                0x00000000080058e0                OTG_HS_EP1_OUT_IRQHandler
                0x00000000080058e0                WWDG_IRQHandler
                0x00000000080058e0                SPI6_IRQHandler
                0x00000000080058e0                MDIOS_IRQHandler
                0x00000000080058e0                I2C4_EV_IRQHandler
                0x00000000080058e0                FDCAN2_IT0_IRQHandler
                0x00000000080058e0                LPUART1_IRQHandler
                0x00000000080058e0                FDCAN1_IT0_IRQHandler
                0x00000000080058e0                OTG_HS_IRQHandler
                0x00000000080058e0                DMA2D_IRQHandler
                0x00000000080058e0                TIM1_BRK_IRQHandler
                0x00000000080058e0                EXTI1_IRQHandler
                0x00000000080058e0                SDMMC2_IRQHandler
                0x00000000080058e0                BDMA_Channel3_IRQHandler
                0x00000000080058e0                DTS_IRQHandler
                0x00000000080058e0                UART7_IRQHandler
                0x00000000080058e0                MDIOS_WKUP_IRQHandler
                0x00000000080058e0                USART2_IRQHandler
                0x00000000080058e0                DFSDM1_FLT0_IRQHandler
                0x00000000080058e0                SAI4_IRQHandler
                0x00000000080058e0                I2C2_ER_IRQHandler
                0x00000000080058e0                DMA2_Stream1_IRQHandler
                0x00000000080058e0                FLASH_IRQHandler
                0x00000000080058e0                DMA2_Stream4_IRQHandler
                0x00000000080058e0                USART1_IRQHandler
                0x00000000080058e0                SPI3_IRQHandler
                0x00000000080058e0                WAKEUP_PIN_IRQHandler
                0x00000000080058e0                DMA1_Stream4_IRQHandler
                0x00000000080058e0                I2C1_ER_IRQHandler
                0x00000000080058e0                FMC_IRQHandler
                0x00000000080058e0                FDCAN_CAL_IRQHandler
                0x00000000080058e0                SWPMI1_IRQHandler
                0x00000000080058e0                COMP1_IRQHandler
                0x00000000080058e0                LPTIM1_IRQHandler
                0x00000000080058e0                DCMI_PSSI_IRQHandler
                0x00000000080058e0                I2C4_ER_IRQHandler
                0x00000000080058e0                DMA2_Stream6_IRQHandler
                0x00000000080058e0                SAI1_IRQHandler
                0x00000000080058e0                DMA1_Stream3_IRQHandler
 *fill*         0x00000000080058e2        0x2 
 .text.HAL_Init
                0x00000000080058e4       0x78 ./Drivers/STM32H7xx_HAL_Driver/Src/stm32h7xx_hal.o
                0x00000000080058e4                HAL_Init
 .text.HAL_InitTick
                0x000000000800595c       0x6c ./Drivers/STM32H7xx_HAL_Driver/Src/stm32h7xx_hal.o
                0x000000000800595c                HAL_InitTick
 .text.HAL_IncTick
                0x00000000080059c8       0x28 ./Drivers/STM32H7xx_HAL_Driver/Src/stm32h7xx_hal.o
                0x00000000080059c8                HAL_IncTick
 .text.HAL_GetTick
                0x00000000080059f0       0x18 ./Drivers/STM32H7xx_HAL_Driver/Src/stm32h7xx_hal.o
                0x00000000080059f0                HAL_GetTick
 .text.__NVIC_SetPriorityGrouping
                0x0000000008005a08       0x48 ./Drivers/STM32H7xx_HAL_Driver/Src/stm32h7xx_hal_cortex.o
 .text.__NVIC_GetPriorityGrouping
                0x0000000008005a50       0x1c ./Drivers/STM32H7xx_HAL_Driver/Src/stm32h7xx_hal_cortex.o
 .text.__NVIC_EnableIRQ
                0x0000000008005a6c       0x3c ./Drivers/STM32H7xx_HAL_Driver/Src/stm32h7xx_hal_cortex.o
 .text.__NVIC_SetPriority
                0x0000000008005aa8       0x54 ./Drivers/STM32H7xx_HAL_Driver/Src/stm32h7xx_hal_cortex.o
 .text.NVIC_EncodePriority
                0x0000000008005afc       0x66 ./Drivers/STM32H7xx_HAL_Driver/Src/stm32h7xx_hal_cortex.o
 *fill*         0x0000000008005b62        0x2 
 .text.SysTick_Config
                0x0000000008005b64       0x44 ./Drivers/STM32H7xx_HAL_Driver/Src/stm32h7xx_hal_cortex.o
 .text.HAL_NVIC_SetPriorityGrouping
                0x0000000008005ba8       0x16 ./Drivers/STM32H7xx_HAL_Driver/Src/stm32h7xx_hal_cortex.o
                0x0000000008005ba8                HAL_NVIC_SetPriorityGrouping
 .text.HAL_NVIC_SetPriority
                0x0000000008005bbe       0x34 ./Drivers/STM32H7xx_HAL_Driver/Src/stm32h7xx_hal_cortex.o
                0x0000000008005bbe                HAL_NVIC_SetPriority
 .text.HAL_NVIC_EnableIRQ
                0x0000000008005bf2       0x1c ./Drivers/STM32H7xx_HAL_Driver/Src/stm32h7xx_hal_cortex.o
                0x0000000008005bf2                HAL_NVIC_EnableIRQ
 .text.HAL_SYSTICK_Config
                0x0000000008005c0e       0x18 ./Drivers/STM32H7xx_HAL_Driver/Src/stm32h7xx_hal_cortex.o
                0x0000000008005c0e                HAL_SYSTICK_Config
 *fill*         0x0000000008005c26        0x2 
 .text.HAL_DMA_Init
                0x0000000008005c28      0x6b4 ./Drivers/STM32H7xx_HAL_Driver/Src/stm32h7xx_hal_dma.o
                0x0000000008005c28                HAL_DMA_Init
 .text.HAL_DMA_Start_IT
                0x00000000080062dc      0x4d4 ./Drivers/STM32H7xx_HAL_Driver/Src/stm32h7xx_hal_dma.o
                0x00000000080062dc                HAL_DMA_Start_IT
 .text.HAL_DMA_Abort
                0x00000000080067b0      0x63c ./Drivers/STM32H7xx_HAL_Driver/Src/stm32h7xx_hal_dma.o
                0x00000000080067b0                HAL_DMA_Abort
 .text.HAL_DMA_Abort_IT
                0x0000000008006dec      0x48c ./Drivers/STM32H7xx_HAL_Driver/Src/stm32h7xx_hal_dma.o
                0x0000000008006dec                HAL_DMA_Abort_IT
 .text.HAL_DMA_IRQHandler
                0x0000000008007278      0xe54 ./Drivers/STM32H7xx_HAL_Driver/Src/stm32h7xx_hal_dma.o
                0x0000000008007278                HAL_DMA_IRQHandler
 .text.DMA_SetConfig
                0x00000000080080cc      0x358 ./Drivers/STM32H7xx_HAL_Driver/Src/stm32h7xx_hal_dma.o
 .text.DMA_CalcBaseAndBitshift
                0x0000000008008424      0x164 ./Drivers/STM32H7xx_HAL_Driver/Src/stm32h7xx_hal_dma.o
 .text.DMA_CheckFifoParam
                0x0000000008008588       0xf8 ./Drivers/STM32H7xx_HAL_Driver/Src/stm32h7xx_hal_dma.o
 .text.DMA_CalcDMAMUXChannelBaseAndMask
                0x0000000008008680      0x134 ./Drivers/STM32H7xx_HAL_Driver/Src/stm32h7xx_hal_dma.o
 .text.DMA_CalcDMAMUXRequestGenBaseAndMask
                0x00000000080087b4       0xe8 ./Drivers/STM32H7xx_HAL_Driver/Src/stm32h7xx_hal_dma.o
 .text.HAL_GPIO_Init
                0x000000000800889c      0x350 ./Drivers/STM32H7xx_HAL_Driver/Src/stm32h7xx_hal_gpio.o
                0x000000000800889c                HAL_GPIO_Init
 .text.HAL_GPIO_WritePin
                0x0000000008008bec       0x32 ./Drivers/STM32H7xx_HAL_Driver/Src/stm32h7xx_hal_gpio.o
                0x0000000008008bec                HAL_GPIO_WritePin
 *fill*         0x0000000008008c1e        0x2 
 .text.HAL_PWREx_ConfigSupply
                0x0000000008008c20       0x74 ./Drivers/STM32H7xx_HAL_Driver/Src/stm32h7xx_hal_pwr_ex.o
                0x0000000008008c20                HAL_PWREx_ConfigSupply
 .text.HAL_RCC_OscConfig
                0x0000000008008c94      0x75c ./Drivers/STM32H7xx_HAL_Driver/Src/stm32h7xx_hal_rcc.o
                0x0000000008008c94                HAL_RCC_OscConfig
 .text.HAL_RCC_ClockConfig
                0x00000000080093f0      0x36c ./Drivers/STM32H7xx_HAL_Driver/Src/stm32h7xx_hal_rcc.o
                0x00000000080093f0                HAL_RCC_ClockConfig
 .text.HAL_RCC_GetSysClockFreq
                0x000000000800975c      0x2f4 ./Drivers/STM32H7xx_HAL_Driver/Src/stm32h7xx_hal_rcc.o
                0x000000000800975c                HAL_RCC_GetSysClockFreq
 .text.HAL_RCC_GetHCLKFreq
                0x0000000008009a50       0x60 ./Drivers/STM32H7xx_HAL_Driver/Src/stm32h7xx_hal_rcc.o
                0x0000000008009a50                HAL_RCC_GetHCLKFreq
 .text.HAL_RCC_GetPCLK1Freq
                0x0000000008009ab0       0x2c ./Drivers/STM32H7xx_HAL_Driver/Src/stm32h7xx_hal_rcc.o
                0x0000000008009ab0                HAL_RCC_GetPCLK1Freq
 .text.HAL_RCC_GetPCLK2Freq
                0x0000000008009adc       0x2c ./Drivers/STM32H7xx_HAL_Driver/Src/stm32h7xx_hal_rcc.o
                0x0000000008009adc                HAL_RCC_GetPCLK2Freq
 .text.HAL_RCCEx_PeriphCLKConfig
                0x0000000008009b08      0xdf4 ./Drivers/STM32H7xx_HAL_Driver/Src/stm32h7xx_hal_rcc_ex.o
                0x0000000008009b08                HAL_RCCEx_PeriphCLKConfig
 .text.HAL_RCCEx_GetD3PCLK1Freq
                0x000000000800a8fc       0x2c ./Drivers/STM32H7xx_HAL_Driver/Src/stm32h7xx_hal_rcc_ex.o
                0x000000000800a8fc                HAL_RCCEx_GetD3PCLK1Freq
 .text.HAL_RCCEx_GetPLL2ClockFreq
                0x000000000800a928      0x2a8 ./Drivers/STM32H7xx_HAL_Driver/Src/stm32h7xx_hal_rcc_ex.o
                0x000000000800a928                HAL_RCCEx_GetPLL2ClockFreq
 .text.HAL_RCCEx_GetPLL3ClockFreq
                0x000000000800abd0      0x2a8 ./Drivers/STM32H7xx_HAL_Driver/Src/stm32h7xx_hal_rcc_ex.o
                0x000000000800abd0                HAL_RCCEx_GetPLL3ClockFreq
 .text.RCCEx_PLL2_Config
                0x000000000800ae78      0x164 ./Drivers/STM32H7xx_HAL_Driver/Src/stm32h7xx_hal_rcc_ex.o
 .text.RCCEx_PLL3_Config
                0x000000000800afdc      0x164 ./Drivers/STM32H7xx_HAL_Driver/Src/stm32h7xx_hal_rcc_ex.o
 .text.HAL_TIM_Base_Init
                0x000000000800b140       0xae ./Drivers/STM32H7xx_HAL_Driver/Src/stm32h7xx_hal_tim.o
                0x000000000800b140                HAL_TIM_Base_Init
 *fill*         0x000000000800b1ee        0x2 
 .text.HAL_TIM_Base_Start_IT
                0x000000000800b1f0      0x10c ./Drivers/STM32H7xx_HAL_Driver/Src/stm32h7xx_hal_tim.o
                0x000000000800b1f0                HAL_TIM_Base_Start_IT
 .text.HAL_TIM_PWM_Init
                0x000000000800b2fc       0xae ./Drivers/STM32H7xx_HAL_Driver/Src/stm32h7xx_hal_tim.o
                0x000000000800b2fc                HAL_TIM_PWM_Init
 *fill*         0x000000000800b3aa        0x2 
 .text.HAL_TIM_PWM_Start
                0x000000000800b3ac      0x238 ./Drivers/STM32H7xx_HAL_Driver/Src/stm32h7xx_hal_tim.o
                0x000000000800b3ac                HAL_TIM_PWM_Start
 .text.HAL_TIM_OnePulse_Init
                0x000000000800b5e4       0xa0 ./Drivers/STM32H7xx_HAL_Driver/Src/stm32h7xx_hal_tim.o
                0x000000000800b5e4                HAL_TIM_OnePulse_Init
 .text.HAL_TIM_OnePulse_MspInit
                0x000000000800b684       0x14 ./Drivers/STM32H7xx_HAL_Driver/Src/stm32h7xx_hal_tim.o
                0x000000000800b684                HAL_TIM_OnePulse_MspInit
 .text.HAL_TIM_Encoder_Init
                0x000000000800b698      0x14c ./Drivers/STM32H7xx_HAL_Driver/Src/stm32h7xx_hal_tim.o
                0x000000000800b698                HAL_TIM_Encoder_Init
 .text.HAL_TIM_Encoder_Start
                0x000000000800b7e4      0x11c ./Drivers/STM32H7xx_HAL_Driver/Src/stm32h7xx_hal_tim.o
                0x000000000800b7e4                HAL_TIM_Encoder_Start
 .text.HAL_TIM_IRQHandler
                0x000000000800b900      0x23e ./Drivers/STM32H7xx_HAL_Driver/Src/stm32h7xx_hal_tim.o
                0x000000000800b900                HAL_TIM_IRQHandler
 *fill*         0x000000000800bb3e        0x2 
 .text.HAL_TIM_PWM_ConfigChannel
                0x000000000800bb40      0x228 ./Drivers/STM32H7xx_HAL_Driver/Src/stm32h7xx_hal_tim.o
                0x000000000800bb40                HAL_TIM_PWM_ConfigChannel
 .text.HAL_TIM_ConfigClockSource
                0x000000000800bd68      0x1f0 ./Drivers/STM32H7xx_HAL_Driver/Src/stm32h7xx_hal_tim.o
                0x000000000800bd68                HAL_TIM_ConfigClockSource
 .text.HAL_TIM_OC_DelayElapsedCallback
                0x000000000800bf58       0x14 ./Drivers/STM32H7xx_HAL_Driver/Src/stm32h7xx_hal_tim.o
                0x000000000800bf58                HAL_TIM_OC_DelayElapsedCallback
 .text.HAL_TIM_IC_CaptureCallback
                0x000000000800bf6c       0x14 ./Drivers/STM32H7xx_HAL_Driver/Src/stm32h7xx_hal_tim.o
                0x000000000800bf6c                HAL_TIM_IC_CaptureCallback
 .text.HAL_TIM_PWM_PulseFinishedCallback
                0x000000000800bf80       0x14 ./Drivers/STM32H7xx_HAL_Driver/Src/stm32h7xx_hal_tim.o
                0x000000000800bf80                HAL_TIM_PWM_PulseFinishedCallback
 .text.HAL_TIM_TriggerCallback
                0x000000000800bf94       0x14 ./Drivers/STM32H7xx_HAL_Driver/Src/stm32h7xx_hal_tim.o
                0x000000000800bf94                HAL_TIM_TriggerCallback
 .text.TIM_Base_SetConfig
                0x000000000800bfa8      0x14c ./Drivers/STM32H7xx_HAL_Driver/Src/stm32h7xx_hal_tim.o
                0x000000000800bfa8                TIM_Base_SetConfig
 .text.TIM_OC1_SetConfig
                0x000000000800c0f4      0x120 ./Drivers/STM32H7xx_HAL_Driver/Src/stm32h7xx_hal_tim.o
 .text.TIM_OC2_SetConfig
                0x000000000800c214      0x114 ./Drivers/STM32H7xx_HAL_Driver/Src/stm32h7xx_hal_tim.o
                0x000000000800c214                TIM_OC2_SetConfig
 .text.TIM_OC3_SetConfig
                0x000000000800c328      0x110 ./Drivers/STM32H7xx_HAL_Driver/Src/stm32h7xx_hal_tim.o
 .text.TIM_OC4_SetConfig
                0x000000000800c438       0xd4 ./Drivers/STM32H7xx_HAL_Driver/Src/stm32h7xx_hal_tim.o
 .text.TIM_OC5_SetConfig
                0x000000000800c50c       0xc8 ./Drivers/STM32H7xx_HAL_Driver/Src/stm32h7xx_hal_tim.o
 .text.TIM_OC6_SetConfig
                0x000000000800c5d4       0xcc ./Drivers/STM32H7xx_HAL_Driver/Src/stm32h7xx_hal_tim.o
 .text.TIM_TI1_ConfigInputStage
                0x000000000800c6a0       0x5e ./Drivers/STM32H7xx_HAL_Driver/Src/stm32h7xx_hal_tim.o
 .text.TIM_TI2_ConfigInputStage
                0x000000000800c6fe       0x60 ./Drivers/STM32H7xx_HAL_Driver/Src/stm32h7xx_hal_tim.o
 *fill*         0x000000000800c75e        0x2 
 .text.TIM_ITRx_SetConfig
                0x000000000800c760       0x3c ./Drivers/STM32H7xx_HAL_Driver/Src/stm32h7xx_hal_tim.o
 .text.TIM_ETR_SetConfig
                0x000000000800c79c       0x40 ./Drivers/STM32H7xx_HAL_Driver/Src/stm32h7xx_hal_tim.o
                0x000000000800c79c                TIM_ETR_SetConfig
 .text.TIM_CCxChannelCmd
                0x000000000800c7dc       0x4a ./Drivers/STM32H7xx_HAL_Driver/Src/stm32h7xx_hal_tim.o
                0x000000000800c7dc                TIM_CCxChannelCmd
 *fill*         0x000000000800c826        0x2 
 .text.HAL_TIMEx_MasterConfigSynchronization
                0x000000000800c828      0x138 ./Drivers/STM32H7xx_HAL_Driver/Src/stm32h7xx_hal_tim_ex.o
                0x000000000800c828                HAL_TIMEx_MasterConfigSynchronization
 .text.HAL_TIMEx_ConfigBreakDeadTime
                0x000000000800c960      0x140 ./Drivers/STM32H7xx_HAL_Driver/Src/stm32h7xx_hal_tim_ex.o
                0x000000000800c960                HAL_TIMEx_ConfigBreakDeadTime
 .text.HAL_TIMEx_CommutCallback
                0x000000000800caa0       0x14 ./Drivers/STM32H7xx_HAL_Driver/Src/stm32h7xx_hal_tim_ex.o
                0x000000000800caa0                HAL_TIMEx_CommutCallback
 .text.HAL_TIMEx_BreakCallback
                0x000000000800cab4       0x14 ./Drivers/STM32H7xx_HAL_Driver/Src/stm32h7xx_hal_tim_ex.o
                0x000000000800cab4                HAL_TIMEx_BreakCallback
 .text.HAL_TIMEx_Break2Callback
                0x000000000800cac8       0x14 ./Drivers/STM32H7xx_HAL_Driver/Src/stm32h7xx_hal_tim_ex.o
                0x000000000800cac8                HAL_TIMEx_Break2Callback
 .text.HAL_UART_Init
                0x000000000800cadc       0xa0 ./Drivers/STM32H7xx_HAL_Driver/Src/stm32h7xx_hal_uart.o
                0x000000000800cadc                HAL_UART_Init
 .text.HAL_UART_Transmit_DMA
                0x000000000800cb7c      0x124 ./Drivers/STM32H7xx_HAL_Driver/Src/stm32h7xx_hal_uart.o
                0x000000000800cb7c                HAL_UART_Transmit_DMA
 .text.HAL_UART_Receive_DMA
                0x000000000800cca0       0xac ./Drivers/STM32H7xx_HAL_Driver/Src/stm32h7xx_hal_uart.o
                0x000000000800cca0                HAL_UART_Receive_DMA
 .text.HAL_UART_IRQHandler
                0x000000000800cd4c      0x73c ./Drivers/STM32H7xx_HAL_Driver/Src/stm32h7xx_hal_uart.o
                0x000000000800cd4c                HAL_UART_IRQHandler
 .text.HAL_UART_TxHalfCpltCallback
                0x000000000800d488       0x14 ./Drivers/STM32H7xx_HAL_Driver/Src/stm32h7xx_hal_uart.o
                0x000000000800d488                HAL_UART_TxHalfCpltCallback
 .text.HAL_UART_RxHalfCpltCallback
                0x000000000800d49c       0x14 ./Drivers/STM32H7xx_HAL_Driver/Src/stm32h7xx_hal_uart.o
                0x000000000800d49c                HAL_UART_RxHalfCpltCallback
 .text.HAL_UART_ErrorCallback
                0x000000000800d4b0       0x14 ./Drivers/STM32H7xx_HAL_Driver/Src/stm32h7xx_hal_uart.o
                0x000000000800d4b0                HAL_UART_ErrorCallback
 .text.HAL_UARTEx_RxEventCallback
                0x000000000800d4c4       0x18 ./Drivers/STM32H7xx_HAL_Driver/Src/stm32h7xx_hal_uart.o
                0x000000000800d4c4                HAL_UARTEx_RxEventCallback
 .text.UART_SetConfig
                0x000000000800d4dc      0xcd8 ./Drivers/STM32H7xx_HAL_Driver/Src/stm32h7xx_hal_uart.o
                0x000000000800d4dc                UART_SetConfig
 .text.UART_AdvFeatureConfig
                0x000000000800e1b4      0x144 ./Drivers/STM32H7xx_HAL_Driver/Src/stm32h7xx_hal_uart.o
                0x000000000800e1b4                UART_AdvFeatureConfig
 .text.UART_CheckIdleState
                0x000000000800e2f8       0x96 ./Drivers/STM32H7xx_HAL_Driver/Src/stm32h7xx_hal_uart.o
                0x000000000800e2f8                UART_CheckIdleState
 .text.UART_WaitOnFlagUntilTimeout
                0x000000000800e38e      0x190 ./Drivers/STM32H7xx_HAL_Driver/Src/stm32h7xx_hal_uart.o
                0x000000000800e38e                UART_WaitOnFlagUntilTimeout
 *fill*         0x000000000800e51e        0x2 
 .text.UART_Start_Receive_DMA
                0x000000000800e520      0x150 ./Drivers/STM32H7xx_HAL_Driver/Src/stm32h7xx_hal_uart.o
                0x000000000800e520                UART_Start_Receive_DMA
 .text.UART_EndTxTransfer
                0x000000000800e670       0x82 ./Drivers/STM32H7xx_HAL_Driver/Src/stm32h7xx_hal_uart.o
 *fill*         0x000000000800e6f2        0x2 
 .text.UART_EndRxTransfer
                0x000000000800e6f4       0xcc ./Drivers/STM32H7xx_HAL_Driver/Src/stm32h7xx_hal_uart.o
 .text.UART_DMATransmitCplt
                0x000000000800e7c0       0x96 ./Drivers/STM32H7xx_HAL_Driver/Src/stm32h7xx_hal_uart.o
 .text.UART_DMATxHalfCplt
                0x000000000800e856       0x1c ./Drivers/STM32H7xx_HAL_Driver/Src/stm32h7xx_hal_uart.o
 .text.UART_DMAReceiveCplt
                0x000000000800e872      0x122 ./Drivers/STM32H7xx_HAL_Driver/Src/stm32h7xx_hal_uart.o
 .text.UART_DMARxHalfCplt
                0x000000000800e994       0x38 ./Drivers/STM32H7xx_HAL_Driver/Src/stm32h7xx_hal_uart.o
 .text.UART_DMAError
                0x000000000800e9cc       0x80 ./Drivers/STM32H7xx_HAL_Driver/Src/stm32h7xx_hal_uart.o
 .text.UART_DMAAbortOnError
                0x000000000800ea4c       0x2c ./Drivers/STM32H7xx_HAL_Driver/Src/stm32h7xx_hal_uart.o
 .text.UART_EndTransmit_IT
                0x000000000800ea78       0x56 ./Drivers/STM32H7xx_HAL_Driver/Src/stm32h7xx_hal_uart.o
 .text.HAL_UARTEx_WakeupCallback
                0x000000000800eace       0x14 ./Drivers/STM32H7xx_HAL_Driver/Src/stm32h7xx_hal_uart_ex.o
                0x000000000800eace                HAL_UARTEx_WakeupCallback
 .text.HAL_UARTEx_RxFifoFullCallback
                0x000000000800eae2       0x14 ./Drivers/STM32H7xx_HAL_Driver/Src/stm32h7xx_hal_uart_ex.o
                0x000000000800eae2                HAL_UARTEx_RxFifoFullCallback
 .text.HAL_UARTEx_TxFifoEmptyCallback
                0x000000000800eaf6       0x14 ./Drivers/STM32H7xx_HAL_Driver/Src/stm32h7xx_hal_uart_ex.o
                0x000000000800eaf6                HAL_UARTEx_TxFifoEmptyCallback
 .text.HAL_UARTEx_DisableFifoMode
                0x000000000800eb0a       0x72 ./Drivers/STM32H7xx_HAL_Driver/Src/stm32h7xx_hal_uart_ex.o
                0x000000000800eb0a                HAL_UARTEx_DisableFifoMode
 .text.HAL_UARTEx_SetTxFifoThreshold
                0x000000000800eb7c       0x7c ./Drivers/STM32H7xx_HAL_Driver/Src/stm32h7xx_hal_uart_ex.o
                0x000000000800eb7c                HAL_UARTEx_SetTxFifoThreshold
 .text.HAL_UARTEx_SetRxFifoThreshold
                0x000000000800ebf8       0x7c ./Drivers/STM32H7xx_HAL_Driver/Src/stm32h7xx_hal_uart_ex.o
                0x000000000800ebf8                HAL_UARTEx_SetRxFifoThreshold
 .text.UARTEx_SetNbDataToProcess
                0x000000000800ec74       0x9c ./Drivers/STM32H7xx_HAL_Driver/Src/stm32h7xx_hal_uart_ex.o
 .text.__cxa_pure_virtual
                0x000000000800ed10        0x6 /opt/st/stm32cubeide_1.10.1/plugins/com.st.stm32cube.ide.mcu.externaltools.gnu-tools-for-stm32.10.3-2021.10.linux64_1.0.0.202111181127/tools/bin/../lib/gcc/arm-none-eabi/10.3.1/../../../../arm-none-eabi/lib/thumb/v7e-m+dp/hard/libstdc++_nano.a(pure.o)
                0x000000000800ed10                __cxa_pure_virtual
 .text._ZN10__cxxabiv111__terminateEPFvvE
                0x000000000800ed16        0x8 /opt/st/stm32cubeide_1.10.1/plugins/com.st.stm32cube.ide.mcu.externaltools.gnu-tools-for-stm32.10.3-2021.10.linux64_1.0.0.202111181127/tools/bin/../lib/gcc/arm-none-eabi/10.3.1/../../../../arm-none-eabi/lib/thumb/v7e-m+dp/hard/libstdc++_nano.a(eh_terminate.o)
                0x000000000800ed16                __cxxabiv1::__terminate(void (*)())
 *fill*         0x000000000800ed1e        0x2 
 .text._ZSt13get_terminatev
                0x000000000800ed20       0x10 /opt/st/stm32cubeide_1.10.1/plugins/com.st.stm32cube.ide.mcu.externaltools.gnu-tools-for-stm32.10.3-2021.10.linux64_1.0.0.202111181127/tools/bin/../lib/gcc/arm-none-eabi/10.3.1/../../../../arm-none-eabi/lib/thumb/v7e-m+dp/hard/libstdc++_nano.a(eh_terminate.o)
                0x000000000800ed20                std::get_terminate()
 .text._ZSt9terminatev
                0x000000000800ed30        0xa /opt/st/stm32cubeide_1.10.1/plugins/com.st.stm32cube.ide.mcu.externaltools.gnu-tools-for-stm32.10.3-2021.10.linux64_1.0.0.202111181127/tools/bin/../lib/gcc/arm-none-eabi/10.3.1/../../../../arm-none-eabi/lib/thumb/v7e-m+dp/hard/libstdc++_nano.a(eh_terminate.o)
                0x000000000800ed30                std::terminate()
 .text.abort    0x000000000800ed3a        0xe /opt/st/stm32cubeide_1.10.1/plugins/com.st.stm32cube.ide.mcu.externaltools.gnu-tools-for-stm32.10.3-2021.10.linux64_1.0.0.202111181127/tools/bin/../lib/gcc/arm-none-eabi/10.3.1/../../../../arm-none-eabi/lib/thumb/v7e-m+dp/hard/libc_nano.a(lib_a-abort.o)
                0x000000000800ed3a                abort
 .text.__errno  0x000000000800ed48        0xc /opt/st/stm32cubeide_1.10.1/plugins/com.st.stm32cube.ide.mcu.externaltools.gnu-tools-for-stm32.10.3-2021.10.linux64_1.0.0.202111181127/tools/bin/../lib/gcc/arm-none-eabi/10.3.1/../../../../arm-none-eabi/lib/thumb/v7e-m+dp/hard/libc_nano.a(lib_a-errno.o)
                0x000000000800ed48                __errno
 .text.__libc_init_array
                0x000000000800ed54       0x48 /opt/st/stm32cubeide_1.10.1/plugins/com.st.stm32cube.ide.mcu.externaltools.gnu-tools-for-stm32.10.3-2021.10.linux64_1.0.0.202111181127/tools/bin/../lib/gcc/arm-none-eabi/10.3.1/../../../../arm-none-eabi/lib/thumb/v7e-m+dp/hard/libc_nano.a(lib_a-init.o)
                0x000000000800ed54                __libc_init_array
 .text.memcpy   0x000000000800ed9c       0x1c /opt/st/stm32cubeide_1.10.1/plugins/com.st.stm32cube.ide.mcu.externaltools.gnu-tools-for-stm32.10.3-2021.10.linux64_1.0.0.202111181127/tools/bin/../lib/gcc/arm-none-eabi/10.3.1/../../../../arm-none-eabi/lib/thumb/v7e-m+dp/hard/libc_nano.a(lib_a-memcpy-stub.o)
                0x000000000800ed9c                memcpy
 .text.memset   0x000000000800edb8       0x10 /opt/st/stm32cubeide_1.10.1/plugins/com.st.stm32cube.ide.mcu.externaltools.gnu-tools-for-stm32.10.3-2021.10.linux64_1.0.0.202111181127/tools/bin/../lib/gcc/arm-none-eabi/10.3.1/../../../../arm-none-eabi/lib/thumb/v7e-m+dp/hard/libc_nano.a(lib_a-memset.o)
                0x000000000800edb8                memset
 .text.realloc  0x000000000800edc8       0x10 /opt/st/stm32cubeide_1.10.1/plugins/com.st.stm32cube.ide.mcu.externaltools.gnu-tools-for-stm32.10.3-2021.10.linux64_1.0.0.202111181127/tools/bin/../lib/gcc/arm-none-eabi/10.3.1/../../../../arm-none-eabi/lib/thumb/v7e-m+dp/hard/libc_nano.a(lib_a-realloc.o)
                0x000000000800edc8                realloc
 .text._raise_r
                0x000000000800edd8       0x50 /opt/st/stm32cubeide_1.10.1/plugins/com.st.stm32cube.ide.mcu.externaltools.gnu-tools-for-stm32.10.3-2021.10.linux64_1.0.0.202111181127/tools/bin/../lib/gcc/arm-none-eabi/10.3.1/../../../../arm-none-eabi/lib/thumb/v7e-m+dp/hard/libc_nano.a(lib_a-signal.o)
                0x000000000800edd8                _raise_r
 .text.raise    0x000000000800ee28       0x10 /opt/st/stm32cubeide_1.10.1/plugins/com.st.stm32cube.ide.mcu.externaltools.gnu-tools-for-stm32.10.3-2021.10.linux64_1.0.0.202111181127/tools/bin/../lib/gcc/arm-none-eabi/10.3.1/../../../../arm-none-eabi/lib/thumb/v7e-m+dp/hard/libc_nano.a(lib_a-signal.o)
                0x000000000800ee28                raise
 .text._kill_r  0x000000000800ee38       0x24 /opt/st/stm32cubeide_1.10.1/plugins/com.st.stm32cube.ide.mcu.externaltools.gnu-tools-for-stm32.10.3-2021.10.linux64_1.0.0.202111181127/tools/bin/../lib/gcc/arm-none-eabi/10.3.1/../../../../arm-none-eabi/lib/thumb/v7e-m+dp/hard/libc_nano.a(lib_a-signalr.o)
                0x000000000800ee38                _kill_r
 .text._getpid_r
                0x000000000800ee5c        0x4 /opt/st/stm32cubeide_1.10.1/plugins/com.st.stm32cube.ide.mcu.externaltools.gnu-tools-for-stm32.10.3-2021.10.linux64_1.0.0.202111181127/tools/bin/../lib/gcc/arm-none-eabi/10.3.1/../../../../arm-none-eabi/lib/thumb/v7e-m+dp/hard/libc_nano.a(lib_a-signalr.o)
                0x000000000800ee5c                _getpid_r
 .text.sbrk_aligned
                0x000000000800ee60       0x40 /opt/st/stm32cubeide_1.10.1/plugins/com.st.stm32cube.ide.mcu.externaltools.gnu-tools-for-stm32.10.3-2021.10.linux64_1.0.0.202111181127/tools/bin/../lib/gcc/arm-none-eabi/10.3.1/../../../../arm-none-eabi/lib/thumb/v7e-m+dp/hard/libc_nano.a(lib_a-nano-mallocr.o)
 .text._malloc_r
                0x000000000800eea0       0xe8 /opt/st/stm32cubeide_1.10.1/plugins/com.st.stm32cube.ide.mcu.externaltools.gnu-tools-for-stm32.10.3-2021.10.linux64_1.0.0.202111181127/tools/bin/../lib/gcc/arm-none-eabi/10.3.1/../../../../arm-none-eabi/lib/thumb/v7e-m+dp/hard/libc_nano.a(lib_a-nano-mallocr.o)
                0x000000000800eea0                _malloc_r
 .text._realloc_r
                0x000000000800ef88       0x5e /opt/st/stm32cubeide_1.10.1/plugins/com.st.stm32cube.ide.mcu.externaltools.gnu-tools-for-stm32.10.3-2021.10.linux64_1.0.0.202111181127/tools/bin/../lib/gcc/arm-none-eabi/10.3.1/../../../../arm-none-eabi/lib/thumb/v7e-m+dp/hard/libc_nano.a(lib_a-nano-reallocr.o)
                0x000000000800ef88                _realloc_r
 *fill*         0x000000000800efe6        0x2 
 .text._sbrk_r  0x000000000800efe8       0x20 /opt/st/stm32cubeide_1.10.1/plugins/com.st.stm32cube.ide.mcu.externaltools.gnu-tools-for-stm32.10.3-2021.10.linux64_1.0.0.202111181127/tools/bin/../lib/gcc/arm-none-eabi/10.3.1/../../../../arm-none-eabi/lib/thumb/v7e-m+dp/hard/libc_nano.a(lib_a-sbrkr.o)
                0x000000000800efe8                _sbrk_r
 .text.__malloc_lock
                0x000000000800f008        0xc /opt/st/stm32cubeide_1.10.1/plugins/com.st.stm32cube.ide.mcu.externaltools.gnu-tools-for-stm32.10.3-2021.10.linux64_1.0.0.202111181127/tools/bin/../lib/gcc/arm-none-eabi/10.3.1/../../../../arm-none-eabi/lib/thumb/v7e-m+dp/hard/libc_nano.a(lib_a-mlock.o)
                0x000000000800f008                __malloc_lock
 .text.__malloc_unlock
                0x000000000800f014        0xc /opt/st/stm32cubeide_1.10.1/plugins/com.st.stm32cube.ide.mcu.externaltools.gnu-tools-for-stm32.10.3-2021.10.linux64_1.0.0.202111181127/tools/bin/../lib/gcc/arm-none-eabi/10.3.1/../../../../arm-none-eabi/lib/thumb/v7e-m+dp/hard/libc_nano.a(lib_a-mlock.o)
                0x000000000800f014                __malloc_unlock
 .text._free_r  0x000000000800f020       0x98 /opt/st/stm32cubeide_1.10.1/plugins/com.st.stm32cube.ide.mcu.externaltools.gnu-tools-for-stm32.10.3-2021.10.linux64_1.0.0.202111181127/tools/bin/../lib/gcc/arm-none-eabi/10.3.1/../../../../arm-none-eabi/lib/thumb/v7e-m+dp/hard/libc_nano.a(lib_a-nano-freer.o)
                0x000000000800f020                _free_r
 .text._malloc_usable_size_r
                0x000000000800f0b8       0x10 /opt/st/stm32cubeide_1.10.1/plugins/com.st.stm32cube.ide.mcu.externaltools.gnu-tools-for-stm32.10.3-2021.10.linux64_1.0.0.202111181127/tools/bin/../lib/gcc/arm-none-eabi/10.3.1/../../../../arm-none-eabi/lib/thumb/v7e-m+dp/hard/libc_nano.a(lib_a-nano-msizer.o)
                0x000000000800f0b8                _malloc_usable_size_r
 .text.__retarget_lock_acquire_recursive
                0x000000000800f0c8        0x2 /opt/st/stm32cubeide_1.10.1/plugins/com.st.stm32cube.ide.mcu.externaltools.gnu-tools-for-stm32.10.3-2021.10.linux64_1.0.0.202111181127/tools/bin/../lib/gcc/arm-none-eabi/10.3.1/../../../../arm-none-eabi/lib/thumb/v7e-m+dp/hard/libc_nano.a(lib_a-lock.o)
                0x000000000800f0c8                __retarget_lock_acquire_recursive
 .text.__retarget_lock_release_recursive
                0x000000000800f0ca        0x2 /opt/st/stm32cubeide_1.10.1/plugins/com.st.stm32cube.ide.mcu.externaltools.gnu-tools-for-stm32.10.3-2021.10.linux64_1.0.0.202111181127/tools/bin/../lib/gcc/arm-none-eabi/10.3.1/../../../../arm-none-eabi/lib/thumb/v7e-m+dp/hard/libc_nano.a(lib_a-lock.o)
                0x000000000800f0ca                __retarget_lock_release_recursive
 *(.glue_7)
 .glue_7        0x000000000800f0cc        0x0 linker stubs
 *(.glue_7t)
 .glue_7t       0x000000000800f0cc        0x0 linker stubs
 *(.eh_frame)
 .eh_frame      0x000000000800f0cc        0x0 /opt/st/stm32cubeide_1.10.1/plugins/com.st.stm32cube.ide.mcu.externaltools.gnu-tools-for-stm32.10.3-2021.10.linux64_1.0.0.202111181127/tools/bin/../lib/gcc/arm-none-eabi/10.3.1/thumb/v7e-m+dp/hard/crtbegin.o
 *(.init)
 .init          0x000000000800f0cc        0x4 /opt/st/stm32cubeide_1.10.1/plugins/com.st.stm32cube.ide.mcu.externaltools.gnu-tools-for-stm32.10.3-2021.10.linux64_1.0.0.202111181127/tools/bin/../lib/gcc/arm-none-eabi/10.3.1/thumb/v7e-m+dp/hard/crti.o
                0x000000000800f0cc                _init
 .init          0x000000000800f0d0        0x8 /opt/st/stm32cubeide_1.10.1/plugins/com.st.stm32cube.ide.mcu.externaltools.gnu-tools-for-stm32.10.3-2021.10.linux64_1.0.0.202111181127/tools/bin/../lib/gcc/arm-none-eabi/10.3.1/thumb/v7e-m+dp/hard/crtn.o
 *(.fini)
 .fini          0x000000000800f0d8        0x4 /opt/st/stm32cubeide_1.10.1/plugins/com.st.stm32cube.ide.mcu.externaltools.gnu-tools-for-stm32.10.3-2021.10.linux64_1.0.0.202111181127/tools/bin/../lib/gcc/arm-none-eabi/10.3.1/thumb/v7e-m+dp/hard/crti.o
                0x000000000800f0d8                _fini
 .fini          0x000000000800f0dc        0x8 /opt/st/stm32cubeide_1.10.1/plugins/com.st.stm32cube.ide.mcu.externaltools.gnu-tools-for-stm32.10.3-2021.10.linux64_1.0.0.202111181127/tools/bin/../lib/gcc/arm-none-eabi/10.3.1/thumb/v7e-m+dp/hard/crtn.o
                0x000000000800f0e4                . = ALIGN (0x4)
                0x000000000800f0e4                _etext = .

.vfp11_veneer   0x000000000800f0e4        0x0
 .vfp11_veneer  0x000000000800f0e4        0x0 linker stubs

.v4_bx          0x000000000800f0e4        0x0
 .v4_bx         0x000000000800f0e4        0x0 linker stubs

.iplt           0x000000000800f0e4        0x0
 .iplt          0x000000000800f0e4        0x0 /opt/st/stm32cubeide_1.10.1/plugins/com.st.stm32cube.ide.mcu.externaltools.gnu-tools-for-stm32.10.3-2021.10.linux64_1.0.0.202111181127/tools/bin/../lib/gcc/arm-none-eabi/10.3.1/thumb/v7e-m+dp/hard/crtbegin.o

.rodata         0x000000000800f0e4      0x368
                0x000000000800f0e4                . = ALIGN (0x4)
 *(.rodata)
 .rodata        0x000000000800f0e4      0x1d9 ./Core/Src/mainpp.o
 *(.rodata*)
 *fill*         0x000000000800f2bd        0x3 
 .rodata._ZN14rosserial_msgsL12REQUESTPARAME
                0x000000000800f2c0       0x1c ./Core/Src/mainpp.o
 .rodata._ZTVN3ros10SubscriberIN8std_msgs5Int64EvEE
                0x000000000800f2dc       0x18 ./Core/Src/mainpp.o
                0x000000000800f2dc                vtable for ros::Subscriber<std_msgs::Int64, void>
 .rodata._ZTVN3ros10SubscriberIN13geometry_msgs5TwistEvEE
                0x000000000800f2f4       0x18 ./Core/Src/mainpp.o
                0x000000000800f2f4                vtable for ros::Subscriber<geometry_msgs::Twist, void>
 .rodata._ZTVN3ros11NodeHandle_I13STM32HardwareLi25ELi25ELi512ELi512EEE
                0x000000000800f30c       0x14 ./Core/Src/mainpp.o
                0x000000000800f30c                vtable for ros::NodeHandle_<STM32Hardware, 25, 25, 512, 512>
 .rodata._ZTVN13geometry_msgs5TwistE
                0x000000000800f320       0x18 ./Core/Src/mainpp.o
                0x000000000800f320                vtable for geometry_msgs::Twist
 .rodata._ZTVN13geometry_msgs7Vector3E
                0x000000000800f338       0x18 ./Core/Src/mainpp.o
                0x000000000800f338                vtable for geometry_msgs::Vector3
 .rodata._ZTVN8std_msgs5Int64E
                0x000000000800f350       0x18 ./Core/Src/mainpp.o
                0x000000000800f350                vtable for std_msgs::Int64
 .rodata._ZTVN3ros11Subscriber_E
                0x000000000800f368       0x18 ./Core/Src/mainpp.o
                0x000000000800f368                vtable for ros::Subscriber_
 .rodata._ZTVN3ros15NodeHandleBase_E
                0x000000000800f380       0x14 ./Core/Src/mainpp.o
                0x000000000800f380                vtable for ros::NodeHandleBase_
 .rodata._ZTVN14rosserial_msgs20RequestParamResponseE
                0x000000000800f394       0x18 ./Core/Src/mainpp.o
                0x000000000800f394                vtable for rosserial_msgs::RequestParamResponse
 .rodata._ZTVN14rosserial_msgs3LogE
                0x000000000800f3ac       0x18 ./Core/Src/mainpp.o
                0x000000000800f3ac                vtable for rosserial_msgs::Log
 .rodata._ZTVN14rosserial_msgs9TopicInfoE
                0x000000000800f3c4       0x18 ./Core/Src/mainpp.o
                0x000000000800f3c4                vtable for rosserial_msgs::TopicInfo
 .rodata._ZTVN8std_msgs4TimeE
                0x000000000800f3dc       0x18 ./Core/Src/mainpp.o
                0x000000000800f3dc                vtable for std_msgs::Time
 .rodata._ZTVN3ros3MsgE
                0x000000000800f3f4       0x18 ./Core/Src/mainpp.o
                0x000000000800f3f4                vtable for ros::Msg
 .rodata.D1CorePrescTable
                0x000000000800f40c       0x10 ./Core/Src/system_stm32h7xx.o
                0x000000000800f40c                D1CorePrescTable
 .rodata.flagBitshiftOffset.0
                0x000000000800f41c        0x8 ./Drivers/STM32H7xx_HAL_Driver/Src/stm32h7xx_hal_dma.o
 .rodata.UARTPrescTable
                0x000000000800f424       0x18 ./Drivers/STM32H7xx_HAL_Driver/Src/stm32h7xx_hal_uart.o
                0x000000000800f424                UARTPrescTable
 .rodata.numerator.1
                0x000000000800f43c        0x8 ./Drivers/STM32H7xx_HAL_Driver/Src/stm32h7xx_hal_uart_ex.o
 .rodata.denominator.0
                0x000000000800f444        0x8 ./Drivers/STM32H7xx_HAL_Driver/Src/stm32h7xx_hal_uart_ex.o
                0x000000000800f44c                . = ALIGN (0x4)

.ARM.extab
 *(.ARM.extab* .gnu.linkonce.armextab.*)

.ARM            0x000000000800f44c        0x8
                0x000000000800f44c                __exidx_start = .
 *(.ARM.exidx*)
 .ARM.exidx     0x000000000800f44c        0x8 /opt/st/stm32cubeide_1.10.1/plugins/com.st.stm32cube.ide.mcu.externaltools.gnu-tools-for-stm32.10.3-2021.10.linux64_1.0.0.202111181127/tools/bin/../lib/gcc/arm-none-eabi/10.3.1/thumb/v7e-m+dp/hard/libgcc.a(_udivmoddi4.o)
                0x000000000800f454                __exidx_end = .

.rel.dyn        0x000000000800f454        0x0
 .rel.iplt      0x000000000800f454        0x0 /opt/st/stm32cubeide_1.10.1/plugins/com.st.stm32cube.ide.mcu.externaltools.gnu-tools-for-stm32.10.3-2021.10.linux64_1.0.0.202111181127/tools/bin/../lib/gcc/arm-none-eabi/10.3.1/thumb/v7e-m+dp/hard/crtbegin.o

.preinit_array  0x000000000800f454        0x0
                0x000000000800f454                PROVIDE (__preinit_array_start = .)
 *(.preinit_array*)
                0x000000000800f454                PROVIDE (__preinit_array_end = .)

.init_array     0x000000000800f454        0x8
                0x000000000800f454                PROVIDE (__init_array_start = .)
 *(SORT_BY_NAME(.init_array.*))
 *(.init_array*)
 .init_array    0x000000000800f454        0x4 /opt/st/stm32cubeide_1.10.1/plugins/com.st.stm32cube.ide.mcu.externaltools.gnu-tools-for-stm32.10.3-2021.10.linux64_1.0.0.202111181127/tools/bin/../lib/gcc/arm-none-eabi/10.3.1/thumb/v7e-m+dp/hard/crtbegin.o
 .init_array    0x000000000800f458        0x4 ./Core/Src/mainpp.o
                0x000000000800f45c                PROVIDE (__init_array_end = .)

.fini_array     0x000000000800f45c        0x4
                [!provide]                        PROVIDE (__fini_array_start = .)
 *(SORT_BY_NAME(.fini_array.*))
 *(.fini_array*)
 .fini_array    0x000000000800f45c        0x4 /opt/st/stm32cubeide_1.10.1/plugins/com.st.stm32cube.ide.mcu.externaltools.gnu-tools-for-stm32.10.3-2021.10.linux64_1.0.0.202111181127/tools/bin/../lib/gcc/arm-none-eabi/10.3.1/thumb/v7e-m+dp/hard/crtbegin.o
                [!provide]                        PROVIDE (__fini_array_end = .)
                0x000000000800f460                _sidata = LOADADDR (.data)

.data           0x0000000024000000       0x78 load address 0x000000000800f460
                0x0000000024000000                . = ALIGN (0x4)
                0x0000000024000000                _sdata = .
 *(.data)
 *(.data*)
 .data.SystemCoreClock
                0x0000000024000000        0x4 ./Core/Src/system_stm32h7xx.o
                0x0000000024000000                SystemCoreClock
 .data.SystemD2Clock
                0x0000000024000004        0x4 ./Core/Src/system_stm32h7xx.o
                0x0000000024000004                SystemD2Clock
 .data.uwTickPrio
                0x0000000024000008        0x4 ./Drivers/STM32H7xx_HAL_Driver/Src/stm32h7xx_hal.o
                0x0000000024000008                uwTickPrio
 .data.uwTickFreq
                0x000000002400000c        0x1 ./Drivers/STM32H7xx_HAL_Driver/Src/stm32h7xx_hal.o
                0x000000002400000c                uwTickFreq
 *fill*         0x000000002400000d        0x3 
 .data._ZN10__cxxabiv119__terminate_handlerE
                0x0000000024000010        0x4 /opt/st/stm32cubeide_1.10.1/plugins/com.st.stm32cube.ide.mcu.externaltools.gnu-tools-for-stm32.10.3-2021.10.linux64_1.0.0.202111181127/tools/bin/../lib/gcc/arm-none-eabi/10.3.1/../../../../arm-none-eabi/lib/thumb/v7e-m+dp/hard/libstdc++_nano.a(eh_term_handler.o)
                0x0000000024000010                __cxxabiv1::__terminate_handler
 .data._impure_ptr
                0x0000000024000014        0x4 /opt/st/stm32cubeide_1.10.1/plugins/com.st.stm32cube.ide.mcu.externaltools.gnu-tools-for-stm32.10.3-2021.10.linux64_1.0.0.202111181127/tools/bin/../lib/gcc/arm-none-eabi/10.3.1/../../../../arm-none-eabi/lib/thumb/v7e-m+dp/hard/libc_nano.a(lib_a-impure.o)
                0x0000000024000014                _impure_ptr
 .data.impure_data
                0x0000000024000018       0x60 /opt/st/stm32cubeide_1.10.1/plugins/com.st.stm32cube.ide.mcu.externaltools.gnu-tools-for-stm32.10.3-2021.10.linux64_1.0.0.202111181127/tools/bin/../lib/gcc/arm-none-eabi/10.3.1/../../../../arm-none-eabi/lib/thumb/v7e-m+dp/hard/libc_nano.a(lib_a-impure.o)
 *(.RamFunc)
 *(.RamFunc*)
                0x0000000024000078                . = ALIGN (0x4)
                0x0000000024000078                _edata = .

.igot.plt       0x0000000024000078        0x0 load address 0x000000000800f4d8
 .igot.plt      0x0000000024000078        0x0 /opt/st/stm32cubeide_1.10.1/plugins/com.st.stm32cube.ide.mcu.externaltools.gnu-tools-for-stm32.10.3-2021.10.linux64_1.0.0.202111181127/tools/bin/../lib/gcc/arm-none-eabi/10.3.1/thumb/v7e-m+dp/hard/crtbegin.o
                0x0000000024000078                . = ALIGN (0x4)

.bss            0x0000000024000078     0x1c88 load address 0x000000000800f4d8
                0x0000000024000078                _sbss = .
                0x0000000024000078                __bss_start__ = _sbss
 *(.bss)
 .bss           0x0000000024000078       0x1c /opt/st/stm32cubeide_1.10.1/plugins/com.st.stm32cube.ide.mcu.externaltools.gnu-tools-for-stm32.10.3-2021.10.linux64_1.0.0.202111181127/tools/bin/../lib/gcc/arm-none-eabi/10.3.1/thumb/v7e-m+dp/hard/crtbegin.o
 *(.bss*)
 .bss.htim1     0x0000000024000094       0x4c ./Core/Src/main.o
                0x0000000024000094                htim1
 .bss.htim2     0x00000000240000e0       0x4c ./Core/Src/main.o
                0x00000000240000e0                htim2
 .bss.htim3     0x000000002400012c       0x4c ./Core/Src/main.o
                0x000000002400012c                htim3
 .bss.htim4     0x0000000024000178       0x4c ./Core/Src/main.o
                0x0000000024000178                htim4
 .bss.htim5     0x00000000240001c4       0x4c ./Core/Src/main.o
                0x00000000240001c4                htim5
 .bss.htim6     0x0000000024000210       0x4c ./Core/Src/main.o
                0x0000000024000210                htim6
 .bss.htim7     0x000000002400025c       0x4c ./Core/Src/main.o
                0x000000002400025c                htim7
 .bss.htim8     0x00000000240002a8       0x4c ./Core/Src/main.o
                0x00000000240002a8                htim8
 .bss.htim15    0x00000000240002f4       0x4c ./Core/Src/main.o
                0x00000000240002f4                htim15
 .bss.htim23    0x0000000024000340       0x4c ./Core/Src/main.o
                0x0000000024000340                htim23
 .bss.htim24    0x000000002400038c       0x4c ./Core/Src/main.o
                0x000000002400038c                htim24
 .bss.huart3    0x00000000240003d8       0x90 ./Core/Src/main.o
                0x00000000240003d8                huart3
 .bss.hdma_usart3_rx
                0x0000000024000468       0x78 ./Core/Src/main.o
                0x0000000024000468                hdma_usart3_rx
 .bss.hdma_usart3_tx
                0x00000000240004e0       0x78 ./Core/Src/main.o
                0x00000000240004e0                hdma_usart3_tx
 .bss.PV1       0x0000000024000558        0x8 ./Core/Src/main.o
                0x0000000024000558                PV1
 .bss.PV2       0x0000000024000560        0x8 ./Core/Src/main.o
                0x0000000024000560                PV2
 .bss.PV3       0x0000000024000568        0x8 ./Core/Src/main.o
                0x0000000024000568                PV3
 .bss.PV4       0x0000000024000570        0x8 ./Core/Src/main.o
                0x0000000024000570                PV4
 .bss.SP1       0x0000000024000578        0x8 ./Core/Src/main.o
                0x0000000024000578                SP1
 .bss.SP2       0x0000000024000580        0x8 ./Core/Src/main.o
                0x0000000024000580                SP2
 .bss.SP3       0x0000000024000588        0x8 ./Core/Src/main.o
                0x0000000024000588                SP3
 .bss.SP4       0x0000000024000590        0x8 ./Core/Src/main.o
                0x0000000024000590                SP4
 .bss.error1    0x0000000024000598        0x8 ./Core/Src/main.o
                0x0000000024000598                error1
 .bss.error2    0x00000000240005a0        0x8 ./Core/Src/main.o
                0x00000000240005a0                error2
 .bss.error3    0x00000000240005a8        0x8 ./Core/Src/main.o
                0x00000000240005a8                error3
 .bss.error4    0x00000000240005b0        0x8 ./Core/Src/main.o
                0x00000000240005b0                error4
 .bss.enc1      0x00000000240005b8        0x2 ./Core/Src/main.o
                0x00000000240005b8                enc1
 .bss.enc2      0x00000000240005ba        0x2 ./Core/Src/main.o
                0x00000000240005ba                enc2
 .bss.enc3      0x00000000240005bc        0x2 ./Core/Src/main.o
                0x00000000240005bc                enc3
 .bss.enc4      0x00000000240005be        0x2 ./Core/Src/main.o
                0x00000000240005be                enc4
 .bss.Kp1       0x00000000240005c0        0x8 ./Core/Src/main.o
                0x00000000240005c0                Kp1
 .bss.Kp2       0x00000000240005c8        0x8 ./Core/Src/main.o
                0x00000000240005c8                Kp2
 .bss.Kp3       0x00000000240005d0        0x8 ./Core/Src/main.o
                0x00000000240005d0                Kp3
 .bss.Kp4       0x00000000240005d8        0x8 ./Core/Src/main.o
                0x00000000240005d8                Kp4
 .bss.Ki1       0x00000000240005e0        0x8 ./Core/Src/main.o
                0x00000000240005e0                Ki1
 .bss.Ki2       0x00000000240005e8        0x8 ./Core/Src/main.o
                0x00000000240005e8                Ki2
 .bss.Ki3       0x00000000240005f0        0x8 ./Core/Src/main.o
                0x00000000240005f0                Ki3
 .bss.Ki4       0x00000000240005f8        0x8 ./Core/Src/main.o
                0x00000000240005f8                Ki4
 .bss.ut1       0x0000000024000600        0x8 ./Core/Src/main.o
                0x0000000024000600                ut1
 .bss.ut2       0x0000000024000608        0x8 ./Core/Src/main.o
                0x0000000024000608                ut2
 .bss.ut3       0x0000000024000610        0x8 ./Core/Src/main.o
                0x0000000024000610                ut3
 .bss.ut4       0x0000000024000618        0x8 ./Core/Src/main.o
                0x0000000024000618                ut4
 .bss.error_last1
                0x0000000024000620        0x8 ./Core/Src/main.o
                0x0000000024000620                error_last1
 .bss.error_last2
                0x0000000024000628        0x8 ./Core/Src/main.o
                0x0000000024000628                error_last2
 .bss.error_last3
                0x0000000024000630        0x8 ./Core/Src/main.o
                0x0000000024000630                error_last3
 .bss.error_last4
                0x0000000024000638        0x8 ./Core/Src/main.o
                0x0000000024000638                error_last4
 .bss.errorsum1
                0x0000000024000640        0x8 ./Core/Src/main.o
                0x0000000024000640                errorsum1
 .bss.errorsum2
                0x0000000024000648        0x8 ./Core/Src/main.o
                0x0000000024000648                errorsum2
 .bss.errorsum3
                0x0000000024000650        0x8 ./Core/Src/main.o
                0x0000000024000650                errorsum3
 .bss.errorsum4
                0x0000000024000658        0x8 ./Core/Src/main.o
                0x0000000024000658                errorsum4
 .bss.n         0x0000000024000660        0x4 ./Core/Src/main.o
                0x0000000024000660                n
 .bss.kkk       0x0000000024000664        0x4 ./Core/Src/main.o
                0x0000000024000664                kkk
 .bss.count     0x0000000024000668        0x4 ./Core/Src/main.o
                0x0000000024000668                count
 *fill*         0x000000002400066c        0x4 
 .bss.lx        0x0000000024000670        0x8 ./Core/Src/main.o
                0x0000000024000670                lx
 .bss.ly        0x0000000024000678        0x8 ./Core/Src/main.o
                0x0000000024000678                ly
 .bss.r         0x0000000024000680        0x8 ./Core/Src/main.o
                0x0000000024000680                r
 .bss.get_vel_x
                0x0000000024000688        0x8 ./Core/Src/main.o
                0x0000000024000688                get_vel_x
 .bss.get_vel_y
                0x0000000024000690        0x8 ./Core/Src/main.o
                0x0000000024000690                get_vel_y
 .bss.get_vel_z
                0x0000000024000698        0x8 ./Core/Src/main.o
                0x0000000024000698                get_vel_z
 .bss.push_vel_x
                0x00000000240006a0        0x8 ./Core/Src/main.o
                0x00000000240006a0                push_vel_x
 .bss.push_vel_y
                0x00000000240006a8        0x8 ./Core/Src/main.o
                0x00000000240006a8                push_vel_y
 .bss.push_vel_z
                0x00000000240006b0        0x8 ./Core/Src/main.o
                0x00000000240006b0                push_vel_z
 .bss.gear      0x00000000240006b8        0x4 ./Core/Src/main.o
                0x00000000240006b8                gear
 .bss._ZZN13STM32Hardware5flushEvE5mutex
                0x00000000240006bc        0x1 ./Core/Src/mainpp.o
                0x00000000240006bc                STM32Hardware::flush()::mutex
 *fill*         0x00000000240006bd        0x3 
 .bss.pub_out_msg
                0x00000000240006c0       0x48 ./Core/Src/mainpp.o
                0x00000000240006c0                pub_out_msg
 .bss.nh        0x0000000024000708     0x153c ./Core/Src/mainpp.o
                0x0000000024000708                nh
 *fill*         0x0000000024001c44        0x4 
 .bss.sub_vel   0x0000000024001c48       0x60 ./Core/Src/mainpp.o
                0x0000000024001c48                sub_vel
 .bss.pub_vel   0x0000000024001ca8       0x14 ./Core/Src/mainpp.o
                0x0000000024001ca8                pub_vel
 *fill*         0x0000000024001cbc        0x4 
 .bss.sub       0x0000000024001cc0       0x28 ./Core/Src/mainpp.o
                0x0000000024001cc0                sub
 .bss.__sbrk_heap_end
                0x0000000024001ce8        0x4 ./Core/Src/sysmem.o
 .bss.uwTick    0x0000000024001cec        0x4 ./Drivers/STM32H7xx_HAL_Driver/Src/stm32h7xx_hal.o
                0x0000000024001cec                uwTick
 .bss.__malloc_free_list
                0x0000000024001cf0        0x4 /opt/st/stm32cubeide_1.10.1/plugins/com.st.stm32cube.ide.mcu.externaltools.gnu-tools-for-stm32.10.3-2021.10.linux64_1.0.0.202111181127/tools/bin/../lib/gcc/arm-none-eabi/10.3.1/../../../../arm-none-eabi/lib/thumb/v7e-m+dp/hard/libc_nano.a(lib_a-nano-mallocr.o)
                0x0000000024001cf0                __malloc_free_list
 .bss.__malloc_sbrk_start
                0x0000000024001cf4        0x4 /opt/st/stm32cubeide_1.10.1/plugins/com.st.stm32cube.ide.mcu.externaltools.gnu-tools-for-stm32.10.3-2021.10.linux64_1.0.0.202111181127/tools/bin/../lib/gcc/arm-none-eabi/10.3.1/../../../../arm-none-eabi/lib/thumb/v7e-m+dp/hard/libc_nano.a(lib_a-nano-mallocr.o)
                0x0000000024001cf4                __malloc_sbrk_start
 .bss.errno     0x0000000024001cf8        0x4 /opt/st/stm32cubeide_1.10.1/plugins/com.st.stm32cube.ide.mcu.externaltools.gnu-tools-for-stm32.10.3-2021.10.linux64_1.0.0.202111181127/tools/bin/../lib/gcc/arm-none-eabi/10.3.1/../../../../arm-none-eabi/lib/thumb/v7e-m+dp/hard/libc_nano.a(lib_a-reent.o)
                0x0000000024001cf8                errno
 .bss.__lock___malloc_recursive_mutex
                0x0000000024001cfc        0x1 /opt/st/stm32cubeide_1.10.1/plugins/com.st.stm32cube.ide.mcu.externaltools.gnu-tools-for-stm32.10.3-2021.10.linux64_1.0.0.202111181127/tools/bin/../lib/gcc/arm-none-eabi/10.3.1/../../../../arm-none-eabi/lib/thumb/v7e-m+dp/hard/libc_nano.a(lib_a-lock.o)
                0x0000000024001cfc                __lock___malloc_recursive_mutex
 *(COMMON)
                0x0000000024001d00                . = ALIGN (0x4)
 *fill*         0x0000000024001cfd        0x3 
                0x0000000024001d00                _ebss = .
                0x0000000024001d00                __bss_end__ = _ebss

._user_heap_stack
                0x0000000024001d00      0x600 load address 0x000000000800f4d8
                0x0000000024001d00                . = ALIGN (0x8)
                [!provide]                        PROVIDE (end = .)
                0x0000000024001d00                PROVIDE (_end = .)
                0x0000000024001f00                . = (. + _Min_Heap_Size)
 *fill*         0x0000000024001d00      0x200 
                0x0000000024002300                . = (. + _Min_Stack_Size)
 *fill*         0x0000000024001f00      0x400 
                0x0000000024002300                . = ALIGN (0x8)

/DISCARD/
 libc.a(*)
 libm.a(*)
 libgcc.a(*)

.ARM.attributes
                0x0000000000000000       0x2e
 *(.ARM.attributes)
 .ARM.attributes
                0x0000000000000000       0x1e /opt/st/stm32cubeide_1.10.1/plugins/com.st.stm32cube.ide.mcu.externaltools.gnu-tools-for-stm32.10.3-2021.10.linux64_1.0.0.202111181127/tools/bin/../lib/gcc/arm-none-eabi/10.3.1/thumb/v7e-m+dp/hard/crti.o
 .ARM.attributes
                0x000000000000001e       0x32 /opt/st/stm32cubeide_1.10.1/plugins/com.st.stm32cube.ide.mcu.externaltools.gnu-tools-for-stm32.10.3-2021.10.linux64_1.0.0.202111181127/tools/bin/../lib/gcc/arm-none-eabi/10.3.1/thumb/v7e-m+dp/hard/crtbegin.o
 .ARM.attributes
                0x0000000000000050       0x32 ./Core/Inc/time.o
 .ARM.attributes
                0x0000000000000082       0x32 ./Core/Src/main.o
 .ARM.attributes