../Core/Src/main.c:121:5:main	8	static
../Core/Src/main.c:217:6:SystemClock_Config	120	static
../Core/Src/main.c:277:13:MX_ETH_Init	8	static
../Core/Src/main.c:326:13:MX_TIM1_Init	104	static
../Core/Src/main.c:396:13:MX_TIM2_Init	40	static
../Core/Src/main.c:441:13:MX_TIM3_Init	56	static
../Core/Src/main.c:490:13:MX_TIM4_Init	48	static
../Core/Src/main.c:539:13:MX_TIM5_Init	48	static
../Core/Src/main.c:588:13:MX_TIM6_Init	24	static
../Core/Src/main.c:630:13:MX_TIM7_Init	24	static
../Core/Src/main.c:668:13:MX_TIM8_Init	56	static
../Core/Src/main.c:719:13:MX_TIM15_Init	104	static
../Core/Src/main.c:785:13:MX_TIM23_Init	56	static
../Core/Src/main.c:834:13:MX_TIM24_Init	56	static
../Core/Src/main.c:883:13:MX_USART3_UART_Init	8	static
../Core/Src/main.c:931:13:MX_USB_OTG_HS_USB_Init	4	static
../Core/Src/main.c:952:13:MX_GPIO_Init	64	static
../Core/Src/main.c:1074:6:HAL_TIM_PeriodElapsedCallback	16	static
../Core/Src/main.c:1235:6:Error_Handler	4	static,ignoring_inline_asm
