../Core/Src/main.c:104:5:main	8	static
../Core/Src/main.c:204:6:SystemClock_Config	120	static
../Core/Src/main.c:263:13:MX_TIM1_Init	104	static
../Core/Src/main.c:333:13:MX_TIM2_Init	40	static
../Core/Src/main.c:378:13:MX_TIM3_Init	56	static
../Core/Src/main.c:427:13:MX_TIM4_Init	48	static
../Core/Src/main.c:476:13:MX_TIM5_Init	48	static
../Core/Src/main.c:525:13:MX_TIM6_Init	24	static
../Core/Src/main.c:567:13:MX_TIM7_Init	24	static
../Core/Src/main.c:605:13:MX_TIM8_Init	56	static
../Core/Src/main.c:656:13:MX_TIM15_Init	104	static
../Core/Src/main.c:722:13:MX_TIM23_Init	56	static
../Core/Src/main.c:771:13:MX_TIM24_Init	56	static
../Core/Src/main.c:820:13:MX_USART3_UART_Init	8	static
../Core/Src/main.c:866:13:MX_DMA_Init	16	static
../Core/Src/main.c:887:13:MX_GPIO_Init	64	static
../Core/Src/main.c:1035:6:HAL_TIM_PeriodElapsedCallback	16	static
../Core/Src/main.c:1205:6:Error_Handler	4	static,ignoring_inline_asm
