../Core/Src/main.c:112:5:main	8	static
../Core/Src/main.c:218:6:SystemClock_Config	120	static
../Core/Src/main.c:277:13:MX_TIM1_Init	104	static
../Core/Src/main.c:347:13:MX_TIM2_Init	40	static
../Core/Src/main.c:392:13:MX_TIM3_Init	56	static
../Core/Src/main.c:441:13:MX_TIM4_Init	48	static
../Core/Src/main.c:490:13:MX_TIM5_Init	48	static
../Core/Src/main.c:539:13:MX_TIM6_Init	24	static
../Core/Src/main.c:581:13:MX_TIM7_Init	24	static
../Core/Src/main.c:619:13:MX_TIM8_Init	56	static
../Core/Src/main.c:670:13:MX_TIM15_Init	104	static
../Core/Src/main.c:736:13:MX_TIM23_Init	56	static
../Core/Src/main.c:785:13:MX_TIM24_Init	56	static
../Core/Src/main.c:834:13:MX_USART3_UART_Init	8	static
../Core/Src/main.c:880:13:MX_DMA_Init	16	static
../Core/Src/main.c:901:13:MX_GPIO_Init	64	static
../Core/Src/main.c:1038:6:HAL_TIM_PeriodElapsedCallback	16	static
../Core/Src/main.c:1218:6:Error_Handler	4	static,ignoring_inline_asm
