../Core/Src/main.c:112:5:main	8	static
../Core/Src/main.c:219:6:SystemClock_Config	120	static
../Core/Src/main.c:278:13:MX_TIM1_Init	104	static
../Core/Src/main.c:348:13:MX_TIM2_Init	40	static
../Core/Src/main.c:393:13:MX_TIM3_Init	56	static
../Core/Src/main.c:442:13:MX_TIM4_Init	48	static
../Core/Src/main.c:491:13:MX_TIM5_Init	48	static
../Core/Src/main.c:540:13:MX_TIM6_Init	24	static
../Core/Src/main.c:582:13:MX_TIM7_Init	24	static
../Core/Src/main.c:620:13:MX_TIM8_Init	56	static
../Core/Src/main.c:671:13:MX_TIM15_Init	104	static
../Core/Src/main.c:737:13:MX_TIM23_Init	56	static
../Core/Src/main.c:786:13:MX_TIM24_Init	56	static
../Core/Src/main.c:835:13:MX_USART3_UART_Init	8	static
../Core/Src/main.c:881:13:MX_DMA_Init	16	static
../Core/Src/main.c:902:13:MX_GPIO_Init	64	static
../Core/Src/main.c:1039:6:HAL_TIM_PeriodElapsedCallback	16	static
../Core/Src/main.c:1224:6:Error_Handler	4	static,ignoring_inline_asm
